10:11:10 **** Rebuild of configuration Debug for project F401_cv1 ****
Info: Internal Builder is used for build
arm-atollic-eabi-gcc -c -mthumb -mcpu=cortex-m4 -mfloat-abi=hard -mfpu=fpv4-sp-d16 -std=gnu11 -DSTM32F4XX -DSTM32F40XX -DUSE_STDPERIPH_DRIVER -I../src -I..\Libraries\CMSIS\Include -I..\Libraries\Device\STM32F4xx\Include -I..\Libraries\STM32F4xx_StdPeriph_Driver\inc -O0 -ffunction-sections -fdata-sections -g -Wall -o Libraries\STM32F4xx_StdPeriph_Driver\src\stm32f4xx_can.o ..\Libraries\STM32F4xx_StdPeriph_Driver\src\stm32f4xx_can.c 
arm-atollic-eabi-gcc -c -mthumb -mcpu=cortex-m4 -mfloat-abi=hard -mfpu=fpv4-sp-d16 -std=gnu11 -DSTM32F4XX -DSTM32F40XX -DUSE_STDPERIPH_DRIVER -I../src -I..\Libraries\CMSIS\Include -I..\Libraries\Device\STM32F4xx\Include -I..\Libraries\STM32F4xx_StdPeriph_Driver\inc -O0 -ffunction-sections -fdata-sections -g -Wall -o Libraries\STM32F4xx_StdPeriph_Driver\src\stm32f4xx_rcc.o ..\Libraries\STM32F4xx_StdPeriph_Driver\src\stm32f4xx_rcc.c 
arm-atollic-eabi-gcc -c -mthumb -mcpu=cortex-m4 -mfloat-abi=hard -mfpu=fpv4-sp-d16 -std=gnu11 -DSTM32F4XX -DSTM32F40XX -DUSE_STDPERIPH_DRIVER -I../src -I..\Libraries\CMSIS\Include -I..\Libraries\Device\STM32F4xx\Include -I..\Libraries\STM32F4xx_StdPeriph_Driver\inc -O0 -ffunction-sections -fdata-sections -g -Wall -o Libraries\STM32F4xx_StdPeriph_Driver\src\stm32f4xx_dac.o ..\Libraries\STM32F4xx_StdPeriph_Driver\src\stm32f4xx_dac.c 
arm-atollic-eabi-gcc -c -mthumb -mcpu=cortex-m4 -mfloat-abi=hard -mfpu=fpv4-sp-d16 -std=gnu11 -DSTM32F4XX -DSTM32F40XX -DUSE_STDPERIPH_DRIVER -I../src -I..\Libraries\CMSIS\Include -I..\Libraries\Device\STM32F4xx\Include -I..\Libraries\STM32F4xx_StdPeriph_Driver\inc -O0 -ffunction-sections -fdata-sections -g -Wall -o Libraries\STM32F4xx_StdPeriph_Driver\src\stm32f4xx_dma.o ..\Libraries\STM32F4xx_StdPeriph_Driver\src\stm32f4xx_dma.c 
arm-atollic-eabi-gcc -c -mthumb -mcpu=cortex-m4 -mfloat-abi=hard -mfpu=fpv4-sp-d16 -std=gnu11 -DSTM32F4XX -DSTM32F40XX -DUSE_STDPERIPH_DRIVER -I../src -I..\Libraries\CMSIS\Include -I..\Libraries\Device\STM32F4xx\Include -I..\Libraries\STM32F4xx_StdPeriph_Driver\inc -O0 -ffunction-sections -fdata-sections -g -Wall -o Libraries\STM32F4xx_StdPeriph_Driver\src\stm32f4xx_hash_sha1.o ..\Libraries\STM32F4xx_StdPeriph_Driver\src\stm32f4xx_hash_sha1.c 
arm-atollic-eabi-gcc -c -mthumb -mcpu=cortex-m4 -mfloat-abi=hard -mfpu=fpv4-sp-d16 -std=gnu11 -DSTM32F4XX -DSTM32F40XX -DUSE_STDPERIPH_DRIVER -I../src -I..\Libraries\CMSIS\Include -I..\Libraries\Device\STM32F4xx\Include -I..\Libraries\STM32F4xx_StdPeriph_Driver\inc -O0 -ffunction-sections -fdata-sections -g -Wall -o Libraries\STM32F4xx_StdPeriph_Driver\src\stm32f4xx_cryp_aes.o ..\Libraries\STM32F4xx_StdPeriph_Driver\src\stm32f4xx_cryp_aes.c 
arm-atollic-eabi-gcc -c -mthumb -mcpu=cortex-m4 -mfloat-abi=hard -mfpu=fpv4-sp-d16 -std=gnu11 -DSTM32F4XX -DSTM32F40XX -DUSE_STDPERIPH_DRIVER -I../src -I..\Libraries\CMSIS\Include -I..\Libraries\Device\STM32F4xx\Include -I..\Libraries\STM32F4xx_StdPeriph_Driver\inc -O0 -ffunction-sections -fdata-sections -g -Wall -o Libraries\STM32F4xx_StdPeriph_Driver\src\stm32f4xx_sdio.o ..\Libraries\STM32F4xx_StdPeriph_Driver\src\stm32f4xx_sdio.c 
arm-atollic-eabi-gcc -c -mthumb -mcpu=cortex-m4 -mfloat-abi=hard -mfpu=fpv4-sp-d16 -std=gnu11 -DSTM32F4XX -DSTM32F40XX -DUSE_STDPERIPH_DRIVER -I../src -I..\Libraries\CMSIS\Include -I..\Libraries\Device\STM32F4xx\Include -I..\Libraries\STM32F4xx_StdPeriph_Driver\inc -O0 -ffunction-sections -fdata-sections -g -Wall -o Libraries\STM32F4xx_StdPeriph_Driver\src\stm32f4xx_hash_md5.o ..\Libraries\STM32F4xx_StdPeriph_Driver\src\stm32f4xx_hash_md5.c 
arm-atollic-eabi-gcc -c -mthumb -mcpu=cortex-m4 -mfloat-abi=hard -mfpu=fpv4-sp-d16 -std=gnu11 -DSTM32F4XX -DSTM32F40XX -DUSE_STDPERIPH_DRIVER -I../src -I..\Libraries\CMSIS\Include -I..\Libraries\Device\STM32F4xx\Include -I..\Libraries\STM32F4xx_StdPeriph_Driver\inc -O0 -ffunction-sections -fdata-sections -g -Wall -o Libraries\STM32F4xx_StdPeriph_Driver\src\stm32f4xx_tim.o ..\Libraries\STM32F4xx_StdPeriph_Driver\src\stm32f4xx_tim.c 
arm-atollic-eabi-gcc -c -mthumb -mcpu=cortex-m4 -mfloat-abi=hard -mfpu=fpv4-sp-d16 -std=gnu11 -DSTM32F4XX -DSTM32F40XX -DUSE_STDPERIPH_DRIVER -I../src -I..\Libraries\CMSIS\Include -I..\Libraries\Device\STM32F4xx\Include -I..\Libraries\STM32F4xx_StdPeriph_Driver\inc -O0 -ffunction-sections -fdata-sections -g -Wall -o src\main.o ..\src\main.c 
arm-atollic-eabi-gcc -c -mthumb -mcpu=cortex-m4 -mfloat-abi=hard -mfpu=fpv4-sp-d16 -std=gnu11 -DSTM32F4XX -DSTM32F40XX -DUSE_STDPERIPH_DRIVER -I../src -I..\Libraries\CMSIS\Include -I..\Libraries\Device\STM32F4xx\Include -I..\Libraries\STM32F4xx_StdPeriph_Driver\inc -O0 -ffunction-sections -fdata-sections -g -Wall -o src\system_stm32f4xx.o ..\src\system_stm32f4xx.c 
arm-atollic-eabi-gcc -c -mthumb -mcpu=cortex-m4 -mfloat-abi=hard -mfpu=fpv4-sp-d16 -std=gnu11 -DSTM32F4XX -DSTM32F40XX -DUSE_STDPERIPH_DRIVER -I../src -I..\Libraries\CMSIS\Include -I..\Libraries\Device\STM32F4xx\Include -I..\Libraries\STM32F4xx_StdPeriph_Driver\inc -O0 -ffunction-sections -fdata-sections -g -Wall -o Libraries\STM32F4xx_StdPeriph_Driver\src\stm32f4xx_crc.o ..\Libraries\STM32F4xx_StdPeriph_Driver\src\stm32f4xx_crc.c 
arm-atollic-eabi-gcc -c -mthumb -mcpu=cortex-m4 -mfloat-abi=hard -mfpu=fpv4-sp-d16 -std=gnu11 -DSTM32F4XX -DSTM32F40XX -DUSE_STDPERIPH_DRIVER -I../src -I..\Libraries\CMSIS\Include -I..\Libraries\Device\STM32F4xx\Include -I..\Libraries\STM32F4xx_StdPeriph_Driver\inc -O0 -ffunction-sections -fdata-sections -g -Wall -o Libraries\STM32F4xx_StdPeriph_Driver\src\stm32f4xx_dbgmcu.o ..\Libraries\STM32F4xx_StdPeriph_Driver\src\stm32f4xx_dbgmcu.c 
arm-atollic-eabi-gcc -c -mthumb -mcpu=cortex-m4 -mfloat-abi=hard -mfpu=fpv4-sp-d16 -std=gnu11 -DSTM32F4XX -DSTM32F40XX -DUSE_STDPERIPH_DRIVER -I../src -I..\Libraries\CMSIS\Include -I..\Libraries\Device\STM32F4xx\Include -I..\Libraries\STM32F4xx_StdPeriph_Driver\inc -O0 -ffunction-sections -fdata-sections -g -Wall -o Libraries\STM32F4xx_StdPeriph_Driver\src\stm32f4xx_hash.o ..\Libraries\STM32F4xx_StdPeriph_Driver\src\stm32f4xx_hash.c 
arm-atollic-eabi-gcc -c -mthumb -mcpu=cortex-m4 -mfloat-abi=hard -mfpu=fpv4-sp-d16 -g -Wa,--warn -x assembler-with-cpp -o src\startup_stm32f40xx.o ..\src\startup_stm32f40xx.s 
arm-atollic-eabi-gcc -c -mthumb -mcpu=cortex-m4 -mfloat-abi=hard -mfpu=fpv4-sp-d16 -std=gnu11 -DSTM32F4XX -DSTM32F40XX -DUSE_STDPERIPH_DRIVER -I../src -I..\Libraries\CMSIS\Include -I..\Libraries\Device\STM32F4xx\Include -I..\Libraries\STM32F4xx_StdPeriph_Driver\inc -O0 -ffunction-sections -fdata-sections -g -Wall -o src\stm32f4xx_it.o ..\src\stm32f4xx_it.c 
arm-atollic-eabi-gcc -c -mthumb -mcpu=cortex-m4 -mfloat-abi=hard -mfpu=fpv4-sp-d16 -std=gnu11 -DSTM32F4XX -DSTM32F40XX -DUSE_STDPERIPH_DRIVER -I../src -I..\Libraries\CMSIS\Include -I..\Libraries\Device\STM32F4xx\Include -I..\Libraries\STM32F4xx_StdPeriph_Driver\inc -O0 -ffunction-sections -fdata-sections -g -Wall -o Libraries\STM32F4xx_StdPeriph_Driver\src\stm32f4xx_rtc.o ..\Libraries\STM32F4xx_StdPeriph_Driver\src\stm32f4xx_rtc.c 
arm-atollic-eabi-gcc -c -mthumb -mcpu=cortex-m4 -mfloat-abi=hard -mfpu=fpv4-sp-d16 -std=gnu11 -DSTM32F4XX -DSTM32F40XX -DUSE_STDPERIPH_DRIVER -I../src -I..\Libraries\CMSIS\Include -I..\Libraries\Device\STM32F4xx\Include -I..\Libraries\STM32F4xx_StdPeriph_Driver\inc -O0 -ffunction-sections -fdata-sections -g -Wall -o Libraries\STM32F4xx_StdPeriph_Driver\src\stm32f4xx_dcmi.o ..\Libraries\STM32F4xx_StdPeriph_Driver\src\stm32f4xx_dcmi.c 
arm-atollic-eabi-gcc -c -mthumb -mcpu=cortex-m4 -mfloat-abi=hard -mfpu=fpv4-sp-d16 -std=gnu11 -DSTM32F4XX -DSTM32F40XX -DUSE_STDPERIPH_DRIVER -I../src -I..\Libraries\CMSIS\Include -I..\Libraries\Device\STM32F4xx\Include -I..\Libraries\STM32F4xx_StdPeriph_Driver\inc -O0 -ffunction-sections -fdata-sections -g -Wall -o Libraries\STM32F4xx_StdPeriph_Driver\src\misc.o ..\Libraries\STM32F4xx_StdPeriph_Driver\src\misc.c 
arm-atollic-eabi-gcc -c -mthumb -mcpu=cortex-m4 -mfloat-abi=hard -mfpu=fpv4-sp-d16 -std=gnu11 -DSTM32F4XX -DSTM32F40XX -DUSE_STDPERIPH_DRIVER -I../src -I..\Libraries\CMSIS\Include -I..\Libraries\Device\STM32F4xx\Include -I..\Libraries\STM32F4xx_StdPeriph_Driver\inc -O0 -ffunction-sections -fdata-sections -g -Wall -o Libraries\STM32F4xx_StdPeriph_Driver\src\stm32f4xx_adc.o ..\Libraries\STM32F4xx_StdPeriph_Driver\src\stm32f4xx_adc.c 
arm-atollic-eabi-gcc -c -mthumb -mcpu=cortex-m4 -mfloat-abi=hard -mfpu=fpv4-sp-d16 -std=gnu11 -DSTM32F4XX -DSTM32F40XX -DUSE_STDPERIPH_DRIVER -I../src -I..\Libraries\CMSIS\Include -I..\Libraries\Device\STM32F4xx\Include -I..\Libraries\STM32F4xx_StdPeriph_Driver\inc -O0 -ffunction-sections -fdata-sections -g -Wall -o Libraries\STM32F4xx_StdPeriph_Driver\src\stm32f4xx_flash.o ..\Libraries\STM32F4xx_StdPeriph_Driver\src\stm32f4xx_flash.c 
arm-atollic-eabi-gcc -c -mthumb -mcpu=cortex-m4 -mfloat-abi=hard -mfpu=fpv4-sp-d16 -std=gnu11 -DSTM32F4XX -DSTM32F40XX -DUSE_STDPERIPH_DRIVER -I../src -I..\Libraries\CMSIS\Include -I..\Libraries\Device\STM32F4xx\Include -I..\Libraries\STM32F4xx_StdPeriph_Driver\inc -O0 -ffunction-sections -fdata-sections -g -Wall -o Libraries\STM32F4xx_StdPeriph_Driver\src\stm32f4xx_i2c.o ..\Libraries\STM32F4xx_StdPeriph_Driver\src\stm32f4xx_i2c.c 
arm-atollic-eabi-gcc -c -mthumb -mcpu=cortex-m4 -mfloat-abi=hard -mfpu=fpv4-sp-d16 -std=gnu11 -DSTM32F4XX -DSTM32F40XX -DUSE_STDPERIPH_DRIVER -I../src -I..\Libraries\CMSIS\Include -I..\Libraries\Device\STM32F4xx\Include -I..\Libraries\STM32F4xx_StdPeriph_Driver\inc -O0 -ffunction-sections -fdata-sections -g -Wall -o Libraries\STM32F4xx_StdPeriph_Driver\src\stm32f4xx_rng.o ..\Libraries\STM32F4xx_StdPeriph_Driver\src\stm32f4xx_rng.c 
arm-atollic-eabi-gcc -c -mthumb -mcpu=cortex-m4 -mfloat-abi=hard -mfpu=fpv4-sp-d16 -std=gnu11 -DSTM32F4XX -DSTM32F40XX -DUSE_STDPERIPH_DRIVER -I../src -I..\Libraries\CMSIS\Include -I..\Libraries\Device\STM32F4xx\Include -I..\Libraries\STM32F4xx_StdPeriph_Driver\inc -O0 -ffunction-sections -fdata-sections -g -Wall -o Libraries\STM32F4xx_StdPeriph_Driver\src\stm32f4xx_cryp_des.o ..\Libraries\STM32F4xx_StdPeriph_Driver\src\stm32f4xx_cryp_des.c 
arm-atollic-eabi-gcc -c -mthumb -mcpu=cortex-m4 -mfloat-abi=hard -mfpu=fpv4-sp-d16 -std=gnu11 -DSTM32F4XX -DSTM32F40XX -DUSE_STDPERIPH_DRIVER -I../src -I..\Libraries\CMSIS\Include -I..\Libraries\Device\STM32F4xx\Include -I..\Libraries\STM32F4xx_StdPeriph_Driver\inc -O0 -ffunction-sections -fdata-sections -g -Wall -o Libraries\STM32F4xx_StdPeriph_Driver\src\stm32f4xx_spi.o ..\Libraries\STM32F4xx_StdPeriph_Driver\src\stm32f4xx_spi.c 
arm-atollic-eabi-gcc -c -mthumb -mcpu=cortex-m4 -mfloat-abi=hard -mfpu=fpv4-sp-d16 -std=gnu11 -DSTM32F4XX -DSTM32F40XX -DUSE_STDPERIPH_DRIVER -I../src -I..\Libraries\CMSIS\Include -I..\Libraries\Device\STM32F4xx\Include -I..\Libraries\STM32F4xx_StdPeriph_Driver\inc -O0 -ffunction-sections -fdata-sections -g -Wall -o Libraries\STM32F4xx_StdPeriph_Driver\src\stm32f4xx_pwr.o ..\Libraries\STM32F4xx_StdPeriph_Driver\src\stm32f4xx_pwr.c 
arm-atollic-eabi-gcc -c -mthumb -mcpu=cortex-m4 -mfloat-abi=hard -mfpu=fpv4-sp-d16 -std=gnu11 -DSTM32F4XX -DSTM32F40XX -DUSE_STDPERIPH_DRIVER -I../src -I..\Libraries\CMSIS\Include -I..\Libraries\Device\STM32F4xx\Include -I..\Libraries\STM32F4xx_StdPeriph_Driver\inc -O0 -ffunction-sections -fdata-sections -g -Wall -o Libraries\STM32F4xx_StdPeriph_Driver\src\stm32f4xx_gpio.o ..\Libraries\STM32F4xx_StdPeriph_Driver\src\stm32f4xx_gpio.c 
arm-atollic-eabi-gcc -c -mthumb -mcpu=cortex-m4 -mfloat-abi=hard -mfpu=fpv4-sp-d16 -std=gnu11 -DSTM32F4XX -DSTM32F40XX -DUSE_STDPERIPH_DRIVER -I../src -I..\Libraries\CMSIS\Include -I..\Libraries\Device\STM32F4xx\Include -I..\Libraries\STM32F4xx_StdPeriph_Driver\inc -O0 -ffunction-sections -fdata-sections -g -Wall -o Libraries\STM32F4xx_StdPeriph_Driver\src\stm32f4xx_syscfg.o ..\Libraries\STM32F4xx_StdPeriph_Driver\src\stm32f4xx_syscfg.c 
arm-atollic-eabi-gcc -c -mthumb -mcpu=cortex-m4 -mfloat-abi=hard -mfpu=fpv4-sp-d16 -std=gnu11 -DSTM32F4XX -DSTM32F40XX -DUSE_STDPERIPH_DRIVER -I../src -I..\Libraries\CMSIS\Include -I..\Libraries\Device\STM32F4xx\Include -I..\Libraries\STM32F4xx_StdPeriph_Driver\inc -O0 -ffunction-sections -fdata-sections -g -Wall -o Libraries\STM32F4xx_StdPeriph_Driver\src\stm32f4xx_usart.o ..\Libraries\STM32F4xx_StdPeriph_Driver\src\stm32f4xx_usart.c 
arm-atollic-eabi-gcc -c -mthumb -mcpu=cortex-m4 -mfloat-abi=hard -mfpu=fpv4-sp-d16 -std=gnu11 -DSTM32F4XX -DSTM32F40XX -DUSE_STDPERIPH_DRIVER -I../src -I..\Libraries\CMSIS\Include -I..\Libraries\Device\STM32F4xx\Include -I..\Libraries\STM32F4xx_StdPeriph_Driver\inc -O0 -ffunction-sections -fdata-sections -g -Wall -o Libraries\STM32F4xx_StdPeriph_Driver\src\stm32f4xx_fsmc.o ..\Libraries\STM32F4xx_StdPeriph_Driver\src\stm32f4xx_fsmc.c 
arm-atollic-eabi-gcc -c -mthumb -mcpu=cortex-m4 -mfloat-abi=hard -mfpu=fpv4-sp-d16 -std=gnu11 -DSTM32F4XX -DSTM32F40XX -DUSE_STDPERIPH_DRIVER -I../src -I..\Libraries\CMSIS\Include -I..\Libraries\Device\STM32F4xx\Include -I..\Libraries\STM32F4xx_StdPeriph_Driver\inc -O0 -ffunction-sections -fdata-sections -g -Wall -o Libraries\STM32F4xx_StdPeriph_Driver\src\stm32f4xx_exti.o ..\Libraries\STM32F4xx_StdPeriph_Driver\src\stm32f4xx_exti.c 
arm-atollic-eabi-gcc -c -mthumb -mcpu=cortex-m4 -mfloat-abi=hard -mfpu=fpv4-sp-d16 -std=gnu11 -DSTM32F4XX -DSTM32F40XX -DUSE_STDPERIPH_DRIVER -I../src -I..\Libraries\CMSIS\Include -I..\Libraries\Device\STM32F4xx\Include -I..\Libraries\STM32F4xx_StdPeriph_Driver\inc -O0 -ffunction-sections -fdata-sections -g -Wall -o Libraries\STM32F4xx_StdPeriph_Driver\src\stm32f4xx_cryp_tdes.o ..\Libraries\STM32F4xx_StdPeriph_Driver\src\stm32f4xx_cryp_tdes.c 
arm-atollic-eabi-gcc -c -mthumb -mcpu=cortex-m4 -mfloat-abi=hard -mfpu=fpv4-sp-d16 -std=gnu11 -DSTM32F4XX -DSTM32F40XX -DUSE_STDPERIPH_DRIVER -I../src -I..\Libraries\CMSIS\Include -I..\Libraries\Device\STM32F4xx\Include -I..\Libraries\STM32F4xx_StdPeriph_Driver\inc -O0 -ffunction-sections -fdata-sections -g -Wall -o Libraries\STM32F4xx_StdPeriph_Driver\src\stm32f4xx_iwdg.o ..\Libraries\STM32F4xx_StdPeriph_Driver\src\stm32f4xx_iwdg.c 
arm-atollic-eabi-gcc -c -mthumb -mcpu=cortex-m4 -mfloat-abi=hard -mfpu=fpv4-sp-d16 -std=gnu11 -DSTM32F4XX -DSTM32F40XX -DUSE_STDPERIPH_DRIVER -I../src -I..\Libraries\CMSIS\Include -I..\Libraries\Device\STM32F4xx\Include -I..\Libraries\STM32F4xx_StdPeriph_Driver\inc -O0 -ffunction-sections -fdata-sections -g -Wall -o Libraries\STM32F4xx_StdPeriph_Driver\src\stm32f4xx_cryp.o ..\Libraries\STM32F4xx_StdPeriph_Driver\src\stm32f4xx_cryp.c 
arm-atollic-eabi-gcc -c -mthumb -mcpu=cortex-m4 -mfloat-abi=hard -mfpu=fpv4-sp-d16 -std=gnu11 -DSTM32F4XX -DSTM32F40XX -DUSE_STDPERIPH_DRIVER -I../src -I..\Libraries\CMSIS\Include -I..\Libraries\Device\STM32F4xx\Include -I..\Libraries\STM32F4xx_StdPeriph_Driver\inc -O0 -ffunction-sections -fdata-sections -g -Wall -o Libraries\STM32F4xx_StdPeriph_Driver\src\stm32f4xx_wwdg.o ..\Libraries\STM32F4xx_StdPeriph_Driver\src\stm32f4xx_wwdg.c 
arm-atollic-eabi-gcc Libraries\STM32F4xx_StdPeriph_Driver\src\misc.o Libraries\STM32F4xx_StdPeriph_Driver\src\stm32f4xx_adc.o Libraries\STM32F4xx_StdPeriph_Driver\src\stm32f4xx_can.o Libraries\STM32F4xx_StdPeriph_Driver\src\stm32f4xx_crc.o Libraries\STM32F4xx_StdPeriph_Driver\src\stm32f4xx_cryp.o Libraries\STM32F4xx_StdPeriph_Driver\src\stm32f4xx_cryp_aes.o Libraries\STM32F4xx_StdPeriph_Driver\src\stm32f4xx_cryp_des.o Libraries\STM32F4xx_StdPeriph_Driver\src\stm32f4xx_cryp_tdes.o Libraries\STM32F4xx_StdPeriph_Driver\src\stm32f4xx_dac.o Libraries\STM32F4xx_StdPeriph_Driver\src\stm32f4xx_dbgmcu.o Libraries\STM32F4xx_StdPeriph_Driver\src\stm32f4xx_dcmi.o Libraries\STM32F4xx_StdPeriph_Driver\src\stm32f4xx_dma.o Libraries\STM32F4xx_StdPeriph_Driver\src\stm32f4xx_exti.o Libraries\STM32F4xx_StdPeriph_Driver\src\stm32f4xx_flash.o Libraries\STM32F4xx_StdPeriph_Driver\src\stm32f4xx_fsmc.o Libraries\STM32F4xx_StdPeriph_Driver\src\stm32f4xx_gpio.o Libraries\STM32F4xx_StdPeriph_Driver\src\stm32f4xx_hash.o Libraries\STM32F4xx_StdPeriph_Driver\src\stm32f4xx_hash_md5.o Libraries\STM32F4xx_StdPeriph_Driver\src\stm32f4xx_hash_sha1.o Libraries\STM32F4xx_StdPeriph_Driver\src\stm32f4xx_i2c.o Libraries\STM32F4xx_StdPeriph_Driver\src\stm32f4xx_iwdg.o Libraries\STM32F4xx_StdPeriph_Driver\src\stm32f4xx_pwr.o Libraries\STM32F4xx_StdPeriph_Driver\src\stm32f4xx_rcc.o Libraries\STM32F4xx_StdPeriph_Driver\src\stm32f4xx_rng.o Libraries\STM32F4xx_StdPeriph_Driver\src\stm32f4xx_rtc.o Libraries\STM32F4xx_StdPeriph_Driver\src\stm32f4xx_sdio.o Libraries\STM32F4xx_StdPeriph_Driver\src\stm32f4xx_spi.o Libraries\STM32F4xx_StdPeriph_Driver\src\stm32f4xx_syscfg.o Libraries\STM32F4xx_StdPeriph_Driver\src\stm32f4xx_tim.o Libraries\STM32F4xx_StdPeriph_Driver\src\stm32f4xx_usart.o Libraries\STM32F4xx_StdPeriph_Driver\src\stm32f4xx_wwdg.o src\main.o src\startup_stm32f40xx.o src\stm32f4xx_it.o src\system_stm32f4xx.o -o F401_cv1.elf -mthumb -mcpu=cortex-m4 -mfloat-abi=hard -mfpu=fpv4-sp-d16 -T..\stm32f4_flash.ld -Wl,--start-group -lc -lm -Wl,--end-group -specs=nosys.specs -static -Wl,-cref,-u,Reset_Handler -Wl,-Map=F401_cv1.map -Wl,--gc-sections -Wl,--defsym=malloc_getpagesize_P=0x80 
C:\Program Files (x86)\Atollic\TrueSTUDIO for ARM 6.0.0\ide\jre\bin\java -jar C:\Program Files (x86)\Atollic\TrueSTUDIO for ARM 6.0.0\Tools\arm-atollic-reports.jar sizeinfo list F401_cv1.elf 
Generate build reports...
Print size information
   text	   data	    bss	    dec	    hex	filename
   1128	      8	   1052	   2188	    88c	F401_cv1.elf
Print size information done
Generate listing file
Output sent to: F401_cv1.elf.list
Generate listing file done
Generate build reports done
Info: Nothing to build for F401_cv1
10:11:41 **** Rebuild of configuration Debug for project F401_cv1 ****
Info: Internal Builder is used for build
arm-atollic-eabi-gcc -c -mthumb -mcpu=cortex-m4 -mfloat-abi=hard -mfpu=fpv4-sp-d16 -std=gnu11 -DSTM32F4XX -DSTM32F40XX -DUSE_STDPERIPH_DRIVER -I../src -I..\Libraries\CMSIS\Include -I..\Libraries\Device\STM32F4xx\Include -I..\Libraries\STM32F4xx_StdPeriph_Driver\inc -O0 -ffunction-sections -fdata-sections -g -Wall -o Libraries\STM32F4xx_StdPeriph_Driver\src\stm32f4xx_rcc.o ..\Libraries\STM32F4xx_StdPeriph_Driver\src\stm32f4xx_rcc.c 
arm-atollic-eabi-gcc -c -mthumb -mcpu=cortex-m4 -mfloat-abi=hard -mfpu=fpv4-sp-d16 -std=gnu11 -DSTM32F4XX -DSTM32F40XX -DUSE_STDPERIPH_DRIVER -I../src -I..\Libraries\CMSIS\Include -I..\Libraries\Device\STM32F4xx\Include -I..\Libraries\STM32F4xx_StdPeriph_Driver\inc -O0 -ffunction-sections -fdata-sections -g -Wall -o Libraries\STM32F4xx_StdPeriph_Driver\src\stm32f4xx_tim.o ..\Libraries\STM32F4xx_StdPeriph_Driver\src\stm32f4xx_tim.c 
arm-atollic-eabi-gcc -c -mthumb -mcpu=cortex-m4 -mfloat-abi=hard -mfpu=fpv4-sp-d16 -std=gnu11 -DSTM32F4XX -DSTM32F40XX -DUSE_STDPERIPH_DRIVER -I../src -I..\Libraries\CMSIS\Include -I..\Libraries\Device\STM32F4xx\Include -I..\Libraries\STM32F4xx_StdPeriph_Driver\inc -O0 -ffunction-sections -fdata-sections -g -Wall -o Libraries\STM32F4xx_StdPeriph_Driver\src\stm32f4xx_dbgmcu.o ..\Libraries\STM32F4xx_StdPeriph_Driver\src\stm32f4xx_dbgmcu.c 
arm-atollic-eabi-gcc -c -mthumb -mcpu=cortex-m4 -mfloat-abi=hard -mfpu=fpv4-sp-d16 -std=gnu11 -DSTM32F4XX -DSTM32F40XX -DUSE_STDPERIPH_DRIVER -I../src -I..\Libraries\CMSIS\Include -I..\Libraries\Device\STM32F4xx\Include -I..\Libraries\STM32F4xx_StdPeriph_Driver\inc -O0 -ffunction-sections -fdata-sections -g -Wall -o src\system_stm32f4xx.o ..\src\system_stm32f4xx.c 
arm-atollic-eabi-gcc -c -mthumb -mcpu=cortex-m4 -mfloat-abi=hard -mfpu=fpv4-sp-d16 -std=gnu11 -DSTM32F4XX -DSTM32F40XX -DUSE_STDPERIPH_DRIVER -I../src -I..\Libraries\CMSIS\Include -I..\Libraries\Device\STM32F4xx\Include -I..\Libraries\STM32F4xx_StdPeriph_Driver\inc -O0 -ffunction-sections -fdata-sections -g -Wall -o Libraries\STM32F4xx_StdPeriph_Driver\src\stm32f4xx_cryp_aes.o ..\Libraries\STM32F4xx_StdPeriph_Driver\src\stm32f4xx_cryp_aes.c 
arm-atollic-eabi-gcc -c -mthumb -mcpu=cortex-m4 -mfloat-abi=hard -mfpu=fpv4-sp-d16 -std=gnu11 -DSTM32F4XX -DSTM32F40XX -DUSE_STDPERIPH_DRIVER -I../src -I..\Libraries\CMSIS\Include -I..\Libraries\Device\STM32F4xx\Include -I..\Libraries\STM32F4xx_StdPeriph_Driver\inc -O0 -ffunction-sections -fdata-sections -g -Wall -o Libraries\STM32F4xx_StdPeriph_Driver\src\stm32f4xx_rtc.o ..\Libraries\STM32F4xx_StdPeriph_Driver\src\stm32f4xx_rtc.c 
arm-atollic-eabi-gcc -c -mthumb -mcpu=cortex-m4 -mfloat-abi=hard -mfpu=fpv4-sp-d16 -std=gnu11 -DSTM32F4XX -DSTM32F40XX -DUSE_STDPERIPH_DRIVER -I../src -I..\Libraries\CMSIS\Include -I..\Libraries\Device\STM32F4xx\Include -I..\Libraries\STM32F4xx_StdPeriph_Driver\inc -O0 -ffunction-sections -fdata-sections -g -Wall -o Libraries\STM32F4xx_StdPeriph_Driver\src\stm32f4xx_dma.o ..\Libraries\STM32F4xx_StdPeriph_Driver\src\stm32f4xx_dma.c 
arm-atollic-eabi-gcc -c -mthumb -mcpu=cortex-m4 -mfloat-abi=hard -mfpu=fpv4-sp-d16 -std=gnu11 -DSTM32F4XX -DSTM32F40XX -DUSE_STDPERIPH_DRIVER -I../src -I..\Libraries\CMSIS\Include -I..\Libraries\Device\STM32F4xx\Include -I..\Libraries\STM32F4xx_StdPeriph_Driver\inc -O0 -ffunction-sections -fdata-sections -g -Wall -o Libraries\STM32F4xx_StdPeriph_Driver\src\stm32f4xx_hash_sha1.o ..\Libraries\STM32F4xx_StdPeriph_Driver\src\stm32f4xx_hash_sha1.c 
arm-atollic-eabi-gcc -c -mthumb -mcpu=cortex-m4 -mfloat-abi=hard -mfpu=fpv4-sp-d16 -std=gnu11 -DSTM32F4XX -DSTM32F40XX -DUSE_STDPERIPH_DRIVER -I../src -I..\Libraries\CMSIS\Include -I..\Libraries\Device\STM32F4xx\Include -I..\Libraries\STM32F4xx_StdPeriph_Driver\inc -O0 -ffunction-sections -fdata-sections -g -Wall -o src\main.o ..\src\main.c 
arm-atollic-eabi-gcc -c -mthumb -mcpu=cortex-m4 -mfloat-abi=hard -mfpu=fpv4-sp-d16 -std=gnu11 -DSTM32F4XX -DSTM32F40XX -DUSE_STDPERIPH_DRIVER -I../src -I..\Libraries\CMSIS\Include -I..\Libraries\Device\STM32F4xx\Include -I..\Libraries\STM32F4xx_StdPeriph_Driver\inc -O0 -ffunction-sections -fdata-sections -g -Wall -o Libraries\STM32F4xx_StdPeriph_Driver\src\stm32f4xx_wwdg.o ..\Libraries\STM32F4xx_StdPeriph_Driver\src\stm32f4xx_wwdg.c 
arm-atollic-eabi-gcc -c -mthumb -mcpu=cortex-m4 -mfloat-abi=hard -mfpu=fpv4-sp-d16 -std=gnu11 -DSTM32F4XX -DSTM32F40XX -DUSE_STDPERIPH_DRIVER -I../src -I..\Libraries\CMSIS\Include -I..\Libraries\Device\STM32F4xx\Include -I..\Libraries\STM32F4xx_StdPeriph_Driver\inc -O0 -ffunction-sections -fdata-sections -g -Wall -o Libraries\STM32F4xx_StdPeriph_Driver\src\stm32f4xx_adc.o ..\Libraries\STM32F4xx_StdPeriph_Driver\src\stm32f4xx_adc.c 
arm-atollic-eabi-gcc -c -mthumb -mcpu=cortex-m4 -mfloat-abi=hard -mfpu=fpv4-sp-d16 -std=gnu11 -DSTM32F4XX -DSTM32F40XX -DUSE_STDPERIPH_DRIVER -I../src -I..\Libraries\CMSIS\Include -I..\Libraries\Device\STM32F4xx\Include -I..\Libraries\STM32F4xx_StdPeriph_Driver\inc -O0 -ffunction-sections -fdata-sections -g -Wall -o Libraries\STM32F4xx_StdPeriph_Driver\src\stm32f4xx_rng.o ..\Libraries\STM32F4xx_StdPeriph_Driver\src\stm32f4xx_rng.c 
arm-atollic-eabi-gcc -c -mthumb -mcpu=cortex-m4 -mfloat-abi=hard -mfpu=fpv4-sp-d16 -std=gnu11 -DSTM32F4XX -DSTM32F40XX -DUSE_STDPERIPH_DRIVER -I../src -I..\Libraries\CMSIS\Include -I..\Libraries\Device\STM32F4xx\Include -I..\Libraries\STM32F4xx_StdPeriph_Driver\inc -O0 -ffunction-sections -fdata-sections -g -Wall -o Libraries\STM32F4xx_StdPeriph_Driver\src\stm32f4xx_pwr.o ..\Libraries\STM32F4xx_StdPeriph_Driver\src\stm32f4xx_pwr.c 
arm-atollic-eabi-gcc -c -mthumb -mcpu=cortex-m4 -mfloat-abi=hard -mfpu=fpv4-sp-d16 -g -Wa,--warn -x assembler-with-cpp -o src\startup_stm32f40xx.o ..\src\startup_stm32f40xx.s 
arm-atollic-eabi-gcc -c -mthumb -mcpu=cortex-m4 -mfloat-abi=hard -mfpu=fpv4-sp-d16 -std=gnu11 -DSTM32F4XX -DSTM32F40XX -DUSE_STDPERIPH_DRIVER -I../src -I..\Libraries\CMSIS\Include -I..\Libraries\Device\STM32F4xx\Include -I..\Libraries\STM32F4xx_StdPeriph_Driver\inc -O0 -ffunction-sections -fdata-sections -g -Wall -o Libraries\STM32F4xx_StdPeriph_Driver\src\stm32f4xx_spi.o ..\Libraries\STM32F4xx_StdPeriph_Driver\src\stm32f4xx_spi.c 
arm-atollic-eabi-gcc -c -mthumb -mcpu=cortex-m4 -mfloat-abi=hard -mfpu=fpv4-sp-d16 -std=gnu11 -DSTM32F4XX -DSTM32F40XX -DUSE_STDPERIPH_DRIVER -I../src -I..\Libraries\CMSIS\Include -I..\Libraries\Device\STM32F4xx\Include -I..\Libraries\STM32F4xx_StdPeriph_Driver\inc -O0 -ffunction-sections -fdata-sections -g -Wall -o Libraries\STM32F4xx_StdPeriph_Driver\src\stm32f4xx_dcmi.o ..\Libraries\STM32F4xx_StdPeriph_Driver\src\stm32f4xx_dcmi.c 
arm-atollic-eabi-gcc -c -mthumb -mcpu=cortex-m4 -mfloat-abi=hard -mfpu=fpv4-sp-d16 -std=gnu11 -DSTM32F4XX -DSTM32F40XX -DUSE_STDPERIPH_DRIVER -I../src -I..\Libraries\CMSIS\Include -I..\Libraries\Device\STM32F4xx\Include -I..\Libraries\STM32F4xx_StdPeriph_Driver\inc -O0 -ffunction-sections -fdata-sections -g -Wall -o Libraries\STM32F4xx_StdPeriph_Driver\src\stm32f4xx_syscfg.o ..\Libraries\STM32F4xx_StdPeriph_Driver\src\stm32f4xx_syscfg.c 
arm-atollic-eabi-gcc -c -mthumb -mcpu=cortex-m4 -mfloat-abi=hard -mfpu=fpv4-sp-d16 -std=gnu11 -DSTM32F4XX -DSTM32F40XX -DUSE_STDPERIPH_DRIVER -I../src -I..\Libraries\CMSIS\Include -I..\Libraries\Device\STM32F4xx\Include -I..\Libraries\STM32F4xx_StdPeriph_Driver\inc -O0 -ffunction-sections -fdata-sections -g -Wall -o Libraries\STM32F4xx_StdPeriph_Driver\src\stm32f4xx_cryp_tdes.o ..\Libraries\STM32F4xx_StdPeriph_Driver\src\stm32f4xx_cryp_tdes.c 
arm-atollic-eabi-gcc -c -mthumb -mcpu=cortex-m4 -mfloat-abi=hard -mfpu=fpv4-sp-d16 -std=gnu11 -DSTM32F4XX -DSTM32F40XX -DUSE_STDPERIPH_DRIVER -I../src -I..\Libraries\CMSIS\Include -I..\Libraries\Device\STM32F4xx\Include -I..\Libraries\STM32F4xx_StdPeriph_Driver\inc -O0 -ffunction-sections -fdata-sections -g -Wall -o Libraries\STM32F4xx_StdPeriph_Driver\src\stm32f4xx_fsmc.o ..\Libraries\STM32F4xx_StdPeriph_Driver\src\stm32f4xx_fsmc.c 
arm-atollic-eabi-gcc -c -mthumb -mcpu=cortex-m4 -mfloat-abi=hard -mfpu=fpv4-sp-d16 -std=gnu11 -DSTM32F4XX -DSTM32F40XX -DUSE_STDPERIPH_DRIVER -I../src -I..\Libraries\CMSIS\Include -I..\Libraries\Device\STM32F4xx\Include -I..\Libraries\STM32F4xx_StdPeriph_Driver\inc -O0 -ffunction-sections -fdata-sections -g -Wall -o Libraries\STM32F4xx_StdPeriph_Driver\src\stm32f4xx_cryp_des.o ..\Libraries\STM32F4xx_StdPeriph_Driver\src\stm32f4xx_cryp_des.c 
arm-atollic-eabi-gcc -c -mthumb -mcpu=cortex-m4 -mfloat-abi=hard -mfpu=fpv4-sp-d16 -std=gnu11 -DSTM32F4XX -DSTM32F40XX -DUSE_STDPERIPH_DRIVER -I../src -I..\Libraries\CMSIS\Include -I..\Libraries\Device\STM32F4xx\Include -I..\Libraries\STM32F4xx_StdPeriph_Driver\inc -O0 -ffunction-sections -fdata-sections -g -Wall -o Libraries\STM32F4xx_StdPeriph_Driver\src\stm32f4xx_flash.o ..\Libraries\STM32F4xx_StdPeriph_Driver\src\stm32f4xx_flash.c 
arm-atollic-eabi-gcc -c -mthumb -mcpu=cortex-m4 -mfloat-abi=hard -mfpu=fpv4-sp-d16 -std=gnu11 -DSTM32F4XX -DSTM32F40XX -DUSE_STDPERIPH_DRIVER -I../src -I..\Libraries\CMSIS\Include -I..\Libraries\Device\STM32F4xx\Include -I..\Libraries\STM32F4xx_StdPeriph_Driver\inc -O0 -ffunction-sections -fdata-sections -g -Wall -o Libraries\STM32F4xx_StdPeriph_Driver\src\stm32f4xx_cryp.o ..\Libraries\STM32F4xx_StdPeriph_Driver\src\stm32f4xx_cryp.c 
arm-atollic-eabi-gcc -c -mthumb -mcpu=cortex-m4 -mfloat-abi=hard -mfpu=fpv4-sp-d16 -std=gnu11 -DSTM32F4XX -DSTM32F40XX -DUSE_STDPERIPH_DRIVER -I../src -I..\Libraries\CMSIS\Include -I..\Libraries\Device\STM32F4xx\Include -I..\Libraries\STM32F4xx_StdPeriph_Driver\inc -O0 -ffunction-sections -fdata-sections -g -Wall -o Libraries\STM32F4xx_StdPeriph_Driver\src\stm32f4xx_usart.o ..\Libraries\STM32F4xx_StdPeriph_Driver\src\stm32f4xx_usart.c 
arm-atollic-eabi-gcc -c -mthumb -mcpu=cortex-m4 -mfloat-abi=hard -mfpu=fpv4-sp-d16 -std=gnu11 -DSTM32F4XX -DSTM32F40XX -DUSE_STDPERIPH_DRIVER -I../src -I..\Libraries\CMSIS\Include -I..\Libraries\Device\STM32F4xx\Include -I..\Libraries\STM32F4xx_StdPeriph_Driver\inc -O0 -ffunction-sections -fdata-sections -g -Wall -o Libraries\STM32F4xx_StdPeriph_Driver\src\stm32f4xx_hash_md5.o ..\Libraries\STM32F4xx_StdPeriph_Driver\src\stm32f4xx_hash_md5.c 
arm-atollic-eabi-gcc -c -mthumb -mcpu=cortex-m4 -mfloat-abi=hard -mfpu=fpv4-sp-d16 -std=gnu11 -DSTM32F4XX -DSTM32F40XX -DUSE_STDPERIPH_DRIVER -I../src -I..\Libraries\CMSIS\Include -I..\Libraries\Device\STM32F4xx\Include -I..\Libraries\STM32F4xx_StdPeriph_Driver\inc -O0 -ffunction-sections -fdata-sections -g -Wall -o Libraries\STM32F4xx_StdPeriph_Driver\src\stm32f4xx_sdio.o ..\Libraries\STM32F4xx_StdPeriph_Driver\src\stm32f4xx_sdio.c 
arm-atollic-eabi-gcc -c -mthumb -mcpu=cortex-m4 -mfloat-abi=hard -mfpu=fpv4-sp-d16 -std=gnu11 -DSTM32F4XX -DSTM32F40XX -DUSE_STDPERIPH_DRIVER -I../src -I..\Libraries\CMSIS\Include -I..\Libraries\Device\STM32F4xx\Include -I..\Libraries\STM32F4xx_StdPeriph_Driver\inc -O0 -ffunction-sections -fdata-sections -g -Wall -o Libraries\STM32F4xx_StdPeriph_Driver\src\stm32f4xx_exti.o ..\Libraries\STM32F4xx_StdPeriph_Driver\src\stm32f4xx_exti.c 
arm-atollic-eabi-gcc -c -mthumb -mcpu=cortex-m4 -mfloat-abi=hard -mfpu=fpv4-sp-d16 -std=gnu11 -DSTM32F4XX -DSTM32F40XX -DUSE_STDPERIPH_DRIVER -I../src -I..\Libraries\CMSIS\Include -I..\Libraries\Device\STM32F4xx\Include -I..\Libraries\STM32F4xx_StdPeriph_Driver\inc -O0 -ffunction-sections -fdata-sections -g -Wall -o Libraries\STM32F4xx_StdPeriph_Driver\src\stm32f4xx_i2c.o ..\Libraries\STM32F4xx_StdPeriph_Driver\src\stm32f4xx_i2c.c 
arm-atollic-eabi-gcc -c -mthumb -mcpu=cortex-m4 -mfloat-abi=hard -mfpu=fpv4-sp-d16 -std=gnu11 -DSTM32F4XX -DSTM32F40XX -DUSE_STDPERIPH_DRIVER -I../src -I..\Libraries\CMSIS\Include -I..\Libraries\Device\STM32F4xx\Include -I..\Libraries\STM32F4xx_StdPeriph_Driver\inc -O0 -ffunction-sections -fdata-sections -g -Wall -o Libraries\STM32F4xx_StdPeriph_Driver\src\stm32f4xx_crc.o ..\Libraries\STM32F4xx_StdPeriph_Driver\src\stm32f4xx_crc.c 
arm-atollic-eabi-gcc -c -mthumb -mcpu=cortex-m4 -mfloat-abi=hard -mfpu=fpv4-sp-d16 -std=gnu11 -DSTM32F4XX -DSTM32F40XX -DUSE_STDPERIPH_DRIVER -I../src -I..\Libraries\CMSIS\Include -I..\Libraries\Device\STM32F4xx\Include -I..\Libraries\STM32F4xx_StdPeriph_Driver\inc -O0 -ffunction-sections -fdata-sections -g -Wall -o Libraries\STM32F4xx_StdPeriph_Driver\src\stm32f4xx_can.o ..\Libraries\STM32F4xx_StdPeriph_Driver\src\stm32f4xx_can.c 
arm-atollic-eabi-gcc -c -mthumb -mcpu=cortex-m4 -mfloat-abi=hard -mfpu=fpv4-sp-d16 -std=gnu11 -DSTM32F4XX -DSTM32F40XX -DUSE_STDPERIPH_DRIVER -I../src -I..\Libraries\CMSIS\Include -I..\Libraries\Device\STM32F4xx\Include -I..\Libraries\STM32F4xx_StdPeriph_Driver\inc -O0 -ffunction-sections -fdata-sections -g -Wall -o Libraries\STM32F4xx_StdPeriph_Driver\src\stm32f4xx_gpio.o ..\Libraries\STM32F4xx_StdPeriph_Driver\src\stm32f4xx_gpio.c 
arm-atollic-eabi-gcc -c -mthumb -mcpu=cortex-m4 -mfloat-abi=hard -mfpu=fpv4-sp-d16 -std=gnu11 -DSTM32F4XX -DSTM32F40XX -DUSE_STDPERIPH_DRIVER -I../src -I..\Libraries\CMSIS\Include -I..\Libraries\Device\STM32F4xx\Include -I..\Libraries\STM32F4xx_StdPeriph_Driver\inc -O0 -ffunction-sections -fdata-sections -g -Wall -o Libraries\STM32F4xx_StdPeriph_Driver\src\stm32f4xx_hash.o ..\Libraries\STM32F4xx_StdPeriph_Driver\src\stm32f4xx_hash.c 
arm-atollic-eabi-gcc -c -mthumb -mcpu=cortex-m4 -mfloat-abi=hard -mfpu=fpv4-sp-d16 -std=gnu11 -DSTM32F4XX -DSTM32F40XX -DUSE_STDPERIPH_DRIVER -I../src -I..\Libraries\CMSIS\Include -I..\Libraries\Device\STM32F4xx\Include -I..\Libraries\STM32F4xx_StdPeriph_Driver\inc -O0 -ffunction-sections -fdata-sections -g -Wall -o Libraries\STM32F4xx_StdPeriph_Driver\src\stm32f4xx_dac.o ..\Libraries\STM32F4xx_StdPeriph_Driver\src\stm32f4xx_dac.c 
arm-atollic-eabi-gcc -c -mthumb -mcpu=cortex-m4 -mfloat-abi=hard -mfpu=fpv4-sp-d16 -std=gnu11 -DSTM32F4XX -DSTM32F40XX -DUSE_STDPERIPH_DRIVER -I../src -I..\Libraries\CMSIS\Include -I..\Libraries\Device\STM32F4xx\Include -I..\Libraries\STM32F4xx_StdPeriph_Driver\inc -O0 -ffunction-sections -fdata-sections -g -Wall -o Libraries\STM32F4xx_StdPeriph_Driver\src\misc.o ..\Libraries\STM32F4xx_StdPeriph_Driver\src\misc.c 
arm-atollic-eabi-gcc -c -mthumb -mcpu=cortex-m4 -mfloat-abi=hard -mfpu=fpv4-sp-d16 -std=gnu11 -DSTM32F4XX -DSTM32F40XX -DUSE_STDPERIPH_DRIVER -I../src -I..\Libraries\CMSIS\Include -I..\Libraries\Device\STM32F4xx\Include -I..\Libraries\STM32F4xx_StdPeriph_Driver\inc -O0 -ffunction-sections -fdata-sections -g -Wall -o src\stm32f4xx_it.o ..\src\stm32f4xx_it.c 
arm-atollic-eabi-gcc -c -mthumb -mcpu=cortex-m4 -mfloat-abi=hard -mfpu=fpv4-sp-d16 -std=gnu11 -DSTM32F4XX -DSTM32F40XX -DUSE_STDPERIPH_DRIVER -I../src -I..\Libraries\CMSIS\Include -I..\Libraries\Device\STM32F4xx\Include -I..\Libraries\STM32F4xx_StdPeriph_Driver\inc -O0 -ffunction-sections -fdata-sections -g -Wall -o Libraries\STM32F4xx_StdPeriph_Driver\src\stm32f4xx_iwdg.o ..\Libraries\STM32F4xx_StdPeriph_Driver\src\stm32f4xx_iwdg.c 
arm-atollic-eabi-gcc Libraries\STM32F4xx_StdPeriph_Driver\src\misc.o Libraries\STM32F4xx_StdPeriph_Driver\src\stm32f4xx_adc.o Libraries\STM32F4xx_StdPeriph_Driver\src\stm32f4xx_can.o Libraries\STM32F4xx_StdPeriph_Driver\src\stm32f4xx_crc.o Libraries\STM32F4xx_StdPeriph_Driver\src\stm32f4xx_cryp.o Libraries\STM32F4xx_StdPeriph_Driver\src\stm32f4xx_cryp_aes.o Libraries\STM32F4xx_StdPeriph_Driver\src\stm32f4xx_cryp_des.o Libraries\STM32F4xx_StdPeriph_Driver\src\stm32f4xx_cryp_tdes.o Libraries\STM32F4xx_StdPeriph_Driver\src\stm32f4xx_dac.o Libraries\STM32F4xx_StdPeriph_Driver\src\stm32f4xx_dbgmcu.o Libraries\STM32F4xx_StdPeriph_Driver\src\stm32f4xx_dcmi.o Libraries\STM32F4xx_StdPeriph_Driver\src\stm32f4xx_dma.o Libraries\STM32F4xx_StdPeriph_Driver\src\stm32f4xx_exti.o Libraries\STM32F4xx_StdPeriph_Driver\src\stm32f4xx_flash.o Libraries\STM32F4xx_StdPeriph_Driver\src\stm32f4xx_fsmc.o Libraries\STM32F4xx_StdPeriph_Driver\src\stm32f4xx_gpio.o Libraries\STM32F4xx_StdPeriph_Driver\src\stm32f4xx_hash.o Libraries\STM32F4xx_StdPeriph_Driver\src\stm32f4xx_hash_md5.o Libraries\STM32F4xx_StdPeriph_Driver\src\stm32f4xx_hash_sha1.o Libraries\STM32F4xx_StdPeriph_Driver\src\stm32f4xx_i2c.o Libraries\STM32F4xx_StdPeriph_Driver\src\stm32f4xx_iwdg.o Libraries\STM32F4xx_StdPeriph_Driver\src\stm32f4xx_pwr.o Libraries\STM32F4xx_StdPeriph_Driver\src\stm32f4xx_rcc.o Libraries\STM32F4xx_StdPeriph_Driver\src\stm32f4xx_rng.o Libraries\STM32F4xx_StdPeriph_Driver\src\stm32f4xx_rtc.o Libraries\STM32F4xx_StdPeriph_Driver\src\stm32f4xx_sdio.o Libraries\STM32F4xx_StdPeriph_Driver\src\stm32f4xx_spi.o Libraries\STM32F4xx_StdPeriph_Driver\src\stm32f4xx_syscfg.o Libraries\STM32F4xx_StdPeriph_Driver\src\stm32f4xx_tim.o Libraries\STM32F4xx_StdPeriph_Driver\src\stm32f4xx_usart.o Libraries\STM32F4xx_StdPeriph_Driver\src\stm32f4xx_wwdg.o src\main.o src\startup_stm32f40xx.o src\stm32f4xx_it.o src\system_stm32f4xx.o -o F401_cv1.elf -mthumb -mcpu=cortex-m4 -mfloat-abi=hard -mfpu=fpv4-sp-d16 -T..\stm32f4_flash.ld -Wl,--start-group -lc -lm -Wl,--end-group -specs=nosys.specs -static -Wl,-cref,-u,Reset_Handler -Wl,-Map=F401_cv1.map -Wl,--gc-sections -Wl,--defsym=malloc_getpagesize_P=0x80 
C:\Program Files (x86)\Atollic\TrueSTUDIO for ARM 6.0.0\ide\jre\bin\java -jar C:\Program Files (x86)\Atollic\TrueSTUDIO for ARM 6.0.0\Tools\arm-atollic-reports.jar sizeinfo list F401_cv1.elf 
Generate build reports...
Print size information
   text	   data	    bss	    dec	    hex	filename
   1128	      8	   1052	   2188	    88c	F401_cv1.elf
Print size information done
Generate listing file
Output sent to: F401_cv1.elf.list
Generate listing file done
Generate build reports done
Info: Nothing to build for F401_cv1
10:31:27 **** Incremental Build of configuration Debug for project F401_cv1 ****
Info: Internal Builder is used for build
arm-atollic-eabi-gcc -c -mthumb -mcpu=cortex-m4 -mfloat-abi=hard -mfpu=fpv4-sp-d16 -std=gnu11 -DSTM32F4XX -DSTM32F40XX -DUSE_STDPERIPH_DRIVER -I../src -I..\Libraries\CMSIS\Include -I..\Libraries\Device\STM32F4xx\Include -I..\Libraries\STM32F4xx_StdPeriph_Driver\inc -O0 -ffunction-sections -fdata-sections -g -Wall -o src\main.o ..\src\main.c 
..\src\main.c: In function 'main':
..\src\main.c:64:27: error: 'OUT' undeclared (first use in this function)
   GPIO_STRUCT.GPIO_Mode = OUT;
                           ^
..\src\main.c:64:27: note: each undeclared identifier is reported only once for each function it appears in
..\src\main.c:65:28: error: 'PP' undeclared (first use in this function)
   GPIO_STRUCT.GPIO_OType = PP;
                            ^
..\src\main.c:66:27: error: 'UP' undeclared (first use in this function)
   GPIO_STRUCT.GPIO_PuPd = UP;
                           ^
..\src\main.c:69:18: error: 'GPIO_PIN_5' undeclared (first use in this function)
   GPIOA->BSRRL = GPIO_PIN_5;
                  ^
10:32:06 **** Incremental Build of configuration Debug for project F401_cv1 ****
Info: Internal Builder is used for build
arm-atollic-eabi-gcc -c -mthumb -mcpu=cortex-m4 -mfloat-abi=hard -mfpu=fpv4-sp-d16 -std=gnu11 -DSTM32F4XX -DSTM32F40XX -DUSE_STDPERIPH_DRIVER -I../src -I..\Libraries\CMSIS\Include -I..\Libraries\Device\STM32F4xx\Include -I..\Libraries\STM32F4xx_StdPeriph_Driver\inc -O0 -ffunction-sections -fdata-sections -g -Wall -o src\main.o ..\src\main.c 
..\src\main.c:31:27: fatal error: smt32f4xx_rcc.h: No such file or directory
compilation terminated.
10:33:51 **** Incremental Build of configuration Debug for project F401_cv1 ****
Info: Internal Builder is used for build
arm-atollic-eabi-gcc -c -mthumb -mcpu=cortex-m4 -mfloat-abi=hard -mfpu=fpv4-sp-d16 -std=gnu11 -DSTM32F4XX -DSTM32F40XX -DUSE_STDPERIPH_DRIVER -I../src -I..\Libraries\CMSIS\Include -I..\Libraries\Device\STM32F4xx\Include -I..\Libraries\STM32F4xx_StdPeriph_Driver\inc -O0 -ffunction-sections -fdata-sections -g -Wall -o src\main.o ..\src\main.c 
..\src\main.c:32:28: fatal error: smt32f4xx_gpio.h: No such file or directory
compilation terminated.
10:34:11 **** Incremental Build of configuration Debug for project F401_cv1 ****
Info: Internal Builder is used for build
arm-atollic-eabi-gcc -c -mthumb -mcpu=cortex-m4 -mfloat-abi=hard -mfpu=fpv4-sp-d16 -std=gnu11 -DSTM32F4XX -DSTM32F40XX -DUSE_STDPERIPH_DRIVER -I../src -I..\Libraries\CMSIS\Include -I..\Libraries\Device\STM32F4xx\Include -I..\Libraries\STM32F4xx_StdPeriph_Driver\inc -O0 -ffunction-sections -fdata-sections -g -Wall -o src\main.o ..\src\main.c 
..\src\main.c:32:28: fatal error: smt32f4xx_gpio.h: No such file or directory
compilation terminated.
10:34:46 **** Incremental Build of configuration Debug for project F401_cv1 ****
Info: Internal Builder is used for build
arm-atollic-eabi-gcc -c -mthumb -mcpu=cortex-m4 -mfloat-abi=hard -mfpu=fpv4-sp-d16 -std=gnu11 -DSTM32F4XX -DSTM32F40XX -DUSE_STDPERIPH_DRIVER -I../src -I..\Libraries\CMSIS\Include -I..\Libraries\Device\STM32F4xx\Include -I..\Libraries\STM32F4xx_StdPeriph_Driver\inc -O0 -ffunction-sections -fdata-sections -g -Wall -o src\main.o ..\src\main.c 
..\src\main.c: In function 'main':
..\src\main.c:65:27: error: 'OUT' undeclared (first use in this function)
   GPIO_STRUCT.GPIO_Mode = OUT;
                           ^
..\src\main.c:65:27: note: each undeclared identifier is reported only once for each function it appears in
..\src\main.c:66:28: error: 'PP' undeclared (first use in this function)
   GPIO_STRUCT.GPIO_OType = PP;
                            ^
..\src\main.c:67:27: error: 'UP' undeclared (first use in this function)
   GPIO_STRUCT.GPIO_PuPd = UP;
                           ^
..\src\main.c:70:18: error: 'BPIN_5' undeclared (first use in this function)
   GPIOA->BSRRL = BPIN_5;
                  ^
10:36:20 **** Incremental Build of configuration Debug for project F401_cv1 ****
Info: Internal Builder is used for build
arm-atollic-eabi-gcc -c -mthumb -mcpu=cortex-m4 -mfloat-abi=hard -mfpu=fpv4-sp-d16 -std=gnu11 -DSTM32F4XX -DSTM32F40XX -DUSE_STDPERIPH_DRIVER -I../src -I..\Libraries\CMSIS\Include -I..\Libraries\Device\STM32F4xx\Include -I..\Libraries\STM32F4xx_StdPeriph_Driver\inc -O0 -ffunction-sections -fdata-sections -g -Wall -o src\main.o ..\src\main.c 
..\src\main.c: In function 'main':
..\src\main.c:71:18: error: 'BPIN_5' undeclared (first use in this function)
   GPIOA->BSRRL = BPIN_5;
                  ^
..\src\main.c:71:18: note: each undeclared identifier is reported only once for each function it appears in
10:36:27 **** Incremental Build of configuration Debug for project F401_cv1 ****
Info: Internal Builder is used for build
arm-atollic-eabi-gcc -c -mthumb -mcpu=cortex-m4 -mfloat-abi=hard -mfpu=fpv4-sp-d16 -std=gnu11 -DSTM32F4XX -DSTM32F40XX -DUSE_STDPERIPH_DRIVER -I../src -I..\Libraries\CMSIS\Include -I..\Libraries\Device\STM32F4xx\Include -I..\Libraries\STM32F4xx_StdPeriph_Driver\inc -O0 -ffunction-sections -fdata-sections -g -Wall -o src\main.o ..\src\main.c 
..\src\main.c: In function 'main':
..\src\main.c:71:18: error: 'PIN_5' undeclared (first use in this function)
   GPIOA->BSRRL = PIN_5;
                  ^
..\src\main.c:71:18: note: each undeclared identifier is reported only once for each function it appears in
10:36:32 **** Incremental Build of configuration Debug for project F401_cv1 ****
Info: Internal Builder is used for build
arm-atollic-eabi-gcc -c -mthumb -mcpu=cortex-m4 -mfloat-abi=hard -mfpu=fpv4-sp-d16 -std=gnu11 -DSTM32F4XX -DSTM32F40XX -DUSE_STDPERIPH_DRIVER -I../src -I..\Libraries\CMSIS\Include -I..\Libraries\Device\STM32F4xx\Include -I..\Libraries\STM32F4xx_StdPeriph_Driver\inc -O0 -ffunction-sections -fdata-sections -g -Wall -o src\main.o ..\src\main.c 
..\src\main.c: In function 'main':
..\src\main.c:71:18: error: 'GPIO_PIN_5' undeclared (first use in this function)
   GPIOA->BSRRL = GPIO_PIN_5;
                  ^
..\src\main.c:71:18: note: each undeclared identifier is reported only once for each function it appears in
10:37:35 **** Incremental Build of configuration Debug for project F401_cv1 ****
Info: Internal Builder is used for build
arm-atollic-eabi-gcc -c -mthumb -mcpu=cortex-m4 -mfloat-abi=hard -mfpu=fpv4-sp-d16 -std=gnu11 -DSTM32F4XX -DSTM32F40XX -DUSE_STDPERIPH_DRIVER -I../src -I..\Libraries\CMSIS\Include -I..\Libraries\Device\STM32F4xx\Include -I..\Libraries\STM32F4xx_StdPeriph_Driver\inc -O0 -ffunction-sections -fdata-sections -g -Wall -o src\main.o ..\src\main.c 
arm-atollic-eabi-gcc Libraries\STM32F4xx_StdPeriph_Driver\src\misc.o Libraries\STM32F4xx_StdPeriph_Driver\src\stm32f4xx_adc.o Libraries\STM32F4xx_StdPeriph_Driver\src\stm32f4xx_can.o Libraries\STM32F4xx_StdPeriph_Driver\src\stm32f4xx_crc.o Libraries\STM32F4xx_StdPeriph_Driver\src\stm32f4xx_cryp.o Libraries\STM32F4xx_StdPeriph_Driver\src\stm32f4xx_cryp_aes.o Libraries\STM32F4xx_StdPeriph_Driver\src\stm32f4xx_cryp_des.o Libraries\STM32F4xx_StdPeriph_Driver\src\stm32f4xx_cryp_tdes.o Libraries\STM32F4xx_StdPeriph_Driver\src\stm32f4xx_dac.o Libraries\STM32F4xx_StdPeriph_Driver\src\stm32f4xx_dbgmcu.o Libraries\STM32F4xx_StdPeriph_Driver\src\stm32f4xx_dcmi.o Libraries\STM32F4xx_StdPeriph_Driver\src\stm32f4xx_dma.o Libraries\STM32F4xx_StdPeriph_Driver\src\stm32f4xx_exti.o Libraries\STM32F4xx_StdPeriph_Driver\src\stm32f4xx_flash.o Libraries\STM32F4xx_StdPeriph_Driver\src\stm32f4xx_fsmc.o Libraries\STM32F4xx_StdPeriph_Driver\src\stm32f4xx_gpio.o Libraries\STM32F4xx_StdPeriph_Driver\src\stm32f4xx_hash.o Libraries\STM32F4xx_StdPeriph_Driver\src\stm32f4xx_hash_md5.o Libraries\STM32F4xx_StdPeriph_Driver\src\stm32f4xx_hash_sha1.o Libraries\STM32F4xx_StdPeriph_Driver\src\stm32f4xx_i2c.o Libraries\STM32F4xx_StdPeriph_Driver\src\stm32f4xx_iwdg.o Libraries\STM32F4xx_StdPeriph_Driver\src\stm32f4xx_pwr.o Libraries\STM32F4xx_StdPeriph_Driver\src\stm32f4xx_rcc.o Libraries\STM32F4xx_StdPeriph_Driver\src\stm32f4xx_rng.o Libraries\STM32F4xx_StdPeriph_Driver\src\stm32f4xx_rtc.o Libraries\STM32F4xx_StdPeriph_Driver\src\stm32f4xx_sdio.o Libraries\STM32F4xx_StdPeriph_Driver\src\stm32f4xx_spi.o Libraries\STM32F4xx_StdPeriph_Driver\src\stm32f4xx_syscfg.o Libraries\STM32F4xx_StdPeriph_Driver\src\stm32f4xx_tim.o Libraries\STM32F4xx_StdPeriph_Driver\src\stm32f4xx_usart.o Libraries\STM32F4xx_StdPeriph_Driver\src\stm32f4xx_wwdg.o src\main.o src\startup_stm32f40xx.o src\stm32f4xx_it.o src\system_stm32f4xx.o -o F401_cv1.elf -mthumb -mcpu=cortex-m4 -mfloat-abi=hard -mfpu=fpv4-sp-d16 -T..\stm32f4_flash.ld -Wl,--start-group -lc -lm -Wl,--end-group -specs=nosys.specs -static -Wl,-cref,-u,Reset_Handler -Wl,-Map=F401_cv1.map -Wl,--gc-sections -Wl,--defsym=malloc_getpagesize_P=0x80 
C:\Program Files (x86)\Atollic\TrueSTUDIO for ARM 6.0.0\ide\jre\bin\java -jar C:\Program Files (x86)\Atollic\TrueSTUDIO for ARM 6.0.0\Tools\arm-atollic-reports.jar sizeinfo list F401_cv1.elf 
Generate build reports...
Print size information
   text	   data	    bss	    dec	    hex	filename
   1244	      8	   1060	   2312	    908	F401_cv1.elf
Print size information done
Generate listing file
Output sent to: F401_cv1.elf.list
Generate listing file done
Generate build reports done
10:37:49 **** Incremental Build of configuration Debug for project F401_cv1 ****
Info: Internal Builder is used for build
arm-atollic-eabi-gcc -c -mthumb -mcpu=cortex-m4 -mfloat-abi=hard -mfpu=fpv4-sp-d16 -std=gnu11 -DSTM32F4XX -DSTM32F40XX -DUSE_STDPERIPH_DRIVER -I../src -I..\Libraries\CMSIS\Include -I..\Libraries\Device\STM32F4xx\Include -I..\Libraries\STM32F4xx_StdPeriph_Driver\inc -O0 -ffunction-sections -fdata-sections -g -Wall -o src\main.o ..\src\main.c 
arm-atollic-eabi-gcc Libraries\STM32F4xx_StdPeriph_Driver\src\misc.o Libraries\STM32F4xx_StdPeriph_Driver\src\stm32f4xx_adc.o Libraries\STM32F4xx_StdPeriph_Driver\src\stm32f4xx_can.o Libraries\STM32F4xx_StdPeriph_Driver\src\stm32f4xx_crc.o Libraries\STM32F4xx_StdPeriph_Driver\src\stm32f4xx_cryp.o Libraries\STM32F4xx_StdPeriph_Driver\src\stm32f4xx_cryp_aes.o Libraries\STM32F4xx_StdPeriph_Driver\src\stm32f4xx_cryp_des.o Libraries\STM32F4xx_StdPeriph_Driver\src\stm32f4xx_cryp_tdes.o Libraries\STM32F4xx_StdPeriph_Driver\src\stm32f4xx_dac.o Libraries\STM32F4xx_StdPeriph_Driver\src\stm32f4xx_dbgmcu.o Libraries\STM32F4xx_StdPeriph_Driver\src\stm32f4xx_dcmi.o Libraries\STM32F4xx_StdPeriph_Driver\src\stm32f4xx_dma.o Libraries\STM32F4xx_StdPeriph_Driver\src\stm32f4xx_exti.o Libraries\STM32F4xx_StdPeriph_Driver\src\stm32f4xx_flash.o Libraries\STM32F4xx_StdPeriph_Driver\src\stm32f4xx_fsmc.o Libraries\STM32F4xx_StdPeriph_Driver\src\stm32f4xx_gpio.o Libraries\STM32F4xx_StdPeriph_Driver\src\stm32f4xx_hash.o Libraries\STM32F4xx_StdPeriph_Driver\src\stm32f4xx_hash_md5.o Libraries\STM32F4xx_StdPeriph_Driver\src\stm32f4xx_hash_sha1.o Libraries\STM32F4xx_StdPeriph_Driver\src\stm32f4xx_i2c.o Libraries\STM32F4xx_StdPeriph_Driver\src\stm32f4xx_iwdg.o Libraries\STM32F4xx_StdPeriph_Driver\src\stm32f4xx_pwr.o Libraries\STM32F4xx_StdPeriph_Driver\src\stm32f4xx_rcc.o Libraries\STM32F4xx_StdPeriph_Driver\src\stm32f4xx_rng.o Libraries\STM32F4xx_StdPeriph_Driver\src\stm32f4xx_rtc.o Libraries\STM32F4xx_StdPeriph_Driver\src\stm32f4xx_sdio.o Libraries\STM32F4xx_StdPeriph_Driver\src\stm32f4xx_spi.o Libraries\STM32F4xx_StdPeriph_Driver\src\stm32f4xx_syscfg.o Libraries\STM32F4xx_StdPeriph_Driver\src\stm32f4xx_tim.o Libraries\STM32F4xx_StdPeriph_Driver\src\stm32f4xx_usart.o Libraries\STM32F4xx_StdPeriph_Driver\src\stm32f4xx_wwdg.o src\main.o src\startup_stm32f40xx.o src\stm32f4xx_it.o src\system_stm32f4xx.o -o F401_cv1.elf -mthumb -mcpu=cortex-m4 -mfloat-abi=hard -mfpu=fpv4-sp-d16 -T..\stm32f4_flash.ld -Wl,--start-group -lc -lm -Wl,--end-group -specs=nosys.specs -static -Wl,-cref,-u,Reset_Handler -Wl,-Map=F401_cv1.map -Wl,--gc-sections -Wl,--defsym=malloc_getpagesize_P=0x80 
C:\Program Files (x86)\Atollic\TrueSTUDIO for ARM 6.0.0\ide\jre\bin\java -jar C:\Program Files (x86)\Atollic\TrueSTUDIO for ARM 6.0.0\Tools\arm-atollic-reports.jar sizeinfo list F401_cv1.elf 
Generate build reports...
Print size information
   text	   data	    bss	    dec	    hex	filename
   1248	      8	   1060	   2316	    90c	F401_cv1.elf
Print size information done
Generate listing file
Output sent to: F401_cv1.elf.list
Generate listing file done
Generate build reports done
10:38:15 **** Incremental Build of configuration Debug for project F401_cv1 ****
Info: Internal Builder is used for build
arm-atollic-eabi-gcc -c -mthumb -mcpu=cortex-m4 -mfloat-abi=hard -mfpu=fpv4-sp-d16 -std=gnu11 -DSTM32F4XX -DSTM32F40XX -DUSE_STDPERIPH_DRIVER -I../src -I..\Libraries\CMSIS\Include -I..\Libraries\Device\STM32F4xx\Include -I..\Libraries\STM32F4xx_StdPeriph_Driver\inc -O0 -ffunction-sections -fdata-sections -g -Wall -o src\main.o ..\src\main.c 
arm-atollic-eabi-gcc Libraries\STM32F4xx_StdPeriph_Driver\src\misc.o Libraries\STM32F4xx_StdPeriph_Driver\src\stm32f4xx_adc.o Libraries\STM32F4xx_StdPeriph_Driver\src\stm32f4xx_can.o Libraries\STM32F4xx_StdPeriph_Driver\src\stm32f4xx_crc.o Libraries\STM32F4xx_StdPeriph_Driver\src\stm32f4xx_cryp.o Libraries\STM32F4xx_StdPeriph_Driver\src\stm32f4xx_cryp_aes.o Libraries\STM32F4xx_StdPeriph_Driver\src\stm32f4xx_cryp_des.o Libraries\STM32F4xx_StdPeriph_Driver\src\stm32f4xx_cryp_tdes.o Libraries\STM32F4xx_StdPeriph_Driver\src\stm32f4xx_dac.o Libraries\STM32F4xx_StdPeriph_Driver\src\stm32f4xx_dbgmcu.o Libraries\STM32F4xx_StdPeriph_Driver\src\stm32f4xx_dcmi.o Libraries\STM32F4xx_StdPeriph_Driver\src\stm32f4xx_dma.o Libraries\STM32F4xx_StdPeriph_Driver\src\stm32f4xx_exti.o Libraries\STM32F4xx_StdPeriph_Driver\src\stm32f4xx_flash.o Libraries\STM32F4xx_StdPeriph_Driver\src\stm32f4xx_fsmc.o Libraries\STM32F4xx_StdPeriph_Driver\src\stm32f4xx_gpio.o Libraries\STM32F4xx_StdPeriph_Driver\src\stm32f4xx_hash.o Libraries\STM32F4xx_StdPeriph_Driver\src\stm32f4xx_hash_md5.o Libraries\STM32F4xx_StdPeriph_Driver\src\stm32f4xx_hash_sha1.o Libraries\STM32F4xx_StdPeriph_Driver\src\stm32f4xx_i2c.o Libraries\STM32F4xx_StdPeriph_Driver\src\stm32f4xx_iwdg.o Libraries\STM32F4xx_StdPeriph_Driver\src\stm32f4xx_pwr.o Libraries\STM32F4xx_StdPeriph_Driver\src\stm32f4xx_rcc.o Libraries\STM32F4xx_StdPeriph_Driver\src\stm32f4xx_rng.o Libraries\STM32F4xx_StdPeriph_Driver\src\stm32f4xx_rtc.o Libraries\STM32F4xx_StdPeriph_Driver\src\stm32f4xx_sdio.o Libraries\STM32F4xx_StdPeriph_Driver\src\stm32f4xx_spi.o Libraries\STM32F4xx_StdPeriph_Driver\src\stm32f4xx_syscfg.o Libraries\STM32F4xx_StdPeriph_Driver\src\stm32f4xx_tim.o Libraries\STM32F4xx_StdPeriph_Driver\src\stm32f4xx_usart.o Libraries\STM32F4xx_StdPeriph_Driver\src\stm32f4xx_wwdg.o src\main.o src\startup_stm32f40xx.o src\stm32f4xx_it.o src\system_stm32f4xx.o -o F401_cv1.elf -mthumb -mcpu=cortex-m4 -mfloat-abi=hard -mfpu=fpv4-sp-d16 -T..\stm32f4_flash.ld -Wl,--start-group -lc -lm -Wl,--end-group -specs=nosys.specs -static -Wl,-cref,-u,Reset_Handler -Wl,-Map=F401_cv1.map -Wl,--gc-sections -Wl,--defsym=malloc_getpagesize_P=0x80 
C:\Program Files (x86)\Atollic\TrueSTUDIO for ARM 6.0.0\ide\jre\bin\java -jar C:\Program Files (x86)\Atollic\TrueSTUDIO for ARM 6.0.0\Tools\arm-atollic-reports.jar sizeinfo list F401_cv1.elf 
Generate build reports...
Print size information
   text	   data	    bss	    dec	    hex	filename
   1260	      8	   1060	   2328	    918	F401_cv1.elf
Print size information done
Generate listing file
Output sent to: F401_cv1.elf.list
Generate listing file done
Generate build reports done
Info: Nothing to build for F401_cv1
10:48:29 **** Incremental Build of configuration Debug for project F401_cv1 ****
Info: Internal Builder is used for build
arm-atollic-eabi-gcc -c -mthumb -mcpu=cortex-m4 -mfloat-abi=hard -mfpu=fpv4-sp-d16 -std=gnu11 -DSTM32F4XX -DSTM32F40XX -DUSE_STDPERIPH_DRIVER -I../src -I..\Libraries\CMSIS\Include -I..\Libraries\Device\STM32F4xx\Include -I..\Libraries\STM32F4xx_StdPeriph_Driver\inc -O0 -ffunction-sections -fdata-sections -g -Wall -o src\main.o ..\src\main.c 
..\src\main.c: In function 'main':
..\src\main.c:49:7: warning: unused variable 'i' [-Wunused-variable]
   int i = 0;
       ^
arm-atollic-eabi-gcc Libraries\STM32F4xx_StdPeriph_Driver\src\misc.o Libraries\STM32F4xx_StdPeriph_Driver\src\stm32f4xx_adc.o Libraries\STM32F4xx_StdPeriph_Driver\src\stm32f4xx_can.o Libraries\STM32F4xx_StdPeriph_Driver\src\stm32f4xx_crc.o Libraries\STM32F4xx_StdPeriph_Driver\src\stm32f4xx_cryp.o Libraries\STM32F4xx_StdPeriph_Driver\src\stm32f4xx_cryp_aes.o Libraries\STM32F4xx_StdPeriph_Driver\src\stm32f4xx_cryp_des.o Libraries\STM32F4xx_StdPeriph_Driver\src\stm32f4xx_cryp_tdes.o Libraries\STM32F4xx_StdPeriph_Driver\src\stm32f4xx_dac.o Libraries\STM32F4xx_StdPeriph_Driver\src\stm32f4xx_dbgmcu.o Libraries\STM32F4xx_StdPeriph_Driver\src\stm32f4xx_dcmi.o Libraries\STM32F4xx_StdPeriph_Driver\src\stm32f4xx_dma.o Libraries\STM32F4xx_StdPeriph_Driver\src\stm32f4xx_exti.o Libraries\STM32F4xx_StdPeriph_Driver\src\stm32f4xx_flash.o Libraries\STM32F4xx_StdPeriph_Driver\src\stm32f4xx_fsmc.o Libraries\STM32F4xx_StdPeriph_Driver\src\stm32f4xx_gpio.o Libraries\STM32F4xx_StdPeriph_Driver\src\stm32f4xx_hash.o Libraries\STM32F4xx_StdPeriph_Driver\src\stm32f4xx_hash_md5.o Libraries\STM32F4xx_StdPeriph_Driver\src\stm32f4xx_hash_sha1.o Libraries\STM32F4xx_StdPeriph_Driver\src\stm32f4xx_i2c.o Libraries\STM32F4xx_StdPeriph_Driver\src\stm32f4xx_iwdg.o Libraries\STM32F4xx_StdPeriph_Driver\src\stm32f4xx_pwr.o Libraries\STM32F4xx_StdPeriph_Driver\src\stm32f4xx_rcc.o Libraries\STM32F4xx_StdPeriph_Driver\src\stm32f4xx_rng.o Libraries\STM32F4xx_StdPeriph_Driver\src\stm32f4xx_rtc.o Libraries\STM32F4xx_StdPeriph_Driver\src\stm32f4xx_sdio.o Libraries\STM32F4xx_StdPeriph_Driver\src\stm32f4xx_spi.o Libraries\STM32F4xx_StdPeriph_Driver\src\stm32f4xx_syscfg.o Libraries\STM32F4xx_StdPeriph_Driver\src\stm32f4xx_tim.o Libraries\STM32F4xx_StdPeriph_Driver\src\stm32f4xx_usart.o Libraries\STM32F4xx_StdPeriph_Driver\src\stm32f4xx_wwdg.o src\main.o src\startup_stm32f40xx.o src\stm32f4xx_it.o src\system_stm32f4xx.o -o F401_cv1.elf -mthumb -mcpu=cortex-m4 -mfloat-abi=hard -mfpu=fpv4-sp-d16 -T..\stm32f4_flash.ld -Wl,--start-group -lc -lm -Wl,--end-group -specs=nosys.specs -static -Wl,-cref,-u,Reset_Handler -Wl,-Map=F401_cv1.map -Wl,--gc-sections -Wl,--defsym=malloc_getpagesize_P=0x80 
C:\Program Files (x86)\Atollic\TrueSTUDIO for ARM 6.0.0\ide\jre\bin\java -jar C:\Program Files (x86)\Atollic\TrueSTUDIO for ARM 6.0.0\Tools\arm-atollic-reports.jar sizeinfo list F401_cv1.elf 
Generate build reports...
Print size information
   text	   data	    bss	    dec	    hex	filename
   1256	      8	   1060	   2324	    914	F401_cv1.elf
Print size information done
Generate listing file
Output sent to: F401_cv1.elf.list
Generate listing file done
Generate build reports done
Info: Nothing to build for F401_cv1
11:00:04 **** Incremental Build of configuration Debug for project F401_cv1 ****
Info: Internal Builder is used for build
arm-atollic-eabi-gcc -c -mthumb -mcpu=cortex-m4 -mfloat-abi=hard -mfpu=fpv4-sp-d16 -std=gnu11 -DSTM32F4XX -DSTM32F40XX -DUSE_STDPERIPH_DRIVER -I../src -I..\Libraries\CMSIS\Include -I..\Libraries\Device\STM32F4xx\Include -I..\Libraries\STM32F4xx_StdPeriph_Driver\inc -O0 -ffunction-sections -fdata-sections -g -Wall -o src\main.o ..\src\main.c 
..\src\main.c: In function 'main':
..\src\main.c:49:7: warning: unused variable 'i' [-Wunused-variable]
   int i = 0;
       ^
arm-atollic-eabi-gcc Libraries\STM32F4xx_StdPeriph_Driver\src\misc.o Libraries\STM32F4xx_StdPeriph_Driver\src\stm32f4xx_adc.o Libraries\STM32F4xx_StdPeriph_Driver\src\stm32f4xx_can.o Libraries\STM32F4xx_StdPeriph_Driver\src\stm32f4xx_crc.o Libraries\STM32F4xx_StdPeriph_Driver\src\stm32f4xx_cryp.o Libraries\STM32F4xx_StdPeriph_Driver\src\stm32f4xx_cryp_aes.o Libraries\STM32F4xx_StdPeriph_Driver\src\stm32f4xx_cryp_des.o Libraries\STM32F4xx_StdPeriph_Driver\src\stm32f4xx_cryp_tdes.o Libraries\STM32F4xx_StdPeriph_Driver\src\stm32f4xx_dac.o Libraries\STM32F4xx_StdPeriph_Driver\src\stm32f4xx_dbgmcu.o Libraries\STM32F4xx_StdPeriph_Driver\src\stm32f4xx_dcmi.o Libraries\STM32F4xx_StdPeriph_Driver\src\stm32f4xx_dma.o Libraries\STM32F4xx_StdPeriph_Driver\src\stm32f4xx_exti.o Libraries\STM32F4xx_StdPeriph_Driver\src\stm32f4xx_flash.o Libraries\STM32F4xx_StdPeriph_Driver\src\stm32f4xx_fsmc.o Libraries\STM32F4xx_StdPeriph_Driver\src\stm32f4xx_gpio.o Libraries\STM32F4xx_StdPeriph_Driver\src\stm32f4xx_hash.o Libraries\STM32F4xx_StdPeriph_Driver\src\stm32f4xx_hash_md5.o Libraries\STM32F4xx_StdPeriph_Driver\src\stm32f4xx_hash_sha1.o Libraries\STM32F4xx_StdPeriph_Driver\src\stm32f4xx_i2c.o Libraries\STM32F4xx_StdPeriph_Driver\src\stm32f4xx_iwdg.o Libraries\STM32F4xx_StdPeriph_Driver\src\stm32f4xx_pwr.o Libraries\STM32F4xx_StdPeriph_Driver\src\stm32f4xx_rcc.o Libraries\STM32F4xx_StdPeriph_Driver\src\stm32f4xx_rng.o Libraries\STM32F4xx_StdPeriph_Driver\src\stm32f4xx_rtc.o Libraries\STM32F4xx_StdPeriph_Driver\src\stm32f4xx_sdio.o Libraries\STM32F4xx_StdPeriph_Driver\src\stm32f4xx_spi.o Libraries\STM32F4xx_StdPeriph_Driver\src\stm32f4xx_syscfg.o Libraries\STM32F4xx_StdPeriph_Driver\src\stm32f4xx_tim.o Libraries\STM32F4xx_StdPeriph_Driver\src\stm32f4xx_usart.o Libraries\STM32F4xx_StdPeriph_Driver\src\stm32f4xx_wwdg.o src\main.o src\startup_stm32f40xx.o src\stm32f4xx_it.o src\system_stm32f4xx.o -o F401_cv1.elf -mthumb -mcpu=cortex-m4 -mfloat-abi=hard -mfpu=fpv4-sp-d16 -T..\stm32f4_flash.ld -Wl,--start-group -lc -lm -Wl,--end-group -specs=nosys.specs -static -Wl,-cref,-u,Reset_Handler -Wl,-Map=F401_cv1.map -Wl,--gc-sections -Wl,--defsym=malloc_getpagesize_P=0x80 
C:\Program Files (x86)\Atollic\TrueSTUDIO for ARM 6.0.0\ide\jre\bin\java -jar C:\Program Files (x86)\Atollic\TrueSTUDIO for ARM 6.0.0\Tools\arm-atollic-reports.jar sizeinfo list F401_cv1.elf 
Generate build reports...
Print size information
   text	   data	    bss	    dec	    hex	filename
   1248	      8	   1060	   2316	    90c	F401_cv1.elf
Print size information done
Generate listing file
Output sent to: F401_cv1.elf.list
Generate listing file done
Generate build reports done
Info: Nothing to build for F401_cv1
11:00:49 **** Incremental Build of configuration Debug for project F401_cv1 ****
Info: Internal Builder is used for build
arm-atollic-eabi-gcc -c -mthumb -mcpu=cortex-m4 -mfloat-abi=hard -mfpu=fpv4-sp-d16 -std=gnu11 -DSTM32F4XX -DSTM32F40XX -DUSE_STDPERIPH_DRIVER -I../src -I..\Libraries\CMSIS\Include -I..\Libraries\Device\STM32F4xx\Include -I..\Libraries\STM32F4xx_StdPeriph_Driver\inc -O0 -ffunction-sections -fdata-sections -g -Wall -o src\main.o ..\src\main.c 
..\src\main.c: In function 'main':
..\src\main.c:49:7: warning: unused variable 'i' [-Wunused-variable]
   int i = 0;
       ^
arm-atollic-eabi-gcc Libraries\STM32F4xx_StdPeriph_Driver\src\misc.o Libraries\STM32F4xx_StdPeriph_Driver\src\stm32f4xx_adc.o Libraries\STM32F4xx_StdPeriph_Driver\src\stm32f4xx_can.o Libraries\STM32F4xx_StdPeriph_Driver\src\stm32f4xx_crc.o Libraries\STM32F4xx_StdPeriph_Driver\src\stm32f4xx_cryp.o Libraries\STM32F4xx_StdPeriph_Driver\src\stm32f4xx_cryp_aes.o Libraries\STM32F4xx_StdPeriph_Driver\src\stm32f4xx_cryp_des.o Libraries\STM32F4xx_StdPeriph_Driver\src\stm32f4xx_cryp_tdes.o Libraries\STM32F4xx_StdPeriph_Driver\src\stm32f4xx_dac.o Libraries\STM32F4xx_StdPeriph_Driver\src\stm32f4xx_dbgmcu.o Libraries\STM32F4xx_StdPeriph_Driver\src\stm32f4xx_dcmi.o Libraries\STM32F4xx_StdPeriph_Driver\src\stm32f4xx_dma.o Libraries\STM32F4xx_StdPeriph_Driver\src\stm32f4xx_exti.o Libraries\STM32F4xx_StdPeriph_Driver\src\stm32f4xx_flash.o Libraries\STM32F4xx_StdPeriph_Driver\src\stm32f4xx_fsmc.o Libraries\STM32F4xx_StdPeriph_Driver\src\stm32f4xx_gpio.o Libraries\STM32F4xx_StdPeriph_Driver\src\stm32f4xx_hash.o Libraries\STM32F4xx_StdPeriph_Driver\src\stm32f4xx_hash_md5.o Libraries\STM32F4xx_StdPeriph_Driver\src\stm32f4xx_hash_sha1.o Libraries\STM32F4xx_StdPeriph_Driver\src\stm32f4xx_i2c.o Libraries\STM32F4xx_StdPeriph_Driver\src\stm32f4xx_iwdg.o Libraries\STM32F4xx_StdPeriph_Driver\src\stm32f4xx_pwr.o Libraries\STM32F4xx_StdPeriph_Driver\src\stm32f4xx_rcc.o Libraries\STM32F4xx_StdPeriph_Driver\src\stm32f4xx_rng.o Libraries\STM32F4xx_StdPeriph_Driver\src\stm32f4xx_rtc.o Libraries\STM32F4xx_StdPeriph_Driver\src\stm32f4xx_sdio.o Libraries\STM32F4xx_StdPeriph_Driver\src\stm32f4xx_spi.o Libraries\STM32F4xx_StdPeriph_Driver\src\stm32f4xx_syscfg.o Libraries\STM32F4xx_StdPeriph_Driver\src\stm32f4xx_tim.o Libraries\STM32F4xx_StdPeriph_Driver\src\stm32f4xx_usart.o Libraries\STM32F4xx_StdPeriph_Driver\src\stm32f4xx_wwdg.o src\main.o src\startup_stm32f40xx.o src\stm32f4xx_it.o src\system_stm32f4xx.o -o F401_cv1.elf -mthumb -mcpu=cortex-m4 -mfloat-abi=hard -mfpu=fpv4-sp-d16 -T..\stm32f4_flash.ld -Wl,--start-group -lc -lm -Wl,--end-group -specs=nosys.specs -static -Wl,-cref,-u,Reset_Handler -Wl,-Map=F401_cv1.map -Wl,--gc-sections -Wl,--defsym=malloc_getpagesize_P=0x80 
C:\Program Files (x86)\Atollic\TrueSTUDIO for ARM 6.0.0\ide\jre\bin\java -jar C:\Program Files (x86)\Atollic\TrueSTUDIO for ARM 6.0.0\Tools\arm-atollic-reports.jar sizeinfo list F401_cv1.elf 
Generate build reports...
Print size information
   text	   data	    bss	    dec	    hex	filename
   1248	      8	   1060	   2316	    90c	F401_cv1.elf
Print size information done
Generate listing file
Output sent to: F401_cv1.elf.list
Generate listing file done
Generate build reports done
Info: Nothing to build for F401_cv1
Info: Nothing to build for F401_cv1
