21:03:51 **** Clean-only build of configuration Debug for project F401_cv1 ****
rm -rf Libraries/STM32F4xx_StdPeriph_Driver/src/stm32f4xx_rtc.d Libraries/STM32F4xx_StdPeriph_Driver/src/stm32f4xx_hash.d Libraries/STM32F4xx_StdPeriph_Driver/src/stm32f4xx_sdio.o Libraries/STM32F4xx_StdPeriph_Driver/src/stm32f4xx_hash.o Libraries/STM32F4xx_StdPeriph_Driver/src/stm32f4xx_sdio.d Libraries/STM32F4xx_StdPeriph_Driver/src/stm32f4xx_usart.o Libraries/STM32F4xx_StdPeriph_Driver/src/stm32f4xx_rng.o Libraries/STM32F4xx_StdPeriph_Driver/src/stm32f4xx_usart.d F401_cv1.elf Libraries/STM32F4xx_StdPeriph_Driver/src/stm32f4xx_rng.d Libraries/STM32F4xx_StdPeriph_Driver/src/stm32f4xx_hash_md5.o Libraries/STM32F4xx_StdPeriph_Driver/src/stm32f4xx_exti.o Libraries/STM32F4xx_StdPeriph_Driver/src/stm32f4xx_dac.o Libraries/STM32F4xx_StdPeriph_Driver/src/stm32f4xx_dbgmcu.d Libraries/STM32F4xx_StdPeriph_Driver/src/stm32f4xx_hash_md5.d Libraries/STM32F4xx_StdPeriph_Driver/src/stm32f4xx_dac.d Libraries/STM32F4xx_StdPeriph_Driver/src/stm32f4xx_wwdg.d Libraries/STM32F4xx_StdPeriph_Driver/src/stm32f4xx_cryp.d Libraries/STM32F4xx_StdPeriph_Driver/src/stm32f4xx_dma.o Libraries/STM32F4xx_StdPeriph_Driver/src/stm32f4xx_dbgmcu.o Libraries/STM32F4xx_StdPeriph_Driver/src/misc.d Libraries/STM32F4xx_StdPeriph_Driver/src/stm32f4xx_exti.d Libraries/STM32F4xx_StdPeriph_Driver/src/stm32f4xx_wwdg.o Libraries/STM32F4xx_StdPeriph_Driver/src/stm32f4xx_dma.d Libraries/STM32F4xx_StdPeriph_Driver/src/stm32f4xx_rtc.o Libraries/STM32F4xx_StdPeriph_Driver/src/stm32f4xx_adc.d Libraries/STM32F4xx_StdPeriph_Driver/src/stm32f4xx_iwdg.d src/system_stm32f4xx.d Libraries/STM32F4xx_StdPeriph_Driver/src/stm32f4xx_spi.d Libraries/STM32F4xx_StdPeriph_Driver/src/stm32f4xx_tim.o src/main.d F401_cv1 Libraries/STM32F4xx_StdPeriph_Driver/src/stm32f4xx_crc.d Libraries/STM32F4xx_StdPeriph_Driver/src/misc.o Libraries/STM32F4xx_StdPeriph_Driver/src/stm32f4xx_spi.o src/main.o Libraries/STM32F4xx_StdPeriph_Driver/src/stm32f4xx_crc.o Libraries/STM32F4xx_StdPeriph_Driver/src/stm32f4xx_iwdg.o Libraries/STM32F4xx_StdPeriph_Driver/src/stm32f4xx_can.o Libraries/STM32F4xx_StdPeriph_Driver/src/stm32f4xx_gpio.d Libraries/STM32F4xx_StdPeriph_Driver/src/stm32f4xx_i2c.d Libraries/STM32F4xx_StdPeriph_Driver/src/stm32f4xx_pwr.o Libraries/STM32F4xx_StdPeriph_Driver/src/stm32f4xx_gpio.o src/startup_stm32f40xx.o Libraries/STM32F4xx_StdPeriph_Driver/src/stm32f4xx_cryp_des.d Libraries/STM32F4xx_StdPeriph_Driver/src/stm32f4xx_pwr.d Libraries/STM32F4xx_StdPeriph_Driver/src/stm32f4xx_can.d Libraries/STM32F4xx_StdPeriph_Driver/src/stm32f4xx_hash_sha1.d Libraries/STM32F4xx_StdPeriph_Driver/src/stm32f4xx_cryp_des.o Libraries/STM32F4xx_StdPeriph_Driver/src/stm32f4xx_hash_sha1.o Libraries/STM32F4xx_StdPeriph_Driver/src/stm32f4xx_cryp.o src/system_stm32f4xx.o Libraries/STM32F4xx_StdPeriph_Driver/src/stm32f4xx_fsmc.d Libraries/STM32F4xx_StdPeriph_Driver/src/stm32f4xx_rcc.d Libraries/STM32F4xx_StdPeriph_Driver/src/stm32f4xx_cryp_tdes.d Libraries/STM32F4xx_StdPeriph_Driver/src/stm32f4xx_flash.o Libraries/STM32F4xx_StdPeriph_Driver/src/stm32f4xx_cryp_tdes.o Libraries/STM32F4xx_StdPeriph_Driver/src/stm32f4xx_dcmi.o Libraries/STM32F4xx_StdPeriph_Driver/src/stm32f4xx_flash.d Libraries/STM32F4xx_StdPeriph_Driver/src/stm32f4xx_rcc.o Libraries/STM32F4xx_StdPeriph_Driver/src/stm32f4xx_i2c.o src/stm32f4xx_it.o Libraries/STM32F4xx_StdPeriph_Driver/src/stm32f4xx_dcmi.d Libraries/STM32F4xx_StdPeriph_Driver/src/stm32f4xx_cryp_aes.o Libraries/STM32F4xx_StdPeriph_Driver/src/stm32f4xx_syscfg.o src/stm32f4xx_it.d Libraries/STM32F4xx_StdPeriph_Driver/src/stm32f4xx_cryp_aes.d Libraries/STM32F4xx_StdPeriph_Driver/src/stm32f4xx_syscfg.d Libraries/STM32F4xx_StdPeriph_Driver/src/stm32f4xx_adc.o Libraries/STM32F4xx_StdPeriph_Driver/src/stm32f4xx_tim.d Libraries/STM32F4xx_StdPeriph_Driver/src/stm32f4xx_fsmc.o 
21:03:54 **** Rebuild of configuration Debug for project F401_cv1 ****
Info: Internal Builder is used for build
arm-atollic-eabi-gcc -c -mthumb -mcpu=cortex-m4 -mfloat-abi=hard -mfpu=fpv4-sp-d16 -std=gnu11 -DSTM32F4XX -DSTM32F40XX -DUSE_STDPERIPH_DRIVER -I../src -I..\Libraries\CMSIS\Include -I..\Libraries\Device\STM32F4xx\Include -I..\Libraries\STM32F4xx_StdPeriph_Driver\inc -O0 -ffunction-sections -fdata-sections -g -Wall -o Libraries\STM32F4xx_StdPeriph_Driver\src\stm32f4xx_dcmi.o ..\Libraries\STM32F4xx_StdPeriph_Driver\src\stm32f4xx_dcmi.c 
arm-atollic-eabi-gcc -c -mthumb -mcpu=cortex-m4 -mfloat-abi=hard -mfpu=fpv4-sp-d16 -std=gnu11 -DSTM32F4XX -DSTM32F40XX -DUSE_STDPERIPH_DRIVER -I../src -I..\Libraries\CMSIS\Include -I..\Libraries\Device\STM32F4xx\Include -I..\Libraries\STM32F4xx_StdPeriph_Driver\inc -O0 -ffunction-sections -fdata-sections -g -Wall -o Libraries\STM32F4xx_StdPeriph_Driver\src\stm32f4xx_cryp_des.o ..\Libraries\STM32F4xx_StdPeriph_Driver\src\stm32f4xx_cryp_des.c 
arm-atollic-eabi-gcc -c -mthumb -mcpu=cortex-m4 -mfloat-abi=hard -mfpu=fpv4-sp-d16 -std=gnu11 -DSTM32F4XX -DSTM32F40XX -DUSE_STDPERIPH_DRIVER -I../src -I..\Libraries\CMSIS\Include -I..\Libraries\Device\STM32F4xx\Include -I..\Libraries\STM32F4xx_StdPeriph_Driver\inc -O0 -ffunction-sections -fdata-sections -g -Wall -o src\main.o ..\src\main.c 
..\src\main.c: In function 'main':
..\src\main.c:53:7: warning: unused variable 'button' [-Wunused-variable]
   int button = 0;
       ^
arm-atollic-eabi-gcc -c -mthumb -mcpu=cortex-m4 -mfloat-abi=hard -mfpu=fpv4-sp-d16 -std=gnu11 -DSTM32F4XX -DSTM32F40XX -DUSE_STDPERIPH_DRIVER -I../src -I..\Libraries\CMSIS\Include -I..\Libraries\Device\STM32F4xx\Include -I..\Libraries\STM32F4xx_StdPeriph_Driver\inc -O0 -ffunction-sections -fdata-sections -g -Wall -o Libraries\STM32F4xx_StdPeriph_Driver\src\stm32f4xx_dac.o ..\Libraries\STM32F4xx_StdPeriph_Driver\src\stm32f4xx_dac.c 
arm-atollic-eabi-gcc -c -mthumb -mcpu=cortex-m4 -mfloat-abi=hard -mfpu=fpv4-sp-d16 -std=gnu11 -DSTM32F4XX -DSTM32F40XX -DUSE_STDPERIPH_DRIVER -I../src -I..\Libraries\CMSIS\Include -I..\Libraries\Device\STM32F4xx\Include -I..\Libraries\STM32F4xx_StdPeriph_Driver\inc -O0 -ffunction-sections -fdata-sections -g -Wall -o Libraries\STM32F4xx_StdPeriph_Driver\src\stm32f4xx_gpio.o ..\Libraries\STM32F4xx_StdPeriph_Driver\src\stm32f4xx_gpio.c 
arm-atollic-eabi-gcc -c -mthumb -mcpu=cortex-m4 -mfloat-abi=hard -mfpu=fpv4-sp-d16 -std=gnu11 -DSTM32F4XX -DSTM32F40XX -DUSE_STDPERIPH_DRIVER -I../src -I..\Libraries\CMSIS\Include -I..\Libraries\Device\STM32F4xx\Include -I..\Libraries\STM32F4xx_StdPeriph_Driver\inc -O0 -ffunction-sections -fdata-sections -g -Wall -o Libraries\STM32F4xx_StdPeriph_Driver\src\stm32f4xx_rcc.o ..\Libraries\STM32F4xx_StdPeriph_Driver\src\stm32f4xx_rcc.c 
arm-atollic-eabi-gcc -c -mthumb -mcpu=cortex-m4 -mfloat-abi=hard -mfpu=fpv4-sp-d16 -std=gnu11 -DSTM32F4XX -DSTM32F40XX -DUSE_STDPERIPH_DRIVER -I../src -I..\Libraries\CMSIS\Include -I..\Libraries\Device\STM32F4xx\Include -I..\Libraries\STM32F4xx_StdPeriph_Driver\inc -O0 -ffunction-sections -fdata-sections -g -Wall -o Libraries\STM32F4xx_StdPeriph_Driver\src\stm32f4xx_flash.o ..\Libraries\STM32F4xx_StdPeriph_Driver\src\stm32f4xx_flash.c 
arm-atollic-eabi-gcc -c -mthumb -mcpu=cortex-m4 -mfloat-abi=hard -mfpu=fpv4-sp-d16 -g -Wa,--warn -x assembler-with-cpp -o src\startup_stm32f40xx.o ..\src\startup_stm32f40xx.s 
arm-atollic-eabi-gcc -c -mthumb -mcpu=cortex-m4 -mfloat-abi=hard -mfpu=fpv4-sp-d16 -std=gnu11 -DSTM32F4XX -DSTM32F40XX -DUSE_STDPERIPH_DRIVER -I../src -I..\Libraries\CMSIS\Include -I..\Libraries\Device\STM32F4xx\Include -I..\Libraries\STM32F4xx_StdPeriph_Driver\inc -O0 -ffunction-sections -fdata-sections -g -Wall -o src\system_stm32f4xx.o ..\src\system_stm32f4xx.c 
arm-atollic-eabi-gcc -c -mthumb -mcpu=cortex-m4 -mfloat-abi=hard -mfpu=fpv4-sp-d16 -std=gnu11 -DSTM32F4XX -DSTM32F40XX -DUSE_STDPERIPH_DRIVER -I../src -I..\Libraries\CMSIS\Include -I..\Libraries\Device\STM32F4xx\Include -I..\Libraries\STM32F4xx_StdPeriph_Driver\inc -O0 -ffunction-sections -fdata-sections -g -Wall -o Libraries\STM32F4xx_StdPeriph_Driver\src\stm32f4xx_adc.o ..\Libraries\STM32F4xx_StdPeriph_Driver\src\stm32f4xx_adc.c 
arm-atollic-eabi-gcc -c -mthumb -mcpu=cortex-m4 -mfloat-abi=hard -mfpu=fpv4-sp-d16 -std=gnu11 -DSTM32F4XX -DSTM32F40XX -DUSE_STDPERIPH_DRIVER -I../src -I..\Libraries\CMSIS\Include -I..\Libraries\Device\STM32F4xx\Include -I..\Libraries\STM32F4xx_StdPeriph_Driver\inc -O0 -ffunction-sections -fdata-sections -g -Wall -o Libraries\STM32F4xx_StdPeriph_Driver\src\stm32f4xx_pwr.o ..\Libraries\STM32F4xx_StdPeriph_Driver\src\stm32f4xx_pwr.c 
arm-atollic-eabi-gcc -c -mthumb -mcpu=cortex-m4 -mfloat-abi=hard -mfpu=fpv4-sp-d16 -std=gnu11 -DSTM32F4XX -DSTM32F40XX -DUSE_STDPERIPH_DRIVER -I../src -I..\Libraries\CMSIS\Include -I..\Libraries\Device\STM32F4xx\Include -I..\Libraries\STM32F4xx_StdPeriph_Driver\inc -O0 -ffunction-sections -fdata-sections -g -Wall -o Libraries\STM32F4xx_StdPeriph_Driver\src\stm32f4xx_syscfg.o ..\Libraries\STM32F4xx_StdPeriph_Driver\src\stm32f4xx_syscfg.c 
arm-atollic-eabi-gcc -c -mthumb -mcpu=cortex-m4 -mfloat-abi=hard -mfpu=fpv4-sp-d16 -std=gnu11 -DSTM32F4XX -DSTM32F40XX -DUSE_STDPERIPH_DRIVER -I../src -I..\Libraries\CMSIS\Include -I..\Libraries\Device\STM32F4xx\Include -I..\Libraries\STM32F4xx_StdPeriph_Driver\inc -O0 -ffunction-sections -fdata-sections -g -Wall -o src\stm32f4xx_it.o ..\src\stm32f4xx_it.c 
arm-atollic-eabi-gcc -c -mthumb -mcpu=cortex-m4 -mfloat-abi=hard -mfpu=fpv4-sp-d16 -std=gnu11 -DSTM32F4XX -DSTM32F40XX -DUSE_STDPERIPH_DRIVER -I../src -I..\Libraries\CMSIS\Include -I..\Libraries\Device\STM32F4xx\Include -I..\Libraries\STM32F4xx_StdPeriph_Driver\inc -O0 -ffunction-sections -fdata-sections -g -Wall -o Libraries\STM32F4xx_StdPeriph_Driver\src\stm32f4xx_dma.o ..\Libraries\STM32F4xx_StdPeriph_Driver\src\stm32f4xx_dma.c 
arm-atollic-eabi-gcc -c -mthumb -mcpu=cortex-m4 -mfloat-abi=hard -mfpu=fpv4-sp-d16 -std=gnu11 -DSTM32F4XX -DSTM32F40XX -DUSE_STDPERIPH_DRIVER -I../src -I..\Libraries\CMSIS\Include -I..\Libraries\Device\STM32F4xx\Include -I..\Libraries\STM32F4xx_StdPeriph_Driver\inc -O0 -ffunction-sections -fdata-sections -g -Wall -o Libraries\STM32F4xx_StdPeriph_Driver\src\stm32f4xx_hash_md5.o ..\Libraries\STM32F4xx_StdPeriph_Driver\src\stm32f4xx_hash_md5.c 
arm-atollic-eabi-gcc -c -mthumb -mcpu=cortex-m4 -mfloat-abi=hard -mfpu=fpv4-sp-d16 -std=gnu11 -DSTM32F4XX -DSTM32F40XX -DUSE_STDPERIPH_DRIVER -I../src -I..\Libraries\CMSIS\Include -I..\Libraries\Device\STM32F4xx\Include -I..\Libraries\STM32F4xx_StdPeriph_Driver\inc -O0 -ffunction-sections -fdata-sections -g -Wall -o Libraries\STM32F4xx_StdPeriph_Driver\src\stm32f4xx_can.o ..\Libraries\STM32F4xx_StdPeriph_Driver\src\stm32f4xx_can.c 
arm-atollic-eabi-gcc -c -mthumb -mcpu=cortex-m4 -mfloat-abi=hard -mfpu=fpv4-sp-d16 -std=gnu11 -DSTM32F4XX -DSTM32F40XX -DUSE_STDPERIPH_DRIVER -I../src -I..\Libraries\CMSIS\Include -I..\Libraries\Device\STM32F4xx\Include -I..\Libraries\STM32F4xx_StdPeriph_Driver\inc -O0 -ffunction-sections -fdata-sections -g -Wall -o Libraries\STM32F4xx_StdPeriph_Driver\src\stm32f4xx_dbgmcu.o ..\Libraries\STM32F4xx_StdPeriph_Driver\src\stm32f4xx_dbgmcu.c 
arm-atollic-eabi-gcc -c -mthumb -mcpu=cortex-m4 -mfloat-abi=hard -mfpu=fpv4-sp-d16 -std=gnu11 -DSTM32F4XX -DSTM32F40XX -DUSE_STDPERIPH_DRIVER -I../src -I..\Libraries\CMSIS\Include -I..\Libraries\Device\STM32F4xx\Include -I..\Libraries\STM32F4xx_StdPeriph_Driver\inc -O0 -ffunction-sections -fdata-sections -g -Wall -o Libraries\STM32F4xx_StdPeriph_Driver\src\stm32f4xx_hash_sha1.o ..\Libraries\STM32F4xx_StdPeriph_Driver\src\stm32f4xx_hash_sha1.c 
arm-atollic-eabi-gcc -c -mthumb -mcpu=cortex-m4 -mfloat-abi=hard -mfpu=fpv4-sp-d16 -std=gnu11 -DSTM32F4XX -DSTM32F40XX -DUSE_STDPERIPH_DRIVER -I../src -I..\Libraries\CMSIS\Include -I..\Libraries\Device\STM32F4xx\Include -I..\Libraries\STM32F4xx_StdPeriph_Driver\inc -O0 -ffunction-sections -fdata-sections -g -Wall -o Libraries\STM32F4xx_StdPeriph_Driver\src\stm32f4xx_crc.o ..\Libraries\STM32F4xx_StdPeriph_Driver\src\stm32f4xx_crc.c 
arm-atollic-eabi-gcc -c -mthumb -mcpu=cortex-m4 -mfloat-abi=hard -mfpu=fpv4-sp-d16 -std=gnu11 -DSTM32F4XX -DSTM32F40XX -DUSE_STDPERIPH_DRIVER -I../src -I..\Libraries\CMSIS\Include -I..\Libraries\Device\STM32F4xx\Include -I..\Libraries\STM32F4xx_StdPeriph_Driver\inc -O0 -ffunction-sections -fdata-sections -g -Wall -o Libraries\STM32F4xx_StdPeriph_Driver\src\misc.o ..\Libraries\STM32F4xx_StdPeriph_Driver\src\misc.c 
arm-atollic-eabi-gcc -c -mthumb -mcpu=cortex-m4 -mfloat-abi=hard -mfpu=fpv4-sp-d16 -std=gnu11 -DSTM32F4XX -DSTM32F40XX -DUSE_STDPERIPH_DRIVER -I../src -I..\Libraries\CMSIS\Include -I..\Libraries\Device\STM32F4xx\Include -I..\Libraries\STM32F4xx_StdPeriph_Driver\inc -O0 -ffunction-sections -fdata-sections -g -Wall -o Libraries\STM32F4xx_StdPeriph_Driver\src\stm32f4xx_sdio.o ..\Libraries\STM32F4xx_StdPeriph_Driver\src\stm32f4xx_sdio.c 
arm-atollic-eabi-gcc -c -mthumb -mcpu=cortex-m4 -mfloat-abi=hard -mfpu=fpv4-sp-d16 -std=gnu11 -DSTM32F4XX -DSTM32F40XX -DUSE_STDPERIPH_DRIVER -I../src -I..\Libraries\CMSIS\Include -I..\Libraries\Device\STM32F4xx\Include -I..\Libraries\STM32F4xx_StdPeriph_Driver\inc -O0 -ffunction-sections -fdata-sections -g -Wall -o Libraries\STM32F4xx_StdPeriph_Driver\src\stm32f4xx_wwdg.o ..\Libraries\STM32F4xx_StdPeriph_Driver\src\stm32f4xx_wwdg.c 
arm-atollic-eabi-gcc -c -mthumb -mcpu=cortex-m4 -mfloat-abi=hard -mfpu=fpv4-sp-d16 -std=gnu11 -DSTM32F4XX -DSTM32F40XX -DUSE_STDPERIPH_DRIVER -I../src -I..\Libraries\CMSIS\Include -I..\Libraries\Device\STM32F4xx\Include -I..\Libraries\STM32F4xx_StdPeriph_Driver\inc -O0 -ffunction-sections -fdata-sections -g -Wall -o Libraries\STM32F4xx_StdPeriph_Driver\src\stm32f4xx_i2c.o ..\Libraries\STM32F4xx_StdPeriph_Driver\src\stm32f4xx_i2c.c 
arm-atollic-eabi-gcc -c -mthumb -mcpu=cortex-m4 -mfloat-abi=hard -mfpu=fpv4-sp-d16 -std=gnu11 -DSTM32F4XX -DSTM32F40XX -DUSE_STDPERIPH_DRIVER -I../src -I..\Libraries\CMSIS\Include -I..\Libraries\Device\STM32F4xx\Include -I..\Libraries\STM32F4xx_StdPeriph_Driver\inc -O0 -ffunction-sections -fdata-sections -g -Wall -o Libraries\STM32F4xx_StdPeriph_Driver\src\stm32f4xx_fsmc.o ..\Libraries\STM32F4xx_StdPeriph_Driver\src\stm32f4xx_fsmc.c 
arm-atollic-eabi-gcc -c -mthumb -mcpu=cortex-m4 -mfloat-abi=hard -mfpu=fpv4-sp-d16 -std=gnu11 -DSTM32F4XX -DSTM32F40XX -DUSE_STDPERIPH_DRIVER -I../src -I..\Libraries\CMSIS\Include -I..\Libraries\Device\STM32F4xx\Include -I..\Libraries\STM32F4xx_StdPeriph_Driver\inc -O0 -ffunction-sections -fdata-sections -g -Wall -o Libraries\STM32F4xx_StdPeriph_Driver\src\stm32f4xx_cryp_tdes.o ..\Libraries\STM32F4xx_StdPeriph_Driver\src\stm32f4xx_cryp_tdes.c 
arm-atollic-eabi-gcc -c -mthumb -mcpu=cortex-m4 -mfloat-abi=hard -mfpu=fpv4-sp-d16 -std=gnu11 -DSTM32F4XX -DSTM32F40XX -DUSE_STDPERIPH_DRIVER -I../src -I..\Libraries\CMSIS\Include -I..\Libraries\Device\STM32F4xx\Include -I..\Libraries\STM32F4xx_StdPeriph_Driver\inc -O0 -ffunction-sections -fdata-sections -g -Wall -o Libraries\STM32F4xx_StdPeriph_Driver\src\stm32f4xx_exti.o ..\Libraries\STM32F4xx_StdPeriph_Driver\src\stm32f4xx_exti.c 
arm-atollic-eabi-gcc -c -mthumb -mcpu=cortex-m4 -mfloat-abi=hard -mfpu=fpv4-sp-d16 -std=gnu11 -DSTM32F4XX -DSTM32F40XX -DUSE_STDPERIPH_DRIVER -I../src -I..\Libraries\CMSIS\Include -I..\Libraries\Device\STM32F4xx\Include -I..\Libraries\STM32F4xx_StdPeriph_Driver\inc -O0 -ffunction-sections -fdata-sections -g -Wall -o Libraries\STM32F4xx_StdPeriph_Driver\src\stm32f4xx_rtc.o ..\Libraries\STM32F4xx_StdPeriph_Driver\src\stm32f4xx_rtc.c 
arm-atollic-eabi-gcc -c -mthumb -mcpu=cortex-m4 -mfloat-abi=hard -mfpu=fpv4-sp-d16 -std=gnu11 -DSTM32F4XX -DSTM32F40XX -DUSE_STDPERIPH_DRIVER -I../src -I..\Libraries\CMSIS\Include -I..\Libraries\Device\STM32F4xx\Include -I..\Libraries\STM32F4xx_StdPeriph_Driver\inc -O0 -ffunction-sections -fdata-sections -g -Wall -o Libraries\STM32F4xx_StdPeriph_Driver\src\stm32f4xx_rng.o ..\Libraries\STM32F4xx_StdPeriph_Driver\src\stm32f4xx_rng.c 
arm-atollic-eabi-gcc -c -mthumb -mcpu=cortex-m4 -mfloat-abi=hard -mfpu=fpv4-sp-d16 -std=gnu11 -DSTM32F4XX -DSTM32F40XX -DUSE_STDPERIPH_DRIVER -I../src -I..\Libraries\CMSIS\Include -I..\Libraries\Device\STM32F4xx\Include -I..\Libraries\STM32F4xx_StdPeriph_Driver\inc -O0 -ffunction-sections -fdata-sections -g -Wall -o Libraries\STM32F4xx_StdPeriph_Driver\src\stm32f4xx_spi.o ..\Libraries\STM32F4xx_StdPeriph_Driver\src\stm32f4xx_spi.c 
arm-atollic-eabi-gcc -c -mthumb -mcpu=cortex-m4 -mfloat-abi=hard -mfpu=fpv4-sp-d16 -std=gnu11 -DSTM32F4XX -DSTM32F40XX -DUSE_STDPERIPH_DRIVER -I../src -I..\Libraries\CMSIS\Include -I..\Libraries\Device\STM32F4xx\Include -I..\Libraries\STM32F4xx_StdPeriph_Driver\inc -O0 -ffunction-sections -fdata-sections -g -Wall -o Libraries\STM32F4xx_StdPeriph_Driver\src\stm32f4xx_iwdg.o ..\Libraries\STM32F4xx_StdPeriph_Driver\src\stm32f4xx_iwdg.c 
arm-atollic-eabi-gcc -c -mthumb -mcpu=cortex-m4 -mfloat-abi=hard -mfpu=fpv4-sp-d16 -std=gnu11 -DSTM32F4XX -DSTM32F40XX -DUSE_STDPERIPH_DRIVER -I../src -I..\Libraries\CMSIS\Include -I..\Libraries\Device\STM32F4xx\Include -I..\Libraries\STM32F4xx_StdPeriph_Driver\inc -O0 -ffunction-sections -fdata-sections -g -Wall -o Libraries\STM32F4xx_StdPeriph_Driver\src\stm32f4xx_cryp.o ..\Libraries\STM32F4xx_StdPeriph_Driver\src\stm32f4xx_cryp.c 
arm-atollic-eabi-gcc -c -mthumb -mcpu=cortex-m4 -mfloat-abi=hard -mfpu=fpv4-sp-d16 -std=gnu11 -DSTM32F4XX -DSTM32F40XX -DUSE_STDPERIPH_DRIVER -I../src -I..\Libraries\CMSIS\Include -I..\Libraries\Device\STM32F4xx\Include -I..\Libraries\STM32F4xx_StdPeriph_Driver\inc -O0 -ffunction-sections -fdata-sections -g -Wall -o Libraries\STM32F4xx_StdPeriph_Driver\src\stm32f4xx_hash.o ..\Libraries\STM32F4xx_StdPeriph_Driver\src\stm32f4xx_hash.c 
arm-atollic-eabi-gcc -c -mthumb -mcpu=cortex-m4 -mfloat-abi=hard -mfpu=fpv4-sp-d16 -std=gnu11 -DSTM32F4XX -DSTM32F40XX -DUSE_STDPERIPH_DRIVER -I../src -I..\Libraries\CMSIS\Include -I..\Libraries\Device\STM32F4xx\Include -I..\Libraries\STM32F4xx_StdPeriph_Driver\inc -O0 -ffunction-sections -fdata-sections -g -Wall -o Libraries\STM32F4xx_StdPeriph_Driver\src\stm32f4xx_cryp_aes.o ..\Libraries\STM32F4xx_StdPeriph_Driver\src\stm32f4xx_cryp_aes.c 
arm-atollic-eabi-gcc -c -mthumb -mcpu=cortex-m4 -mfloat-abi=hard -mfpu=fpv4-sp-d16 -std=gnu11 -DSTM32F4XX -DSTM32F40XX -DUSE_STDPERIPH_DRIVER -I../src -I..\Libraries\CMSIS\Include -I..\Libraries\Device\STM32F4xx\Include -I..\Libraries\STM32F4xx_StdPeriph_Driver\inc -O0 -ffunction-sections -fdata-sections -g -Wall -o Libraries\STM32F4xx_StdPeriph_Driver\src\stm32f4xx_tim.o ..\Libraries\STM32F4xx_StdPeriph_Driver\src\stm32f4xx_tim.c 
arm-atollic-eabi-gcc -c -mthumb -mcpu=cortex-m4 -mfloat-abi=hard -mfpu=fpv4-sp-d16 -std=gnu11 -DSTM32F4XX -DSTM32F40XX -DUSE_STDPERIPH_DRIVER -I../src -I..\Libraries\CMSIS\Include -I..\Libraries\Device\STM32F4xx\Include -I..\Libraries\STM32F4xx_StdPeriph_Driver\inc -O0 -ffunction-sections -fdata-sections -g -Wall -o Libraries\STM32F4xx_StdPeriph_Driver\src\stm32f4xx_usart.o ..\Libraries\STM32F4xx_StdPeriph_Driver\src\stm32f4xx_usart.c 
arm-atollic-eabi-gcc Libraries\STM32F4xx_StdPeriph_Driver\src\misc.o Libraries\STM32F4xx_StdPeriph_Driver\src\stm32f4xx_adc.o Libraries\STM32F4xx_StdPeriph_Driver\src\stm32f4xx_can.o Libraries\STM32F4xx_StdPeriph_Driver\src\stm32f4xx_crc.o Libraries\STM32F4xx_StdPeriph_Driver\src\stm32f4xx_cryp.o Libraries\STM32F4xx_StdPeriph_Driver\src\stm32f4xx_cryp_aes.o Libraries\STM32F4xx_StdPeriph_Driver\src\stm32f4xx_cryp_des.o Libraries\STM32F4xx_StdPeriph_Driver\src\stm32f4xx_cryp_tdes.o Libraries\STM32F4xx_StdPeriph_Driver\src\stm32f4xx_dac.o Libraries\STM32F4xx_StdPeriph_Driver\src\stm32f4xx_dbgmcu.o Libraries\STM32F4xx_StdPeriph_Driver\src\stm32f4xx_dcmi.o Libraries\STM32F4xx_StdPeriph_Driver\src\stm32f4xx_dma.o Libraries\STM32F4xx_StdPeriph_Driver\src\stm32f4xx_exti.o Libraries\STM32F4xx_StdPeriph_Driver\src\stm32f4xx_flash.o Libraries\STM32F4xx_StdPeriph_Driver\src\stm32f4xx_fsmc.o Libraries\STM32F4xx_StdPeriph_Driver\src\stm32f4xx_gpio.o Libraries\STM32F4xx_StdPeriph_Driver\src\stm32f4xx_hash.o Libraries\STM32F4xx_StdPeriph_Driver\src\stm32f4xx_hash_md5.o Libraries\STM32F4xx_StdPeriph_Driver\src\stm32f4xx_hash_sha1.o Libraries\STM32F4xx_StdPeriph_Driver\src\stm32f4xx_i2c.o Libraries\STM32F4xx_StdPeriph_Driver\src\stm32f4xx_iwdg.o Libraries\STM32F4xx_StdPeriph_Driver\src\stm32f4xx_pwr.o Libraries\STM32F4xx_StdPeriph_Driver\src\stm32f4xx_rcc.o Libraries\STM32F4xx_StdPeriph_Driver\src\stm32f4xx_rng.o Libraries\STM32F4xx_StdPeriph_Driver\src\stm32f4xx_rtc.o Libraries\STM32F4xx_StdPeriph_Driver\src\stm32f4xx_sdio.o Libraries\STM32F4xx_StdPeriph_Driver\src\stm32f4xx_spi.o Libraries\STM32F4xx_StdPeriph_Driver\src\stm32f4xx_syscfg.o Libraries\STM32F4xx_StdPeriph_Driver\src\stm32f4xx_tim.o Libraries\STM32F4xx_StdPeriph_Driver\src\stm32f4xx_usart.o Libraries\STM32F4xx_StdPeriph_Driver\src\stm32f4xx_wwdg.o src\main.o src\startup_stm32f40xx.o src\stm32f4xx_it.o src\system_stm32f4xx.o -o F401_cv1.elf -mthumb -mcpu=cortex-m4 -mfloat-abi=hard -mfpu=fpv4-sp-d16 -T..\stm32f4_flash.ld -Wl,--start-group -lc -lm -Wl,--end-group -specs=nosys.specs -static -Wl,-cref,-u,Reset_Handler -Wl,-Map=F401_cv1.map -Wl,--gc-sections -Wl,--defsym=malloc_getpagesize_P=0x80 
src\stm32f4xx_it.o:(.bss.svieti+0x0): multiple definition of `svieti'
src\main.o:(.bss.svieti+0x0): first defined here
collect2.exe: error: ld returned 1 exit status
21:04:10 **** Incremental Build of configuration Debug for project F401_cv1 ****
Info: Internal Builder is used for build
arm-atollic-eabi-gcc Libraries\STM32F4xx_StdPeriph_Driver\src\misc.o Libraries\STM32F4xx_StdPeriph_Driver\src\stm32f4xx_adc.o Libraries\STM32F4xx_StdPeriph_Driver\src\stm32f4xx_can.o Libraries\STM32F4xx_StdPeriph_Driver\src\stm32f4xx_crc.o Libraries\STM32F4xx_StdPeriph_Driver\src\stm32f4xx_cryp.o Libraries\STM32F4xx_StdPeriph_Driver\src\stm32f4xx_cryp_aes.o Libraries\STM32F4xx_StdPeriph_Driver\src\stm32f4xx_cryp_des.o Libraries\STM32F4xx_StdPeriph_Driver\src\stm32f4xx_cryp_tdes.o Libraries\STM32F4xx_StdPeriph_Driver\src\stm32f4xx_dac.o Libraries\STM32F4xx_StdPeriph_Driver\src\stm32f4xx_dbgmcu.o Libraries\STM32F4xx_StdPeriph_Driver\src\stm32f4xx_dcmi.o Libraries\STM32F4xx_StdPeriph_Driver\src\stm32f4xx_dma.o Libraries\STM32F4xx_StdPeriph_Driver\src\stm32f4xx_exti.o Libraries\STM32F4xx_StdPeriph_Driver\src\stm32f4xx_flash.o Libraries\STM32F4xx_StdPeriph_Driver\src\stm32f4xx_fsmc.o Libraries\STM32F4xx_StdPeriph_Driver\src\stm32f4xx_gpio.o Libraries\STM32F4xx_StdPeriph_Driver\src\stm32f4xx_hash.o Libraries\STM32F4xx_StdPeriph_Driver\src\stm32f4xx_hash_md5.o Libraries\STM32F4xx_StdPeriph_Driver\src\stm32f4xx_hash_sha1.o Libraries\STM32F4xx_StdPeriph_Driver\src\stm32f4xx_i2c.o Libraries\STM32F4xx_StdPeriph_Driver\src\stm32f4xx_iwdg.o Libraries\STM32F4xx_StdPeriph_Driver\src\stm32f4xx_pwr.o Libraries\STM32F4xx_StdPeriph_Driver\src\stm32f4xx_rcc.o Libraries\STM32F4xx_StdPeriph_Driver\src\stm32f4xx_rng.o Libraries\STM32F4xx_StdPeriph_Driver\src\stm32f4xx_rtc.o Libraries\STM32F4xx_StdPeriph_Driver\src\stm32f4xx_sdio.o Libraries\STM32F4xx_StdPeriph_Driver\src\stm32f4xx_spi.o Libraries\STM32F4xx_StdPeriph_Driver\src\stm32f4xx_syscfg.o Libraries\STM32F4xx_StdPeriph_Driver\src\stm32f4xx_tim.o Libraries\STM32F4xx_StdPeriph_Driver\src\stm32f4xx_usart.o Libraries\STM32F4xx_StdPeriph_Driver\src\stm32f4xx_wwdg.o src\main.o src\startup_stm32f40xx.o src\stm32f4xx_it.o src\system_stm32f4xx.o -o F401_cv1.elf -mthumb -mcpu=cortex-m4 -mfloat-abi=hard -mfpu=fpv4-sp-d16 -T..\stm32f4_flash.ld -Wl,--start-group -lc -lm -Wl,--end-group -specs=nosys.specs -static -Wl,-cref,-u,Reset_Handler -Wl,-Map=F401_cv1.map -Wl,--gc-sections -Wl,--defsym=malloc_getpagesize_P=0x80 
src\stm32f4xx_it.o:(.bss.svieti+0x0): multiple definition of `svieti'
src\main.o:(.bss.svieti+0x0): first defined here
collect2.exe: error: ld returned 1 exit status
21:04:39 **** Incremental Build of configuration Debug for project F401_cv1 ****
Info: Internal Builder is used for build
arm-atollic-eabi-gcc Libraries\STM32F4xx_StdPeriph_Driver\src\misc.o Libraries\STM32F4xx_StdPeriph_Driver\src\stm32f4xx_adc.o Libraries\STM32F4xx_StdPeriph_Driver\src\stm32f4xx_can.o Libraries\STM32F4xx_StdPeriph_Driver\src\stm32f4xx_crc.o Libraries\STM32F4xx_StdPeriph_Driver\src\stm32f4xx_cryp.o Libraries\STM32F4xx_StdPeriph_Driver\src\stm32f4xx_cryp_aes.o Libraries\STM32F4xx_StdPeriph_Driver\src\stm32f4xx_cryp_des.o Libraries\STM32F4xx_StdPeriph_Driver\src\stm32f4xx_cryp_tdes.o Libraries\STM32F4xx_StdPeriph_Driver\src\stm32f4xx_dac.o Libraries\STM32F4xx_StdPeriph_Driver\src\stm32f4xx_dbgmcu.o Libraries\STM32F4xx_StdPeriph_Driver\src\stm32f4xx_dcmi.o Libraries\STM32F4xx_StdPeriph_Driver\src\stm32f4xx_dma.o Libraries\STM32F4xx_StdPeriph_Driver\src\stm32f4xx_exti.o Libraries\STM32F4xx_StdPeriph_Driver\src\stm32f4xx_flash.o Libraries\STM32F4xx_StdPeriph_Driver\src\stm32f4xx_fsmc.o Libraries\STM32F4xx_StdPeriph_Driver\src\stm32f4xx_gpio.o Libraries\STM32F4xx_StdPeriph_Driver\src\stm32f4xx_hash.o Libraries\STM32F4xx_StdPeriph_Driver\src\stm32f4xx_hash_md5.o Libraries\STM32F4xx_StdPeriph_Driver\src\stm32f4xx_hash_sha1.o Libraries\STM32F4xx_StdPeriph_Driver\src\stm32f4xx_i2c.o Libraries\STM32F4xx_StdPeriph_Driver\src\stm32f4xx_iwdg.o Libraries\STM32F4xx_StdPeriph_Driver\src\stm32f4xx_pwr.o Libraries\STM32F4xx_StdPeriph_Driver\src\stm32f4xx_rcc.o Libraries\STM32F4xx_StdPeriph_Driver\src\stm32f4xx_rng.o Libraries\STM32F4xx_StdPeriph_Driver\src\stm32f4xx_rtc.o Libraries\STM32F4xx_StdPeriph_Driver\src\stm32f4xx_sdio.o Libraries\STM32F4xx_StdPeriph_Driver\src\stm32f4xx_spi.o Libraries\STM32F4xx_StdPeriph_Driver\src\stm32f4xx_syscfg.o Libraries\STM32F4xx_StdPeriph_Driver\src\stm32f4xx_tim.o Libraries\STM32F4xx_StdPeriph_Driver\src\stm32f4xx_usart.o Libraries\STM32F4xx_StdPeriph_Driver\src\stm32f4xx_wwdg.o src\main.o src\startup_stm32f40xx.o src\stm32f4xx_it.o src\system_stm32f4xx.o -o F401_cv1.elf -mthumb -mcpu=cortex-m4 -mfloat-abi=hard -mfpu=fpv4-sp-d16 -T..\stm32f4_flash.ld -Wl,--start-group -lc -lm -Wl,--end-group -specs=nosys.specs -static -Wl,-cref,-u,Reset_Handler -Wl,-Map=F401_cv1.map -Wl,--gc-sections -Wl,--defsym=malloc_getpagesize_P=0x80 
src\stm32f4xx_it.o:(.bss.svieti+0x0): multiple definition of `svieti'
src\main.o:(.bss.svieti+0x0): first defined here
collect2.exe: error: ld returned 1 exit status
21:06:42 **** Incremental Build of configuration Debug for project F401_cv1 ****
Info: Internal Builder is used for build
arm-atollic-eabi-gcc Libraries\STM32F4xx_StdPeriph_Driver\src\misc.o Libraries\STM32F4xx_StdPeriph_Driver\src\stm32f4xx_adc.o Libraries\STM32F4xx_StdPeriph_Driver\src\stm32f4xx_can.o Libraries\STM32F4xx_StdPeriph_Driver\src\stm32f4xx_crc.o Libraries\STM32F4xx_StdPeriph_Driver\src\stm32f4xx_cryp.o Libraries\STM32F4xx_StdPeriph_Driver\src\stm32f4xx_cryp_aes.o Libraries\STM32F4xx_StdPeriph_Driver\src\stm32f4xx_cryp_des.o Libraries\STM32F4xx_StdPeriph_Driver\src\stm32f4xx_cryp_tdes.o Libraries\STM32F4xx_StdPeriph_Driver\src\stm32f4xx_dac.o Libraries\STM32F4xx_StdPeriph_Driver\src\stm32f4xx_dbgmcu.o Libraries\STM32F4xx_StdPeriph_Driver\src\stm32f4xx_dcmi.o Libraries\STM32F4xx_StdPeriph_Driver\src\stm32f4xx_dma.o Libraries\STM32F4xx_StdPeriph_Driver\src\stm32f4xx_exti.o Libraries\STM32F4xx_StdPeriph_Driver\src\stm32f4xx_flash.o Libraries\STM32F4xx_StdPeriph_Driver\src\stm32f4xx_fsmc.o Libraries\STM32F4xx_StdPeriph_Driver\src\stm32f4xx_gpio.o Libraries\STM32F4xx_StdPeriph_Driver\src\stm32f4xx_hash.o Libraries\STM32F4xx_StdPeriph_Driver\src\stm32f4xx_hash_md5.o Libraries\STM32F4xx_StdPeriph_Driver\src\stm32f4xx_hash_sha1.o Libraries\STM32F4xx_StdPeriph_Driver\src\stm32f4xx_i2c.o Libraries\STM32F4xx_StdPeriph_Driver\src\stm32f4xx_iwdg.o Libraries\STM32F4xx_StdPeriph_Driver\src\stm32f4xx_pwr.o Libraries\STM32F4xx_StdPeriph_Driver\src\stm32f4xx_rcc.o Libraries\STM32F4xx_StdPeriph_Driver\src\stm32f4xx_rng.o Libraries\STM32F4xx_StdPeriph_Driver\src\stm32f4xx_rtc.o Libraries\STM32F4xx_StdPeriph_Driver\src\stm32f4xx_sdio.o Libraries\STM32F4xx_StdPeriph_Driver\src\stm32f4xx_spi.o Libraries\STM32F4xx_StdPeriph_Driver\src\stm32f4xx_syscfg.o Libraries\STM32F4xx_StdPeriph_Driver\src\stm32f4xx_tim.o Libraries\STM32F4xx_StdPeriph_Driver\src\stm32f4xx_usart.o Libraries\STM32F4xx_StdPeriph_Driver\src\stm32f4xx_wwdg.o src\main.o src\startup_stm32f40xx.o src\stm32f4xx_it.o src\system_stm32f4xx.o -o F401_cv1.elf -mthumb -mcpu=cortex-m4 -mfloat-abi=hard -mfpu=fpv4-sp-d16 -T..\stm32f4_flash.ld -Wl,--start-group -lc -lm -Wl,--end-group -specs=nosys.specs -static -Wl,-cref,-u,Reset_Handler -Wl,-Map=F401_cv1.map -Wl,--gc-sections -Wl,--defsym=malloc_getpagesize_P=0x80 
src\stm32f4xx_it.o:(.bss.svieti+0x0): multiple definition of `svieti'
src\main.o:(.bss.svieti+0x0): first defined here
collect2.exe: error: ld returned 1 exit status
21:06:45 **** Rebuild of configuration Debug for project F401_cv1 ****
Info: Internal Builder is used for build
arm-atollic-eabi-gcc -c -mthumb -mcpu=cortex-m4 -mfloat-abi=hard -mfpu=fpv4-sp-d16 -std=gnu11 -DSTM32F4XX -DSTM32F40XX -DUSE_STDPERIPH_DRIVER -I../src -I..\Libraries\CMSIS\Include -I..\Libraries\Device\STM32F4xx\Include -I..\Libraries\STM32F4xx_StdPeriph_Driver\inc -O0 -ffunction-sections -fdata-sections -g -Wall -o Libraries\STM32F4xx_StdPeriph_Driver\src\stm32f4xx_wwdg.o ..\Libraries\STM32F4xx_StdPeriph_Driver\src\stm32f4xx_wwdg.c 
arm-atollic-eabi-gcc -c -mthumb -mcpu=cortex-m4 -mfloat-abi=hard -mfpu=fpv4-sp-d16 -std=gnu11 -DSTM32F4XX -DSTM32F40XX -DUSE_STDPERIPH_DRIVER -I../src -I..\Libraries\CMSIS\Include -I..\Libraries\Device\STM32F4xx\Include -I..\Libraries\STM32F4xx_StdPeriph_Driver\inc -O0 -ffunction-sections -fdata-sections -g -Wall -o src\main.o ..\src\main.c 
..\src\main.c: In function 'main':
..\src\main.c:53:7: warning: unused variable 'button' [-Wunused-variable]
   int button = 0;
       ^
arm-atollic-eabi-gcc -c -mthumb -mcpu=cortex-m4 -mfloat-abi=hard -mfpu=fpv4-sp-d16 -std=gnu11 -DSTM32F4XX -DSTM32F40XX -DUSE_STDPERIPH_DRIVER -I../src -I..\Libraries\CMSIS\Include -I..\Libraries\Device\STM32F4xx\Include -I..\Libraries\STM32F4xx_StdPeriph_Driver\inc -O0 -ffunction-sections -fdata-sections -g -Wall -o Libraries\STM32F4xx_StdPeriph_Driver\src\stm32f4xx_can.o ..\Libraries\STM32F4xx_StdPeriph_Driver\src\stm32f4xx_can.c 
arm-atollic-eabi-gcc -c -mthumb -mcpu=cortex-m4 -mfloat-abi=hard -mfpu=fpv4-sp-d16 -g -Wa,--warn -x assembler-with-cpp -o src\startup_stm32f40xx.o ..\src\startup_stm32f40xx.s 
arm-atollic-eabi-gcc -c -mthumb -mcpu=cortex-m4 -mfloat-abi=hard -mfpu=fpv4-sp-d16 -std=gnu11 -DSTM32F4XX -DSTM32F40XX -DUSE_STDPERIPH_DRIVER -I../src -I..\Libraries\CMSIS\Include -I..\Libraries\Device\STM32F4xx\Include -I..\Libraries\STM32F4xx_StdPeriph_Driver\inc -O0 -ffunction-sections -fdata-sections -g -Wall -o Libraries\STM32F4xx_StdPeriph_Driver\src\stm32f4xx_hash.o ..\Libraries\STM32F4xx_StdPeriph_Driver\src\stm32f4xx_hash.c 
arm-atollic-eabi-gcc -c -mthumb -mcpu=cortex-m4 -mfloat-abi=hard -mfpu=fpv4-sp-d16 -std=gnu11 -DSTM32F4XX -DSTM32F40XX -DUSE_STDPERIPH_DRIVER -I../src -I..\Libraries\CMSIS\Include -I..\Libraries\Device\STM32F4xx\Include -I..\Libraries\STM32F4xx_StdPeriph_Driver\inc -O0 -ffunction-sections -fdata-sections -g -Wall -o Libraries\STM32F4xx_StdPeriph_Driver\src\misc.o ..\Libraries\STM32F4xx_StdPeriph_Driver\src\misc.c 
arm-atollic-eabi-gcc -c -mthumb -mcpu=cortex-m4 -mfloat-abi=hard -mfpu=fpv4-sp-d16 -std=gnu11 -DSTM32F4XX -DSTM32F40XX -DUSE_STDPERIPH_DRIVER -I../src -I..\Libraries\CMSIS\Include -I..\Libraries\Device\STM32F4xx\Include -I..\Libraries\STM32F4xx_StdPeriph_Driver\inc -O0 -ffunction-sections -fdata-sections -g -Wall -o Libraries\STM32F4xx_StdPeriph_Driver\src\stm32f4xx_hash_md5.o ..\Libraries\STM32F4xx_StdPeriph_Driver\src\stm32f4xx_hash_md5.c 
arm-atollic-eabi-gcc -c -mthumb -mcpu=cortex-m4 -mfloat-abi=hard -mfpu=fpv4-sp-d16 -std=gnu11 -DSTM32F4XX -DSTM32F40XX -DUSE_STDPERIPH_DRIVER -I../src -I..\Libraries\CMSIS\Include -I..\Libraries\Device\STM32F4xx\Include -I..\Libraries\STM32F4xx_StdPeriph_Driver\inc -O0 -ffunction-sections -fdata-sections -g -Wall -o src\stm32f4xx_it.o ..\src\stm32f4xx_it.c 
arm-atollic-eabi-gcc -c -mthumb -mcpu=cortex-m4 -mfloat-abi=hard -mfpu=fpv4-sp-d16 -std=gnu11 -DSTM32F4XX -DSTM32F40XX -DUSE_STDPERIPH_DRIVER -I../src -I..\Libraries\CMSIS\Include -I..\Libraries\Device\STM32F4xx\Include -I..\Libraries\STM32F4xx_StdPeriph_Driver\inc -O0 -ffunction-sections -fdata-sections -g -Wall -o Libraries\STM32F4xx_StdPeriph_Driver\src\stm32f4xx_pwr.o ..\Libraries\STM32F4xx_StdPeriph_Driver\src\stm32f4xx_pwr.c 
arm-atollic-eabi-gcc -c -mthumb -mcpu=cortex-m4 -mfloat-abi=hard -mfpu=fpv4-sp-d16 -std=gnu11 -DSTM32F4XX -DSTM32F40XX -DUSE_STDPERIPH_DRIVER -I../src -I..\Libraries\CMSIS\Include -I..\Libraries\Device\STM32F4xx\Include -I..\Libraries\STM32F4xx_StdPeriph_Driver\inc -O0 -ffunction-sections -fdata-sections -g -Wall -o Libraries\STM32F4xx_StdPeriph_Driver\src\stm32f4xx_cryp_tdes.o ..\Libraries\STM32F4xx_StdPeriph_Driver\src\stm32f4xx_cryp_tdes.c 
arm-atollic-eabi-gcc -c -mthumb -mcpu=cortex-m4 -mfloat-abi=hard -mfpu=fpv4-sp-d16 -std=gnu11 -DSTM32F4XX -DSTM32F40XX -DUSE_STDPERIPH_DRIVER -I../src -I..\Libraries\CMSIS\Include -I..\Libraries\Device\STM32F4xx\Include -I..\Libraries\STM32F4xx_StdPeriph_Driver\inc -O0 -ffunction-sections -fdata-sections -g -Wall -o Libraries\STM32F4xx_StdPeriph_Driver\src\stm32f4xx_gpio.o ..\Libraries\STM32F4xx_StdPeriph_Driver\src\stm32f4xx_gpio.c 
arm-atollic-eabi-gcc -c -mthumb -mcpu=cortex-m4 -mfloat-abi=hard -mfpu=fpv4-sp-d16 -std=gnu11 -DSTM32F4XX -DSTM32F40XX -DUSE_STDPERIPH_DRIVER -I../src -I..\Libraries\CMSIS\Include -I..\Libraries\Device\STM32F4xx\Include -I..\Libraries\STM32F4xx_StdPeriph_Driver\inc -O0 -ffunction-sections -fdata-sections -g -Wall -o Libraries\STM32F4xx_StdPeriph_Driver\src\stm32f4xx_cryp.o ..\Libraries\STM32F4xx_StdPeriph_Driver\src\stm32f4xx_cryp.c 
arm-atollic-eabi-gcc -c -mthumb -mcpu=cortex-m4 -mfloat-abi=hard -mfpu=fpv4-sp-d16 -std=gnu11 -DSTM32F4XX -DSTM32F40XX -DUSE_STDPERIPH_DRIVER -I../src -I..\Libraries\CMSIS\Include -I..\Libraries\Device\STM32F4xx\Include -I..\Libraries\STM32F4xx_StdPeriph_Driver\inc -O0 -ffunction-sections -fdata-sections -g -Wall -o Libraries\STM32F4xx_StdPeriph_Driver\src\stm32f4xx_cryp_aes.o ..\Libraries\STM32F4xx_StdPeriph_Driver\src\stm32f4xx_cryp_aes.c 
arm-atollic-eabi-gcc -c -mthumb -mcpu=cortex-m4 -mfloat-abi=hard -mfpu=fpv4-sp-d16 -std=gnu11 -DSTM32F4XX -DSTM32F40XX -DUSE_STDPERIPH_DRIVER -I../src -I..\Libraries\CMSIS\Include -I..\Libraries\Device\STM32F4xx\Include -I..\Libraries\STM32F4xx_StdPeriph_Driver\inc -O0 -ffunction-sections -fdata-sections -g -Wall -o Libraries\STM32F4xx_StdPeriph_Driver\src\stm32f4xx_dma.o ..\Libraries\STM32F4xx_StdPeriph_Driver\src\stm32f4xx_dma.c 
arm-atollic-eabi-gcc -c -mthumb -mcpu=cortex-m4 -mfloat-abi=hard -mfpu=fpv4-sp-d16 -std=gnu11 -DSTM32F4XX -DSTM32F40XX -DUSE_STDPERIPH_DRIVER -I../src -I..\Libraries\CMSIS\Include -I..\Libraries\Device\STM32F4xx\Include -I..\Libraries\STM32F4xx_StdPeriph_Driver\inc -O0 -ffunction-sections -fdata-sections -g -Wall -o Libraries\STM32F4xx_StdPeriph_Driver\src\stm32f4xx_spi.o ..\Libraries\STM32F4xx_StdPeriph_Driver\src\stm32f4xx_spi.c 
arm-atollic-eabi-gcc -c -mthumb -mcpu=cortex-m4 -mfloat-abi=hard -mfpu=fpv4-sp-d16 -std=gnu11 -DSTM32F4XX -DSTM32F40XX -DUSE_STDPERIPH_DRIVER -I../src -I..\Libraries\CMSIS\Include -I..\Libraries\Device\STM32F4xx\Include -I..\Libraries\STM32F4xx_StdPeriph_Driver\inc -O0 -ffunction-sections -fdata-sections -g -Wall -o Libraries\STM32F4xx_StdPeriph_Driver\src\stm32f4xx_syscfg.o ..\Libraries\STM32F4xx_StdPeriph_Driver\src\stm32f4xx_syscfg.c 
arm-atollic-eabi-gcc -c -mthumb -mcpu=cortex-m4 -mfloat-abi=hard -mfpu=fpv4-sp-d16 -std=gnu11 -DSTM32F4XX -DSTM32F40XX -DUSE_STDPERIPH_DRIVER -I../src -I..\Libraries\CMSIS\Include -I..\Libraries\Device\STM32F4xx\Include -I..\Libraries\STM32F4xx_StdPeriph_Driver\inc -O0 -ffunction-sections -fdata-sections -g -Wall -o Libraries\STM32F4xx_StdPeriph_Driver\src\stm32f4xx_flash.o ..\Libraries\STM32F4xx_StdPeriph_Driver\src\stm32f4xx_flash.c 
arm-atollic-eabi-gcc -c -mthumb -mcpu=cortex-m4 -mfloat-abi=hard -mfpu=fpv4-sp-d16 -std=gnu11 -DSTM32F4XX -DSTM32F40XX -DUSE_STDPERIPH_DRIVER -I../src -I..\Libraries\CMSIS\Include -I..\Libraries\Device\STM32F4xx\Include -I..\Libraries\STM32F4xx_StdPeriph_Driver\inc -O0 -ffunction-sections -fdata-sections -g -Wall -o Libraries\STM32F4xx_StdPeriph_Driver\src\stm32f4xx_hash_sha1.o ..\Libraries\STM32F4xx_StdPeriph_Driver\src\stm32f4xx_hash_sha1.c 
arm-atollic-eabi-gcc -c -mthumb -mcpu=cortex-m4 -mfloat-abi=hard -mfpu=fpv4-sp-d16 -std=gnu11 -DSTM32F4XX -DSTM32F40XX -DUSE_STDPERIPH_DRIVER -I../src -I..\Libraries\CMSIS\Include -I..\Libraries\Device\STM32F4xx\Include -I..\Libraries\STM32F4xx_StdPeriph_Driver\inc -O0 -ffunction-sections -fdata-sections -g -Wall -o Libraries\STM32F4xx_StdPeriph_Driver\src\stm32f4xx_crc.o ..\Libraries\STM32F4xx_StdPeriph_Driver\src\stm32f4xx_crc.c 
arm-atollic-eabi-gcc -c -mthumb -mcpu=cortex-m4 -mfloat-abi=hard -mfpu=fpv4-sp-d16 -std=gnu11 -DSTM32F4XX -DSTM32F40XX -DUSE_STDPERIPH_DRIVER -I../src -I..\Libraries\CMSIS\Include -I..\Libraries\Device\STM32F4xx\Include -I..\Libraries\STM32F4xx_StdPeriph_Driver\inc -O0 -ffunction-sections -fdata-sections -g -Wall -o Libraries\STM32F4xx_StdPeriph_Driver\src\stm32f4xx_cryp_des.o ..\Libraries\STM32F4xx_StdPeriph_Driver\src\stm32f4xx_cryp_des.c 
arm-atollic-eabi-gcc -c -mthumb -mcpu=cortex-m4 -mfloat-abi=hard -mfpu=fpv4-sp-d16 -std=gnu11 -DSTM32F4XX -DSTM32F40XX -DUSE_STDPERIPH_DRIVER -I../src -I..\Libraries\CMSIS\Include -I..\Libraries\Device\STM32F4xx\Include -I..\Libraries\STM32F4xx_StdPeriph_Driver\inc -O0 -ffunction-sections -fdata-sections -g -Wall -o Libraries\STM32F4xx_StdPeriph_Driver\src\stm32f4xx_rcc.o ..\Libraries\STM32F4xx_StdPeriph_Driver\src\stm32f4xx_rcc.c 
arm-atollic-eabi-gcc -c -mthumb -mcpu=cortex-m4 -mfloat-abi=hard -mfpu=fpv4-sp-d16 -std=gnu11 -DSTM32F4XX -DSTM32F40XX -DUSE_STDPERIPH_DRIVER -I../src -I..\Libraries\CMSIS\Include -I..\Libraries\Device\STM32F4xx\Include -I..\Libraries\STM32F4xx_StdPeriph_Driver\inc -O0 -ffunction-sections -fdata-sections -g -Wall -o src\system_stm32f4xx.o ..\src\system_stm32f4xx.c 
arm-atollic-eabi-gcc -c -mthumb -mcpu=cortex-m4 -mfloat-abi=hard -mfpu=fpv4-sp-d16 -std=gnu11 -DSTM32F4XX -DSTM32F40XX -DUSE_STDPERIPH_DRIVER -I../src -I..\Libraries\CMSIS\Include -I..\Libraries\Device\STM32F4xx\Include -I..\Libraries\STM32F4xx_StdPeriph_Driver\inc -O0 -ffunction-sections -fdata-sections -g -Wall -o Libraries\STM32F4xx_StdPeriph_Driver\src\stm32f4xx_exti.o ..\Libraries\STM32F4xx_StdPeriph_Driver\src\stm32f4xx_exti.c 
arm-atollic-eabi-gcc -c -mthumb -mcpu=cortex-m4 -mfloat-abi=hard -mfpu=fpv4-sp-d16 -std=gnu11 -DSTM32F4XX -DSTM32F40XX -DUSE_STDPERIPH_DRIVER -I../src -I..\Libraries\CMSIS\Include -I..\Libraries\Device\STM32F4xx\Include -I..\Libraries\STM32F4xx_StdPeriph_Driver\inc -O0 -ffunction-sections -fdata-sections -g -Wall -o Libraries\STM32F4xx_StdPeriph_Driver\src\stm32f4xx_dac.o ..\Libraries\STM32F4xx_StdPeriph_Driver\src\stm32f4xx_dac.c 
arm-atollic-eabi-gcc -c -mthumb -mcpu=cortex-m4 -mfloat-abi=hard -mfpu=fpv4-sp-d16 -std=gnu11 -DSTM32F4XX -DSTM32F40XX -DUSE_STDPERIPH_DRIVER -I../src -I..\Libraries\CMSIS\Include -I..\Libraries\Device\STM32F4xx\Include -I..\Libraries\STM32F4xx_StdPeriph_Driver\inc -O0 -ffunction-sections -fdata-sections -g -Wall -o Libraries\STM32F4xx_StdPeriph_Driver\src\stm32f4xx_dbgmcu.o ..\Libraries\STM32F4xx_StdPeriph_Driver\src\stm32f4xx_dbgmcu.c 
arm-atollic-eabi-gcc -c -mthumb -mcpu=cortex-m4 -mfloat-abi=hard -mfpu=fpv4-sp-d16 -std=gnu11 -DSTM32F4XX -DSTM32F40XX -DUSE_STDPERIPH_DRIVER -I../src -I..\Libraries\CMSIS\Include -I..\Libraries\Device\STM32F4xx\Include -I..\Libraries\STM32F4xx_StdPeriph_Driver\inc -O0 -ffunction-sections -fdata-sections -g -Wall -o Libraries\STM32F4xx_StdPeriph_Driver\src\stm32f4xx_rng.o ..\Libraries\STM32F4xx_StdPeriph_Driver\src\stm32f4xx_rng.c 
arm-atollic-eabi-gcc -c -mthumb -mcpu=cortex-m4 -mfloat-abi=hard -mfpu=fpv4-sp-d16 -std=gnu11 -DSTM32F4XX -DSTM32F40XX -DUSE_STDPERIPH_DRIVER -I../src -I..\Libraries\CMSIS\Include -I..\Libraries\Device\STM32F4xx\Include -I..\Libraries\STM32F4xx_StdPeriph_Driver\inc -O0 -ffunction-sections -fdata-sections -g -Wall -o Libraries\STM32F4xx_StdPeriph_Driver\src\stm32f4xx_fsmc.o ..\Libraries\STM32F4xx_StdPeriph_Driver\src\stm32f4xx_fsmc.c 
arm-atollic-eabi-gcc -c -mthumb -mcpu=cortex-m4 -mfloat-abi=hard -mfpu=fpv4-sp-d16 -std=gnu11 -DSTM32F4XX -DSTM32F40XX -DUSE_STDPERIPH_DRIVER -I../src -I..\Libraries\CMSIS\Include -I..\Libraries\Device\STM32F4xx\Include -I..\Libraries\STM32F4xx_StdPeriph_Driver\inc -O0 -ffunction-sections -fdata-sections -g -Wall -o Libraries\STM32F4xx_StdPeriph_Driver\src\stm32f4xx_dcmi.o ..\Libraries\STM32F4xx_StdPeriph_Driver\src\stm32f4xx_dcmi.c 
arm-atollic-eabi-gcc -c -mthumb -mcpu=cortex-m4 -mfloat-abi=hard -mfpu=fpv4-sp-d16 -std=gnu11 -DSTM32F4XX -DSTM32F40XX -DUSE_STDPERIPH_DRIVER -I../src -I..\Libraries\CMSIS\Include -I..\Libraries\Device\STM32F4xx\Include -I..\Libraries\STM32F4xx_StdPeriph_Driver\inc -O0 -ffunction-sections -fdata-sections -g -Wall -o Libraries\STM32F4xx_StdPeriph_Driver\src\stm32f4xx_usart.o ..\Libraries\STM32F4xx_StdPeriph_Driver\src\stm32f4xx_usart.c 
arm-atollic-eabi-gcc -c -mthumb -mcpu=cortex-m4 -mfloat-abi=hard -mfpu=fpv4-sp-d16 -std=gnu11 -DSTM32F4XX -DSTM32F40XX -DUSE_STDPERIPH_DRIVER -I../src -I..\Libraries\CMSIS\Include -I..\Libraries\Device\STM32F4xx\Include -I..\Libraries\STM32F4xx_StdPeriph_Driver\inc -O0 -ffunction-sections -fdata-sections -g -Wall -o Libraries\STM32F4xx_StdPeriph_Driver\src\stm32f4xx_sdio.o ..\Libraries\STM32F4xx_StdPeriph_Driver\src\stm32f4xx_sdio.c 
arm-atollic-eabi-gcc -c -mthumb -mcpu=cortex-m4 -mfloat-abi=hard -mfpu=fpv4-sp-d16 -std=gnu11 -DSTM32F4XX -DSTM32F40XX -DUSE_STDPERIPH_DRIVER -I../src -I..\Libraries\CMSIS\Include -I..\Libraries\Device\STM32F4xx\Include -I..\Libraries\STM32F4xx_StdPeriph_Driver\inc -O0 -ffunction-sections -fdata-sections -g -Wall -o Libraries\STM32F4xx_StdPeriph_Driver\src\stm32f4xx_i2c.o ..\Libraries\STM32F4xx_StdPeriph_Driver\src\stm32f4xx_i2c.c 
arm-atollic-eabi-gcc -c -mthumb -mcpu=cortex-m4 -mfloat-abi=hard -mfpu=fpv4-sp-d16 -std=gnu11 -DSTM32F4XX -DSTM32F40XX -DUSE_STDPERIPH_DRIVER -I../src -I..\Libraries\CMSIS\Include -I..\Libraries\Device\STM32F4xx\Include -I..\Libraries\STM32F4xx_StdPeriph_Driver\inc -O0 -ffunction-sections -fdata-sections -g -Wall -o Libraries\STM32F4xx_StdPeriph_Driver\src\stm32f4xx_rtc.o ..\Libraries\STM32F4xx_StdPeriph_Driver\src\stm32f4xx_rtc.c 
arm-atollic-eabi-gcc -c -mthumb -mcpu=cortex-m4 -mfloat-abi=hard -mfpu=fpv4-sp-d16 -std=gnu11 -DSTM32F4XX -DSTM32F40XX -DUSE_STDPERIPH_DRIVER -I../src -I..\Libraries\CMSIS\Include -I..\Libraries\Device\STM32F4xx\Include -I..\Libraries\STM32F4xx_StdPeriph_Driver\inc -O0 -ffunction-sections -fdata-sections -g -Wall -o Libraries\STM32F4xx_StdPeriph_Driver\src\stm32f4xx_tim.o ..\Libraries\STM32F4xx_StdPeriph_Driver\src\stm32f4xx_tim.c 
arm-atollic-eabi-gcc -c -mthumb -mcpu=cortex-m4 -mfloat-abi=hard -mfpu=fpv4-sp-d16 -std=gnu11 -DSTM32F4XX -DSTM32F40XX -DUSE_STDPERIPH_DRIVER -I../src -I..\Libraries\CMSIS\Include -I..\Libraries\Device\STM32F4xx\Include -I..\Libraries\STM32F4xx_StdPeriph_Driver\inc -O0 -ffunction-sections -fdata-sections -g -Wall -o Libraries\STM32F4xx_StdPeriph_Driver\src\stm32f4xx_adc.o ..\Libraries\STM32F4xx_StdPeriph_Driver\src\stm32f4xx_adc.c 
arm-atollic-eabi-gcc -c -mthumb -mcpu=cortex-m4 -mfloat-abi=hard -mfpu=fpv4-sp-d16 -std=gnu11 -DSTM32F4XX -DSTM32F40XX -DUSE_STDPERIPH_DRIVER -I../src -I..\Libraries\CMSIS\Include -I..\Libraries\Device\STM32F4xx\Include -I..\Libraries\STM32F4xx_StdPeriph_Driver\inc -O0 -ffunction-sections -fdata-sections -g -Wall -o Libraries\STM32F4xx_StdPeriph_Driver\src\stm32f4xx_iwdg.o ..\Libraries\STM32F4xx_StdPeriph_Driver\src\stm32f4xx_iwdg.c 
arm-atollic-eabi-gcc Libraries\STM32F4xx_StdPeriph_Driver\src\misc.o Libraries\STM32F4xx_StdPeriph_Driver\src\stm32f4xx_adc.o Libraries\STM32F4xx_StdPeriph_Driver\src\stm32f4xx_can.o Libraries\STM32F4xx_StdPeriph_Driver\src\stm32f4xx_crc.o Libraries\STM32F4xx_StdPeriph_Driver\src\stm32f4xx_cryp.o Libraries\STM32F4xx_StdPeriph_Driver\src\stm32f4xx_cryp_aes.o Libraries\STM32F4xx_StdPeriph_Driver\src\stm32f4xx_cryp_des.o Libraries\STM32F4xx_StdPeriph_Driver\src\stm32f4xx_cryp_tdes.o Libraries\STM32F4xx_StdPeriph_Driver\src\stm32f4xx_dac.o Libraries\STM32F4xx_StdPeriph_Driver\src\stm32f4xx_dbgmcu.o Libraries\STM32F4xx_StdPeriph_Driver\src\stm32f4xx_dcmi.o Libraries\STM32F4xx_StdPeriph_Driver\src\stm32f4xx_dma.o Libraries\STM32F4xx_StdPeriph_Driver\src\stm32f4xx_exti.o Libraries\STM32F4xx_StdPeriph_Driver\src\stm32f4xx_flash.o Libraries\STM32F4xx_StdPeriph_Driver\src\stm32f4xx_fsmc.o Libraries\STM32F4xx_StdPeriph_Driver\src\stm32f4xx_gpio.o Libraries\STM32F4xx_StdPeriph_Driver\src\stm32f4xx_hash.o Libraries\STM32F4xx_StdPeriph_Driver\src\stm32f4xx_hash_md5.o Libraries\STM32F4xx_StdPeriph_Driver\src\stm32f4xx_hash_sha1.o Libraries\STM32F4xx_StdPeriph_Driver\src\stm32f4xx_i2c.o Libraries\STM32F4xx_StdPeriph_Driver\src\stm32f4xx_iwdg.o Libraries\STM32F4xx_StdPeriph_Driver\src\stm32f4xx_pwr.o Libraries\STM32F4xx_StdPeriph_Driver\src\stm32f4xx_rcc.o Libraries\STM32F4xx_StdPeriph_Driver\src\stm32f4xx_rng.o Libraries\STM32F4xx_StdPeriph_Driver\src\stm32f4xx_rtc.o Libraries\STM32F4xx_StdPeriph_Driver\src\stm32f4xx_sdio.o Libraries\STM32F4xx_StdPeriph_Driver\src\stm32f4xx_spi.o Libraries\STM32F4xx_StdPeriph_Driver\src\stm32f4xx_syscfg.o Libraries\STM32F4xx_StdPeriph_Driver\src\stm32f4xx_tim.o Libraries\STM32F4xx_StdPeriph_Driver\src\stm32f4xx_usart.o Libraries\STM32F4xx_StdPeriph_Driver\src\stm32f4xx_wwdg.o src\main.o src\startup_stm32f40xx.o src\stm32f4xx_it.o src\system_stm32f4xx.o -o F401_cv1.elf -mthumb -mcpu=cortex-m4 -mfloat-abi=hard -mfpu=fpv4-sp-d16 -T..\stm32f4_flash.ld -Wl,--start-group -lc -lm -Wl,--end-group -specs=nosys.specs -static -Wl,-cref,-u,Reset_Handler -Wl,-Map=F401_cv1.map -Wl,--gc-sections -Wl,--defsym=malloc_getpagesize_P=0x80 
src\stm32f4xx_it.o:(.bss.svieti+0x0): multiple definition of `svieti'
src\main.o:(.bss.svieti+0x0): first defined here
collect2.exe: error: ld returned 1 exit status
21:07:01 **** Incremental Build of configuration Debug for project F401_cv1 ****
Info: Internal Builder is used for build
arm-atollic-eabi-gcc Libraries\STM32F4xx_StdPeriph_Driver\src\misc.o Libraries\STM32F4xx_StdPeriph_Driver\src\stm32f4xx_adc.o Libraries\STM32F4xx_StdPeriph_Driver\src\stm32f4xx_can.o Libraries\STM32F4xx_StdPeriph_Driver\src\stm32f4xx_crc.o Libraries\STM32F4xx_StdPeriph_Driver\src\stm32f4xx_cryp.o Libraries\STM32F4xx_StdPeriph_Driver\src\stm32f4xx_cryp_aes.o Libraries\STM32F4xx_StdPeriph_Driver\src\stm32f4xx_cryp_des.o Libraries\STM32F4xx_StdPeriph_Driver\src\stm32f4xx_cryp_tdes.o Libraries\STM32F4xx_StdPeriph_Driver\src\stm32f4xx_dac.o Libraries\STM32F4xx_StdPeriph_Driver\src\stm32f4xx_dbgmcu.o Libraries\STM32F4xx_StdPeriph_Driver\src\stm32f4xx_dcmi.o Libraries\STM32F4xx_StdPeriph_Driver\src\stm32f4xx_dma.o Libraries\STM32F4xx_StdPeriph_Driver\src\stm32f4xx_exti.o Libraries\STM32F4xx_StdPeriph_Driver\src\stm32f4xx_flash.o Libraries\STM32F4xx_StdPeriph_Driver\src\stm32f4xx_fsmc.o Libraries\STM32F4xx_StdPeriph_Driver\src\stm32f4xx_gpio.o Libraries\STM32F4xx_StdPeriph_Driver\src\stm32f4xx_hash.o Libraries\STM32F4xx_StdPeriph_Driver\src\stm32f4xx_hash_md5.o Libraries\STM32F4xx_StdPeriph_Driver\src\stm32f4xx_hash_sha1.o Libraries\STM32F4xx_StdPeriph_Driver\src\stm32f4xx_i2c.o Libraries\STM32F4xx_StdPeriph_Driver\src\stm32f4xx_iwdg.o Libraries\STM32F4xx_StdPeriph_Driver\src\stm32f4xx_pwr.o Libraries\STM32F4xx_StdPeriph_Driver\src\stm32f4xx_rcc.o Libraries\STM32F4xx_StdPeriph_Driver\src\stm32f4xx_rng.o Libraries\STM32F4xx_StdPeriph_Driver\src\stm32f4xx_rtc.o Libraries\STM32F4xx_StdPeriph_Driver\src\stm32f4xx_sdio.o Libraries\STM32F4xx_StdPeriph_Driver\src\stm32f4xx_spi.o Libraries\STM32F4xx_StdPeriph_Driver\src\stm32f4xx_syscfg.o Libraries\STM32F4xx_StdPeriph_Driver\src\stm32f4xx_tim.o Libraries\STM32F4xx_StdPeriph_Driver\src\stm32f4xx_usart.o Libraries\STM32F4xx_StdPeriph_Driver\src\stm32f4xx_wwdg.o src\main.o src\startup_stm32f40xx.o src\stm32f4xx_it.o src\system_stm32f4xx.o -o F401_cv1.elf -mthumb -mcpu=cortex-m4 -mfloat-abi=hard -mfpu=fpv4-sp-d16 -T..\stm32f4_flash.ld -Wl,--start-group -lc -lm -Wl,--end-group -specs=nosys.specs -static -Wl,-cref,-u,Reset_Handler -Wl,-Map=F401_cv1.map -Wl,--gc-sections -Wl,--defsym=malloc_getpagesize_P=0x80 
src\stm32f4xx_it.o:(.bss.svieti+0x0): multiple definition of `svieti'
src\main.o:(.bss.svieti+0x0): first defined here
collect2.exe: error: ld returned 1 exit status
21:07:53 **** Rebuild of configuration Debug for project F401_cv1 ****
Info: Internal Builder is used for build
arm-atollic-eabi-gcc -c -mthumb -mcpu=cortex-m4 -mfloat-abi=hard -mfpu=fpv4-sp-d16 -std=gnu11 -DSTM32F4XX -DSTM32F40XX -DUSE_STDPERIPH_DRIVER -I../src -I..\Libraries\CMSIS\Include -I..\Libraries\Device\STM32F4xx\Include -I..\Libraries\STM32F4xx_StdPeriph_Driver\inc -O0 -ffunction-sections -fdata-sections -g -Wall -o Libraries\STM32F4xx_StdPeriph_Driver\src\stm32f4xx_usart.o ..\Libraries\STM32F4xx_StdPeriph_Driver\src\stm32f4xx_usart.c 
arm-atollic-eabi-gcc -c -mthumb -mcpu=cortex-m4 -mfloat-abi=hard -mfpu=fpv4-sp-d16 -std=gnu11 -DSTM32F4XX -DSTM32F40XX -DUSE_STDPERIPH_DRIVER -I../src -I..\Libraries\CMSIS\Include -I..\Libraries\Device\STM32F4xx\Include -I..\Libraries\STM32F4xx_StdPeriph_Driver\inc -O0 -ffunction-sections -fdata-sections -g -Wall -o Libraries\STM32F4xx_StdPeriph_Driver\src\stm32f4xx_spi.o ..\Libraries\STM32F4xx_StdPeriph_Driver\src\stm32f4xx_spi.c 
arm-atollic-eabi-gcc -c -mthumb -mcpu=cortex-m4 -mfloat-abi=hard -mfpu=fpv4-sp-d16 -std=gnu11 -DSTM32F4XX -DSTM32F40XX -DUSE_STDPERIPH_DRIVER -I../src -I..\Libraries\CMSIS\Include -I..\Libraries\Device\STM32F4xx\Include -I..\Libraries\STM32F4xx_StdPeriph_Driver\inc -O0 -ffunction-sections -fdata-sections -g -Wall -o Libraries\STM32F4xx_StdPeriph_Driver\src\stm32f4xx_hash_sha1.o ..\Libraries\STM32F4xx_StdPeriph_Driver\src\stm32f4xx_hash_sha1.c 
arm-atollic-eabi-gcc -c -mthumb -mcpu=cortex-m4 -mfloat-abi=hard -mfpu=fpv4-sp-d16 -std=gnu11 -DSTM32F4XX -DSTM32F40XX -DUSE_STDPERIPH_DRIVER -I../src -I..\Libraries\CMSIS\Include -I..\Libraries\Device\STM32F4xx\Include -I..\Libraries\STM32F4xx_StdPeriph_Driver\inc -O0 -ffunction-sections -fdata-sections -g -Wall -o src\system_stm32f4xx.o ..\src\system_stm32f4xx.c 
arm-atollic-eabi-gcc -c -mthumb -mcpu=cortex-m4 -mfloat-abi=hard -mfpu=fpv4-sp-d16 -std=gnu11 -DSTM32F4XX -DSTM32F40XX -DUSE_STDPERIPH_DRIVER -I../src -I..\Libraries\CMSIS\Include -I..\Libraries\Device\STM32F4xx\Include -I..\Libraries\STM32F4xx_StdPeriph_Driver\inc -O0 -ffunction-sections -fdata-sections -g -Wall -o Libraries\STM32F4xx_StdPeriph_Driver\src\stm32f4xx_i2c.o ..\Libraries\STM32F4xx_StdPeriph_Driver\src\stm32f4xx_i2c.c 
arm-atollic-eabi-gcc -c -mthumb -mcpu=cortex-m4 -mfloat-abi=hard -mfpu=fpv4-sp-d16 -std=gnu11 -DSTM32F4XX -DSTM32F40XX -DUSE_STDPERIPH_DRIVER -I../src -I..\Libraries\CMSIS\Include -I..\Libraries\Device\STM32F4xx\Include -I..\Libraries\STM32F4xx_StdPeriph_Driver\inc -O0 -ffunction-sections -fdata-sections -g -Wall -o Libraries\STM32F4xx_StdPeriph_Driver\src\stm32f4xx_rtc.o ..\Libraries\STM32F4xx_StdPeriph_Driver\src\stm32f4xx_rtc.c 
arm-atollic-eabi-gcc -c -mthumb -mcpu=cortex-m4 -mfloat-abi=hard -mfpu=fpv4-sp-d16 -std=gnu11 -DSTM32F4XX -DSTM32F40XX -DUSE_STDPERIPH_DRIVER -I../src -I..\Libraries\CMSIS\Include -I..\Libraries\Device\STM32F4xx\Include -I..\Libraries\STM32F4xx_StdPeriph_Driver\inc -O0 -ffunction-sections -fdata-sections -g -Wall -o Libraries\STM32F4xx_StdPeriph_Driver\src\stm32f4xx_can.o ..\Libraries\STM32F4xx_StdPeriph_Driver\src\stm32f4xx_can.c 
arm-atollic-eabi-gcc -c -mthumb -mcpu=cortex-m4 -mfloat-abi=hard -mfpu=fpv4-sp-d16 -std=gnu11 -DSTM32F4XX -DSTM32F40XX -DUSE_STDPERIPH_DRIVER -I../src -I..\Libraries\CMSIS\Include -I..\Libraries\Device\STM32F4xx\Include -I..\Libraries\STM32F4xx_StdPeriph_Driver\inc -O0 -ffunction-sections -fdata-sections -g -Wall -o Libraries\STM32F4xx_StdPeriph_Driver\src\misc.o ..\Libraries\STM32F4xx_StdPeriph_Driver\src\misc.c 
arm-atollic-eabi-gcc -c -mthumb -mcpu=cortex-m4 -mfloat-abi=hard -mfpu=fpv4-sp-d16 -std=gnu11 -DSTM32F4XX -DSTM32F40XX -DUSE_STDPERIPH_DRIVER -I../src -I..\Libraries\CMSIS\Include -I..\Libraries\Device\STM32F4xx\Include -I..\Libraries\STM32F4xx_StdPeriph_Driver\inc -O0 -ffunction-sections -fdata-sections -g -Wall -o src\stm32f4xx_it.o ..\src\stm32f4xx_it.c 
arm-atollic-eabi-gcc -c -mthumb -mcpu=cortex-m4 -mfloat-abi=hard -mfpu=fpv4-sp-d16 -std=gnu11 -DSTM32F4XX -DSTM32F40XX -DUSE_STDPERIPH_DRIVER -I../src -I..\Libraries\CMSIS\Include -I..\Libraries\Device\STM32F4xx\Include -I..\Libraries\STM32F4xx_StdPeriph_Driver\inc -O0 -ffunction-sections -fdata-sections -g -Wall -o Libraries\STM32F4xx_StdPeriph_Driver\src\stm32f4xx_dcmi.o ..\Libraries\STM32F4xx_StdPeriph_Driver\src\stm32f4xx_dcmi.c 
arm-atollic-eabi-gcc -c -mthumb -mcpu=cortex-m4 -mfloat-abi=hard -mfpu=fpv4-sp-d16 -std=gnu11 -DSTM32F4XX -DSTM32F40XX -DUSE_STDPERIPH_DRIVER -I../src -I..\Libraries\CMSIS\Include -I..\Libraries\Device\STM32F4xx\Include -I..\Libraries\STM32F4xx_StdPeriph_Driver\inc -O0 -ffunction-sections -fdata-sections -g -Wall -o Libraries\STM32F4xx_StdPeriph_Driver\src\stm32f4xx_gpio.o ..\Libraries\STM32F4xx_StdPeriph_Driver\src\stm32f4xx_gpio.c 
arm-atollic-eabi-gcc -c -mthumb -mcpu=cortex-m4 -mfloat-abi=hard -mfpu=fpv4-sp-d16 -std=gnu11 -DSTM32F4XX -DSTM32F40XX -DUSE_STDPERIPH_DRIVER -I../src -I..\Libraries\CMSIS\Include -I..\Libraries\Device\STM32F4xx\Include -I..\Libraries\STM32F4xx_StdPeriph_Driver\inc -O0 -ffunction-sections -fdata-sections -g -Wall -o Libraries\STM32F4xx_StdPeriph_Driver\src\stm32f4xx_cryp_des.o ..\Libraries\STM32F4xx_StdPeriph_Driver\src\stm32f4xx_cryp_des.c 
arm-atollic-eabi-gcc -c -mthumb -mcpu=cortex-m4 -mfloat-abi=hard -mfpu=fpv4-sp-d16 -std=gnu11 -DSTM32F4XX -DSTM32F40XX -DUSE_STDPERIPH_DRIVER -I../src -I..\Libraries\CMSIS\Include -I..\Libraries\Device\STM32F4xx\Include -I..\Libraries\STM32F4xx_StdPeriph_Driver\inc -O0 -ffunction-sections -fdata-sections -g -Wall -o Libraries\STM32F4xx_StdPeriph_Driver\src\stm32f4xx_iwdg.o ..\Libraries\STM32F4xx_StdPeriph_Driver\src\stm32f4xx_iwdg.c 
arm-atollic-eabi-gcc -c -mthumb -mcpu=cortex-m4 -mfloat-abi=hard -mfpu=fpv4-sp-d16 -std=gnu11 -DSTM32F4XX -DSTM32F40XX -DUSE_STDPERIPH_DRIVER -I../src -I..\Libraries\CMSIS\Include -I..\Libraries\Device\STM32F4xx\Include -I..\Libraries\STM32F4xx_StdPeriph_Driver\inc -O0 -ffunction-sections -fdata-sections -g -Wall -o Libraries\STM32F4xx_StdPeriph_Driver\src\stm32f4xx_hash.o ..\Libraries\STM32F4xx_StdPeriph_Driver\src\stm32f4xx_hash.c 
arm-atollic-eabi-gcc -c -mthumb -mcpu=cortex-m4 -mfloat-abi=hard -mfpu=fpv4-sp-d16 -std=gnu11 -DSTM32F4XX -DSTM32F40XX -DUSE_STDPERIPH_DRIVER -I../src -I..\Libraries\CMSIS\Include -I..\Libraries\Device\STM32F4xx\Include -I..\Libraries\STM32F4xx_StdPeriph_Driver\inc -O0 -ffunction-sections -fdata-sections -g -Wall -o Libraries\STM32F4xx_StdPeriph_Driver\src\stm32f4xx_exti.o ..\Libraries\STM32F4xx_StdPeriph_Driver\src\stm32f4xx_exti.c 
arm-atollic-eabi-gcc -c -mthumb -mcpu=cortex-m4 -mfloat-abi=hard -mfpu=fpv4-sp-d16 -std=gnu11 -DSTM32F4XX -DSTM32F40XX -DUSE_STDPERIPH_DRIVER -I../src -I..\Libraries\CMSIS\Include -I..\Libraries\Device\STM32F4xx\Include -I..\Libraries\STM32F4xx_StdPeriph_Driver\inc -O0 -ffunction-sections -fdata-sections -g -Wall -o Libraries\STM32F4xx_StdPeriph_Driver\src\stm32f4xx_sdio.o ..\Libraries\STM32F4xx_StdPeriph_Driver\src\stm32f4xx_sdio.c 
arm-atollic-eabi-gcc -c -mthumb -mcpu=cortex-m4 -mfloat-abi=hard -mfpu=fpv4-sp-d16 -std=gnu11 -DSTM32F4XX -DSTM32F40XX -DUSE_STDPERIPH_DRIVER -I../src -I..\Libraries\CMSIS\Include -I..\Libraries\Device\STM32F4xx\Include -I..\Libraries\STM32F4xx_StdPeriph_Driver\inc -O0 -ffunction-sections -fdata-sections -g -Wall -o Libraries\STM32F4xx_StdPeriph_Driver\src\stm32f4xx_wwdg.o ..\Libraries\STM32F4xx_StdPeriph_Driver\src\stm32f4xx_wwdg.c 
arm-atollic-eabi-gcc -c -mthumb -mcpu=cortex-m4 -mfloat-abi=hard -mfpu=fpv4-sp-d16 -std=gnu11 -DSTM32F4XX -DSTM32F40XX -DUSE_STDPERIPH_DRIVER -I../src -I..\Libraries\CMSIS\Include -I..\Libraries\Device\STM32F4xx\Include -I..\Libraries\STM32F4xx_StdPeriph_Driver\inc -O0 -ffunction-sections -fdata-sections -g -Wall -o Libraries\STM32F4xx_StdPeriph_Driver\src\stm32f4xx_pwr.o ..\Libraries\STM32F4xx_StdPeriph_Driver\src\stm32f4xx_pwr.c 
arm-atollic-eabi-gcc -c -mthumb -mcpu=cortex-m4 -mfloat-abi=hard -mfpu=fpv4-sp-d16 -std=gnu11 -DSTM32F4XX -DSTM32F40XX -DUSE_STDPERIPH_DRIVER -I../src -I..\Libraries\CMSIS\Include -I..\Libraries\Device\STM32F4xx\Include -I..\Libraries\STM32F4xx_StdPeriph_Driver\inc -O0 -ffunction-sections -fdata-sections -g -Wall -o Libraries\STM32F4xx_StdPeriph_Driver\src\stm32f4xx_syscfg.o ..\Libraries\STM32F4xx_StdPeriph_Driver\src\stm32f4xx_syscfg.c 
arm-atollic-eabi-gcc -c -mthumb -mcpu=cortex-m4 -mfloat-abi=hard -mfpu=fpv4-sp-d16 -std=gnu11 -DSTM32F4XX -DSTM32F40XX -DUSE_STDPERIPH_DRIVER -I../src -I..\Libraries\CMSIS\Include -I..\Libraries\Device\STM32F4xx\Include -I..\Libraries\STM32F4xx_StdPeriph_Driver\inc -O0 -ffunction-sections -fdata-sections -g -Wall -o Libraries\STM32F4xx_StdPeriph_Driver\src\stm32f4xx_dbgmcu.o ..\Libraries\STM32F4xx_StdPeriph_Driver\src\stm32f4xx_dbgmcu.c 
arm-atollic-eabi-gcc -c -mthumb -mcpu=cortex-m4 -mfloat-abi=hard -mfpu=fpv4-sp-d16 -std=gnu11 -DSTM32F4XX -DSTM32F40XX -DUSE_STDPERIPH_DRIVER -I../src -I..\Libraries\CMSIS\Include -I..\Libraries\Device\STM32F4xx\Include -I..\Libraries\STM32F4xx_StdPeriph_Driver\inc -O0 -ffunction-sections -fdata-sections -g -Wall -o Libraries\STM32F4xx_StdPeriph_Driver\src\stm32f4xx_crc.o ..\Libraries\STM32F4xx_StdPeriph_Driver\src\stm32f4xx_crc.c 
arm-atollic-eabi-gcc -c -mthumb -mcpu=cortex-m4 -mfloat-abi=hard -mfpu=fpv4-sp-d16 -std=gnu11 -DSTM32F4XX -DSTM32F40XX -DUSE_STDPERIPH_DRIVER -I../src -I..\Libraries\CMSIS\Include -I..\Libraries\Device\STM32F4xx\Include -I..\Libraries\STM32F4xx_StdPeriph_Driver\inc -O0 -ffunction-sections -fdata-sections -g -Wall -o Libraries\STM32F4xx_StdPeriph_Driver\src\stm32f4xx_hash_md5.o ..\Libraries\STM32F4xx_StdPeriph_Driver\src\stm32f4xx_hash_md5.c 
arm-atollic-eabi-gcc -c -mthumb -mcpu=cortex-m4 -mfloat-abi=hard -mfpu=fpv4-sp-d16 -std=gnu11 -DSTM32F4XX -DSTM32F40XX -DUSE_STDPERIPH_DRIVER -I../src -I..\Libraries\CMSIS\Include -I..\Libraries\Device\STM32F4xx\Include -I..\Libraries\STM32F4xx_StdPeriph_Driver\inc -O0 -ffunction-sections -fdata-sections -g -Wall -o Libraries\STM32F4xx_StdPeriph_Driver\src\stm32f4xx_tim.o ..\Libraries\STM32F4xx_StdPeriph_Driver\src\stm32f4xx_tim.c 
arm-atollic-eabi-gcc -c -mthumb -mcpu=cortex-m4 -mfloat-abi=hard -mfpu=fpv4-sp-d16 -std=gnu11 -DSTM32F4XX -DSTM32F40XX -DUSE_STDPERIPH_DRIVER -I../src -I..\Libraries\CMSIS\Include -I..\Libraries\Device\STM32F4xx\Include -I..\Libraries\STM32F4xx_StdPeriph_Driver\inc -O0 -ffunction-sections -fdata-sections -g -Wall -o Libraries\STM32F4xx_StdPeriph_Driver\src\stm32f4xx_cryp_aes.o ..\Libraries\STM32F4xx_StdPeriph_Driver\src\stm32f4xx_cryp_aes.c 
arm-atollic-eabi-gcc -c -mthumb -mcpu=cortex-m4 -mfloat-abi=hard -mfpu=fpv4-sp-d16 -std=gnu11 -DSTM32F4XX -DSTM32F40XX -DUSE_STDPERIPH_DRIVER -I../src -I..\Libraries\CMSIS\Include -I..\Libraries\Device\STM32F4xx\Include -I..\Libraries\STM32F4xx_StdPeriph_Driver\inc -O0 -ffunction-sections -fdata-sections -g -Wall -o Libraries\STM32F4xx_StdPeriph_Driver\src\stm32f4xx_flash.o ..\Libraries\STM32F4xx_StdPeriph_Driver\src\stm32f4xx_flash.c 
arm-atollic-eabi-gcc -c -mthumb -mcpu=cortex-m4 -mfloat-abi=hard -mfpu=fpv4-sp-d16 -std=gnu11 -DSTM32F4XX -DSTM32F40XX -DUSE_STDPERIPH_DRIVER -I../src -I..\Libraries\CMSIS\Include -I..\Libraries\Device\STM32F4xx\Include -I..\Libraries\STM32F4xx_StdPeriph_Driver\inc -O0 -ffunction-sections -fdata-sections -g -Wall -o Libraries\STM32F4xx_StdPeriph_Driver\src\stm32f4xx_cryp.o ..\Libraries\STM32F4xx_StdPeriph_Driver\src\stm32f4xx_cryp.c 
arm-atollic-eabi-gcc -c -mthumb -mcpu=cortex-m4 -mfloat-abi=hard -mfpu=fpv4-sp-d16 -std=gnu11 -DSTM32F4XX -DSTM32F40XX -DUSE_STDPERIPH_DRIVER -I../src -I..\Libraries\CMSIS\Include -I..\Libraries\Device\STM32F4xx\Include -I..\Libraries\STM32F4xx_StdPeriph_Driver\inc -O0 -ffunction-sections -fdata-sections -g -Wall -o Libraries\STM32F4xx_StdPeriph_Driver\src\stm32f4xx_dma.o ..\Libraries\STM32F4xx_StdPeriph_Driver\src\stm32f4xx_dma.c 
arm-atollic-eabi-gcc -c -mthumb -mcpu=cortex-m4 -mfloat-abi=hard -mfpu=fpv4-sp-d16 -std=gnu11 -DSTM32F4XX -DSTM32F40XX -DUSE_STDPERIPH_DRIVER -I../src -I..\Libraries\CMSIS\Include -I..\Libraries\Device\STM32F4xx\Include -I..\Libraries\STM32F4xx_StdPeriph_Driver\inc -O0 -ffunction-sections -fdata-sections -g -Wall -o Libraries\STM32F4xx_StdPeriph_Driver\src\stm32f4xx_fsmc.o ..\Libraries\STM32F4xx_StdPeriph_Driver\src\stm32f4xx_fsmc.c 
arm-atollic-eabi-gcc -c -mthumb -mcpu=cortex-m4 -mfloat-abi=hard -mfpu=fpv4-sp-d16 -std=gnu11 -DSTM32F4XX -DSTM32F40XX -DUSE_STDPERIPH_DRIVER -I../src -I..\Libraries\CMSIS\Include -I..\Libraries\Device\STM32F4xx\Include -I..\Libraries\STM32F4xx_StdPeriph_Driver\inc -O0 -ffunction-sections -fdata-sections -g -Wall -o Libraries\STM32F4xx_StdPeriph_Driver\src\stm32f4xx_adc.o ..\Libraries\STM32F4xx_StdPeriph_Driver\src\stm32f4xx_adc.c 
arm-atollic-eabi-gcc -c -mthumb -mcpu=cortex-m4 -mfloat-abi=hard -mfpu=fpv4-sp-d16 -std=gnu11 -DSTM32F4XX -DSTM32F40XX -DUSE_STDPERIPH_DRIVER -I../src -I..\Libraries\CMSIS\Include -I..\Libraries\Device\STM32F4xx\Include -I..\Libraries\STM32F4xx_StdPeriph_Driver\inc -O0 -ffunction-sections -fdata-sections -g -Wall -o Libraries\STM32F4xx_StdPeriph_Driver\src\stm32f4xx_cryp_tdes.o ..\Libraries\STM32F4xx_StdPeriph_Driver\src\stm32f4xx_cryp_tdes.c 
arm-atollic-eabi-gcc -c -mthumb -mcpu=cortex-m4 -mfloat-abi=hard -mfpu=fpv4-sp-d16 -std=gnu11 -DSTM32F4XX -DSTM32F40XX -DUSE_STDPERIPH_DRIVER -I../src -I..\Libraries\CMSIS\Include -I..\Libraries\Device\STM32F4xx\Include -I..\Libraries\STM32F4xx_StdPeriph_Driver\inc -O0 -ffunction-sections -fdata-sections -g -Wall -o Libraries\STM32F4xx_StdPeriph_Driver\src\stm32f4xx_rng.o ..\Libraries\STM32F4xx_StdPeriph_Driver\src\stm32f4xx_rng.c 
arm-atollic-eabi-gcc -c -mthumb -mcpu=cortex-m4 -mfloat-abi=hard -mfpu=fpv4-sp-d16 -std=gnu11 -DSTM32F4XX -DSTM32F40XX -DUSE_STDPERIPH_DRIVER -I../src -I..\Libraries\CMSIS\Include -I..\Libraries\Device\STM32F4xx\Include -I..\Libraries\STM32F4xx_StdPeriph_Driver\inc -O0 -ffunction-sections -fdata-sections -g -Wall -o Libraries\STM32F4xx_StdPeriph_Driver\src\stm32f4xx_dac.o ..\Libraries\STM32F4xx_StdPeriph_Driver\src\stm32f4xx_dac.c 
arm-atollic-eabi-gcc -c -mthumb -mcpu=cortex-m4 -mfloat-abi=hard -mfpu=fpv4-sp-d16 -g -Wa,--warn -x assembler-with-cpp -o src\startup_stm32f40xx.o ..\src\startup_stm32f40xx.s 
arm-atollic-eabi-gcc -c -mthumb -mcpu=cortex-m4 -mfloat-abi=hard -mfpu=fpv4-sp-d16 -std=gnu11 -DSTM32F4XX -DSTM32F40XX -DUSE_STDPERIPH_DRIVER -I../src -I..\Libraries\CMSIS\Include -I..\Libraries\Device\STM32F4xx\Include -I..\Libraries\STM32F4xx_StdPeriph_Driver\inc -O0 -ffunction-sections -fdata-sections -g -Wall -o Libraries\STM32F4xx_StdPeriph_Driver\src\stm32f4xx_rcc.o ..\Libraries\STM32F4xx_StdPeriph_Driver\src\stm32f4xx_rcc.c 
arm-atollic-eabi-gcc -c -mthumb -mcpu=cortex-m4 -mfloat-abi=hard -mfpu=fpv4-sp-d16 -std=gnu11 -DSTM32F4XX -DSTM32F40XX -DUSE_STDPERIPH_DRIVER -I../src -I..\Libraries\CMSIS\Include -I..\Libraries\Device\STM32F4xx\Include -I..\Libraries\STM32F4xx_StdPeriph_Driver\inc -O0 -ffunction-sections -fdata-sections -g -Wall -o src\main.o ..\src\main.c 
..\src\main.c: In function 'main':
..\src\main.c:53:7: warning: unused variable 'button' [-Wunused-variable]
   int button = 0;
       ^
arm-atollic-eabi-gcc Libraries\STM32F4xx_StdPeriph_Driver\src\misc.o Libraries\STM32F4xx_StdPeriph_Driver\src\stm32f4xx_adc.o Libraries\STM32F4xx_StdPeriph_Driver\src\stm32f4xx_can.o Libraries\STM32F4xx_StdPeriph_Driver\src\stm32f4xx_crc.o Libraries\STM32F4xx_StdPeriph_Driver\src\stm32f4xx_cryp.o Libraries\STM32F4xx_StdPeriph_Driver\src\stm32f4xx_cryp_aes.o Libraries\STM32F4xx_StdPeriph_Driver\src\stm32f4xx_cryp_des.o Libraries\STM32F4xx_StdPeriph_Driver\src\stm32f4xx_cryp_tdes.o Libraries\STM32F4xx_StdPeriph_Driver\src\stm32f4xx_dac.o Libraries\STM32F4xx_StdPeriph_Driver\src\stm32f4xx_dbgmcu.o Libraries\STM32F4xx_StdPeriph_Driver\src\stm32f4xx_dcmi.o Libraries\STM32F4xx_StdPeriph_Driver\src\stm32f4xx_dma.o Libraries\STM32F4xx_StdPeriph_Driver\src\stm32f4xx_exti.o Libraries\STM32F4xx_StdPeriph_Driver\src\stm32f4xx_flash.o Libraries\STM32F4xx_StdPeriph_Driver\src\stm32f4xx_fsmc.o Libraries\STM32F4xx_StdPeriph_Driver\src\stm32f4xx_gpio.o Libraries\STM32F4xx_StdPeriph_Driver\src\stm32f4xx_hash.o Libraries\STM32F4xx_StdPeriph_Driver\src\stm32f4xx_hash_md5.o Libraries\STM32F4xx_StdPeriph_Driver\src\stm32f4xx_hash_sha1.o Libraries\STM32F4xx_StdPeriph_Driver\src\stm32f4xx_i2c.o Libraries\STM32F4xx_StdPeriph_Driver\src\stm32f4xx_iwdg.o Libraries\STM32F4xx_StdPeriph_Driver\src\stm32f4xx_pwr.o Libraries\STM32F4xx_StdPeriph_Driver\src\stm32f4xx_rcc.o Libraries\STM32F4xx_StdPeriph_Driver\src\stm32f4xx_rng.o Libraries\STM32F4xx_StdPeriph_Driver\src\stm32f4xx_rtc.o Libraries\STM32F4xx_StdPeriph_Driver\src\stm32f4xx_sdio.o Libraries\STM32F4xx_StdPeriph_Driver\src\stm32f4xx_spi.o Libraries\STM32F4xx_StdPeriph_Driver\src\stm32f4xx_syscfg.o Libraries\STM32F4xx_StdPeriph_Driver\src\stm32f4xx_tim.o Libraries\STM32F4xx_StdPeriph_Driver\src\stm32f4xx_usart.o Libraries\STM32F4xx_StdPeriph_Driver\src\stm32f4xx_wwdg.o src\main.o src\startup_stm32f40xx.o src\stm32f4xx_it.o src\system_stm32f4xx.o -o F401_cv1.elf -mthumb -mcpu=cortex-m4 -mfloat-abi=hard -mfpu=fpv4-sp-d16 -T..\stm32f4_flash.ld -Wl,--start-group -lc -lm -Wl,--end-group -specs=nosys.specs -static -Wl,-cref,-u,Reset_Handler -Wl,-Map=F401_cv1.map -Wl,--gc-sections -Wl,--defsym=malloc_getpagesize_P=0x80 
src\stm32f4xx_it.o:(.bss.svieti+0x0): multiple definition of `svieti'
src\main.o:(.bss.svieti+0x0): first defined here
collect2.exe: error: ld returned 1 exit status
21:08:28 **** Incremental Build of configuration Debug for project F401_cv1 ****
Info: Internal Builder is used for build
arm-atollic-eabi-gcc Libraries\STM32F4xx_StdPeriph_Driver\src\misc.o Libraries\STM32F4xx_StdPeriph_Driver\src\stm32f4xx_adc.o Libraries\STM32F4xx_StdPeriph_Driver\src\stm32f4xx_can.o Libraries\STM32F4xx_StdPeriph_Driver\src\stm32f4xx_crc.o Libraries\STM32F4xx_StdPeriph_Driver\src\stm32f4xx_cryp.o Libraries\STM32F4xx_StdPeriph_Driver\src\stm32f4xx_cryp_aes.o Libraries\STM32F4xx_StdPeriph_Driver\src\stm32f4xx_cryp_des.o Libraries\STM32F4xx_StdPeriph_Driver\src\stm32f4xx_cryp_tdes.o Libraries\STM32F4xx_StdPeriph_Driver\src\stm32f4xx_dac.o Libraries\STM32F4xx_StdPeriph_Driver\src\stm32f4xx_dbgmcu.o Libraries\STM32F4xx_StdPeriph_Driver\src\stm32f4xx_dcmi.o Libraries\STM32F4xx_StdPeriph_Driver\src\stm32f4xx_dma.o Libraries\STM32F4xx_StdPeriph_Driver\src\stm32f4xx_exti.o Libraries\STM32F4xx_StdPeriph_Driver\src\stm32f4xx_flash.o Libraries\STM32F4xx_StdPeriph_Driver\src\stm32f4xx_fsmc.o Libraries\STM32F4xx_StdPeriph_Driver\src\stm32f4xx_gpio.o Libraries\STM32F4xx_StdPeriph_Driver\src\stm32f4xx_hash.o Libraries\STM32F4xx_StdPeriph_Driver\src\stm32f4xx_hash_md5.o Libraries\STM32F4xx_StdPeriph_Driver\src\stm32f4xx_hash_sha1.o Libraries\STM32F4xx_StdPeriph_Driver\src\stm32f4xx_i2c.o Libraries\STM32F4xx_StdPeriph_Driver\src\stm32f4xx_iwdg.o Libraries\STM32F4xx_StdPeriph_Driver\src\stm32f4xx_pwr.o Libraries\STM32F4xx_StdPeriph_Driver\src\stm32f4xx_rcc.o Libraries\STM32F4xx_StdPeriph_Driver\src\stm32f4xx_rng.o Libraries\STM32F4xx_StdPeriph_Driver\src\stm32f4xx_rtc.o Libraries\STM32F4xx_StdPeriph_Driver\src\stm32f4xx_sdio.o Libraries\STM32F4xx_StdPeriph_Driver\src\stm32f4xx_spi.o Libraries\STM32F4xx_StdPeriph_Driver\src\stm32f4xx_syscfg.o Libraries\STM32F4xx_StdPeriph_Driver\src\stm32f4xx_tim.o Libraries\STM32F4xx_StdPeriph_Driver\src\stm32f4xx_usart.o Libraries\STM32F4xx_StdPeriph_Driver\src\stm32f4xx_wwdg.o src\main.o src\startup_stm32f40xx.o src\stm32f4xx_it.o src\system_stm32f4xx.o -o F401_cv1.elf -mthumb -mcpu=cortex-m4 -mfloat-abi=hard -mfpu=fpv4-sp-d16 -T..\stm32f4_flash.ld -Wl,--start-group -lc -lm -Wl,--end-group -specs=nosys.specs -static -Wl,-cref,-u,Reset_Handler -Wl,-Map=F401_cv1.map -Wl,--gc-sections -Wl,--defsym=malloc_getpagesize_P=0x80 
src\stm32f4xx_it.o:(.bss.svieti+0x0): multiple definition of `svieti'
src\main.o:(.bss.svieti+0x0): first defined here
collect2.exe: error: ld returned 1 exit status
09:53:22 **** Rebuild of configuration Debug for project F401_cv2_druhy_pokus ****
Info: Internal Builder is used for build
arm-atollic-eabi-gcc -c -mthumb -mcpu=cortex-m4 -mfloat-abi=hard -mfpu=fpv4-sp-d16 -std=gnu11 -DSTM32F4XX -DSTM32F40XX -DUSE_STDPERIPH_DRIVER -I../src -I..\Libraries\CMSIS\Include -I..\Libraries\Device\STM32F4xx\Include -I..\Libraries\STM32F4xx_StdPeriph_Driver\inc -O0 -ffunction-sections -fdata-sections -g -Wall -o Libraries\STM32F4xx_StdPeriph_Driver\src\stm32f4xx_adc.o ..\Libraries\STM32F4xx_StdPeriph_Driver\src\stm32f4xx_adc.c 
arm-atollic-eabi-gcc -c -mthumb -mcpu=cortex-m4 -mfloat-abi=hard -mfpu=fpv4-sp-d16 -std=gnu11 -DSTM32F4XX -DSTM32F40XX -DUSE_STDPERIPH_DRIVER -I../src -I..\Libraries\CMSIS\Include -I..\Libraries\Device\STM32F4xx\Include -I..\Libraries\STM32F4xx_StdPeriph_Driver\inc -O0 -ffunction-sections -fdata-sections -g -Wall -o Libraries\STM32F4xx_StdPeriph_Driver\src\stm32f4xx_sdio.o ..\Libraries\STM32F4xx_StdPeriph_Driver\src\stm32f4xx_sdio.c 
arm-atollic-eabi-gcc -c -mthumb -mcpu=cortex-m4 -mfloat-abi=hard -mfpu=fpv4-sp-d16 -std=gnu11 -DSTM32F4XX -DSTM32F40XX -DUSE_STDPERIPH_DRIVER -I../src -I..\Libraries\CMSIS\Include -I..\Libraries\Device\STM32F4xx\Include -I..\Libraries\STM32F4xx_StdPeriph_Driver\inc -O0 -ffunction-sections -fdata-sections -g -Wall -o Libraries\STM32F4xx_StdPeriph_Driver\src\stm32f4xx_rtc.o ..\Libraries\STM32F4xx_StdPeriph_Driver\src\stm32f4xx_rtc.c 
arm-atollic-eabi-gcc -c -mthumb -mcpu=cortex-m4 -mfloat-abi=hard -mfpu=fpv4-sp-d16 -std=gnu11 -DSTM32F4XX -DSTM32F40XX -DUSE_STDPERIPH_DRIVER -I../src -I..\Libraries\CMSIS\Include -I..\Libraries\Device\STM32F4xx\Include -I..\Libraries\STM32F4xx_StdPeriph_Driver\inc -O0 -ffunction-sections -fdata-sections -g -Wall -o src\system_stm32f4xx.o ..\src\system_stm32f4xx.c 
arm-atollic-eabi-gcc -c -mthumb -mcpu=cortex-m4 -mfloat-abi=hard -mfpu=fpv4-sp-d16 -std=gnu11 -DSTM32F4XX -DSTM32F40XX -DUSE_STDPERIPH_DRIVER -I../src -I..\Libraries\CMSIS\Include -I..\Libraries\Device\STM32F4xx\Include -I..\Libraries\STM32F4xx_StdPeriph_Driver\inc -O0 -ffunction-sections -fdata-sections -g -Wall -o Libraries\STM32F4xx_StdPeriph_Driver\src\stm32f4xx_syscfg.o ..\Libraries\STM32F4xx_StdPeriph_Driver\src\stm32f4xx_syscfg.c 
arm-atollic-eabi-gcc -c -mthumb -mcpu=cortex-m4 -mfloat-abi=hard -mfpu=fpv4-sp-d16 -std=gnu11 -DSTM32F4XX -DSTM32F40XX -DUSE_STDPERIPH_DRIVER -I../src -I..\Libraries\CMSIS\Include -I..\Libraries\Device\STM32F4xx\Include -I..\Libraries\STM32F4xx_StdPeriph_Driver\inc -O0 -ffunction-sections -fdata-sections -g -Wall -o Libraries\STM32F4xx_StdPeriph_Driver\src\stm32f4xx_rng.o ..\Libraries\STM32F4xx_StdPeriph_Driver\src\stm32f4xx_rng.c 
arm-atollic-eabi-gcc -c -mthumb -mcpu=cortex-m4 -mfloat-abi=hard -mfpu=fpv4-sp-d16 -std=gnu11 -DSTM32F4XX -DSTM32F40XX -DUSE_STDPERIPH_DRIVER -I../src -I..\Libraries\CMSIS\Include -I..\Libraries\Device\STM32F4xx\Include -I..\Libraries\STM32F4xx_StdPeriph_Driver\inc -O0 -ffunction-sections -fdata-sections -g -Wall -o Libraries\STM32F4xx_StdPeriph_Driver\src\stm32f4xx_dma.o ..\Libraries\STM32F4xx_StdPeriph_Driver\src\stm32f4xx_dma.c 
arm-atollic-eabi-gcc -c -mthumb -mcpu=cortex-m4 -mfloat-abi=hard -mfpu=fpv4-sp-d16 -std=gnu11 -DSTM32F4XX -DSTM32F40XX -DUSE_STDPERIPH_DRIVER -I../src -I..\Libraries\CMSIS\Include -I..\Libraries\Device\STM32F4xx\Include -I..\Libraries\STM32F4xx_StdPeriph_Driver\inc -O0 -ffunction-sections -fdata-sections -g -Wall -o Libraries\STM32F4xx_StdPeriph_Driver\src\stm32f4xx_crc.o ..\Libraries\STM32F4xx_StdPeriph_Driver\src\stm32f4xx_crc.c 
arm-atollic-eabi-gcc -c -mthumb -mcpu=cortex-m4 -mfloat-abi=hard -mfpu=fpv4-sp-d16 -std=gnu11 -DSTM32F4XX -DSTM32F40XX -DUSE_STDPERIPH_DRIVER -I../src -I..\Libraries\CMSIS\Include -I..\Libraries\Device\STM32F4xx\Include -I..\Libraries\STM32F4xx_StdPeriph_Driver\inc -O0 -ffunction-sections -fdata-sections -g -Wall -o Libraries\STM32F4xx_StdPeriph_Driver\src\stm32f4xx_i2c.o ..\Libraries\STM32F4xx_StdPeriph_Driver\src\stm32f4xx_i2c.c 
arm-atollic-eabi-gcc -c -mthumb -mcpu=cortex-m4 -mfloat-abi=hard -mfpu=fpv4-sp-d16 -std=gnu11 -DSTM32F4XX -DSTM32F40XX -DUSE_STDPERIPH_DRIVER -I../src -I..\Libraries\CMSIS\Include -I..\Libraries\Device\STM32F4xx\Include -I..\Libraries\STM32F4xx_StdPeriph_Driver\inc -O0 -ffunction-sections -fdata-sections -g -Wall -o Libraries\STM32F4xx_StdPeriph_Driver\src\stm32f4xx_cryp_aes.o ..\Libraries\STM32F4xx_StdPeriph_Driver\src\stm32f4xx_cryp_aes.c 
arm-atollic-eabi-gcc -c -mthumb -mcpu=cortex-m4 -mfloat-abi=hard -mfpu=fpv4-sp-d16 -std=gnu11 -DSTM32F4XX -DSTM32F40XX -DUSE_STDPERIPH_DRIVER -I../src -I..\Libraries\CMSIS\Include -I..\Libraries\Device\STM32F4xx\Include -I..\Libraries\STM32F4xx_StdPeriph_Driver\inc -O0 -ffunction-sections -fdata-sections -g -Wall -o Libraries\STM32F4xx_StdPeriph_Driver\src\stm32f4xx_rcc.o ..\Libraries\STM32F4xx_StdPeriph_Driver\src\stm32f4xx_rcc.c 
arm-atollic-eabi-gcc -c -mthumb -mcpu=cortex-m4 -mfloat-abi=hard -mfpu=fpv4-sp-d16 -g -Wa,--warn -x assembler-with-cpp -o src\startup_stm32f40xx.o ..\src\startup_stm32f40xx.s 
arm-atollic-eabi-gcc -c -mthumb -mcpu=cortex-m4 -mfloat-abi=hard -mfpu=fpv4-sp-d16 -std=gnu11 -DSTM32F4XX -DSTM32F40XX -DUSE_STDPERIPH_DRIVER -I../src -I..\Libraries\CMSIS\Include -I..\Libraries\Device\STM32F4xx\Include -I..\Libraries\STM32F4xx_StdPeriph_Driver\inc -O0 -ffunction-sections -fdata-sections -g -Wall -o src\tiny_printf.o ..\src\tiny_printf.c 
arm-atollic-eabi-gcc -c -mthumb -mcpu=cortex-m4 -mfloat-abi=hard -mfpu=fpv4-sp-d16 -std=gnu11 -DSTM32F4XX -DSTM32F40XX -DUSE_STDPERIPH_DRIVER -I../src -I..\Libraries\CMSIS\Include -I..\Libraries\Device\STM32F4xx\Include -I..\Libraries\STM32F4xx_StdPeriph_Driver\inc -O0 -ffunction-sections -fdata-sections -g -Wall -o Libraries\STM32F4xx_StdPeriph_Driver\src\stm32f4xx_gpio.o ..\Libraries\STM32F4xx_StdPeriph_Driver\src\stm32f4xx_gpio.c 
arm-atollic-eabi-gcc -c -mthumb -mcpu=cortex-m4 -mfloat-abi=hard -mfpu=fpv4-sp-d16 -std=gnu11 -DSTM32F4XX -DSTM32F40XX -DUSE_STDPERIPH_DRIVER -I../src -I..\Libraries\CMSIS\Include -I..\Libraries\Device\STM32F4xx\Include -I..\Libraries\STM32F4xx_StdPeriph_Driver\inc -O0 -ffunction-sections -fdata-sections -g -Wall -o Libraries\STM32F4xx_StdPeriph_Driver\src\stm32f4xx_cryp.o ..\Libraries\STM32F4xx_StdPeriph_Driver\src\stm32f4xx_cryp.c 
arm-atollic-eabi-gcc -c -mthumb -mcpu=cortex-m4 -mfloat-abi=hard -mfpu=fpv4-sp-d16 -std=gnu11 -DSTM32F4XX -DSTM32F40XX -DUSE_STDPERIPH_DRIVER -I../src -I..\Libraries\CMSIS\Include -I..\Libraries\Device\STM32F4xx\Include -I..\Libraries\STM32F4xx_StdPeriph_Driver\inc -O0 -ffunction-sections -fdata-sections -g -Wall -o src\main.o ..\src\main.c 
arm-atollic-eabi-gcc -c -mthumb -mcpu=cortex-m4 -mfloat-abi=hard -mfpu=fpv4-sp-d16 -std=gnu11 -DSTM32F4XX -DSTM32F40XX -DUSE_STDPERIPH_DRIVER -I../src -I..\Libraries\CMSIS\Include -I..\Libraries\Device\STM32F4xx\Include -I..\Libraries\STM32F4xx_StdPeriph_Driver\inc -O0 -ffunction-sections -fdata-sections -g -Wall -o Libraries\STM32F4xx_StdPeriph_Driver\src\stm32f4xx_cryp_des.o ..\Libraries\STM32F4xx_StdPeriph_Driver\src\stm32f4xx_cryp_des.c 
arm-atollic-eabi-gcc -c -mthumb -mcpu=cortex-m4 -mfloat-abi=hard -mfpu=fpv4-sp-d16 -std=gnu11 -DSTM32F4XX -DSTM32F40XX -DUSE_STDPERIPH_DRIVER -I../src -I..\Libraries\CMSIS\Include -I..\Libraries\Device\STM32F4xx\Include -I..\Libraries\STM32F4xx_StdPeriph_Driver\inc -O0 -ffunction-sections -fdata-sections -g -Wall -o Libraries\STM32F4xx_StdPeriph_Driver\src\stm32f4xx_hash_sha1.o ..\Libraries\STM32F4xx_StdPeriph_Driver\src\stm32f4xx_hash_sha1.c 
arm-atollic-eabi-gcc -c -mthumb -mcpu=cortex-m4 -mfloat-abi=hard -mfpu=fpv4-sp-d16 -std=gnu11 -DSTM32F4XX -DSTM32F40XX -DUSE_STDPERIPH_DRIVER -I../src -I..\Libraries\CMSIS\Include -I..\Libraries\Device\STM32F4xx\Include -I..\Libraries\STM32F4xx_StdPeriph_Driver\inc -O0 -ffunction-sections -fdata-sections -g -Wall -o Libraries\STM32F4xx_StdPeriph_Driver\src\stm32f4xx_usart.o ..\Libraries\STM32F4xx_StdPeriph_Driver\src\stm32f4xx_usart.c 
arm-atollic-eabi-gcc -c -mthumb -mcpu=cortex-m4 -mfloat-abi=hard -mfpu=fpv4-sp-d16 -std=gnu11 -DSTM32F4XX -DSTM32F40XX -DUSE_STDPERIPH_DRIVER -I../src -I..\Libraries\CMSIS\Include -I..\Libraries\Device\STM32F4xx\Include -I..\Libraries\STM32F4xx_StdPeriph_Driver\inc -O0 -ffunction-sections -fdata-sections -g -Wall -o Libraries\STM32F4xx_StdPeriph_Driver\src\stm32f4xx_hash.o ..\Libraries\STM32F4xx_StdPeriph_Driver\src\stm32f4xx_hash.c 
arm-atollic-eabi-gcc -c -mthumb -mcpu=cortex-m4 -mfloat-abi=hard -mfpu=fpv4-sp-d16 -std=gnu11 -DSTM32F4XX -DSTM32F40XX -DUSE_STDPERIPH_DRIVER -I../src -I..\Libraries\CMSIS\Include -I..\Libraries\Device\STM32F4xx\Include -I..\Libraries\STM32F4xx_StdPeriph_Driver\inc -O0 -ffunction-sections -fdata-sections -g -Wall -o Libraries\STM32F4xx_StdPeriph_Driver\src\stm32f4xx_iwdg.o ..\Libraries\STM32F4xx_StdPeriph_Driver\src\stm32f4xx_iwdg.c 
arm-atollic-eabi-gcc -c -mthumb -mcpu=cortex-m4 -mfloat-abi=hard -mfpu=fpv4-sp-d16 -std=gnu11 -DSTM32F4XX -DSTM32F40XX -DUSE_STDPERIPH_DRIVER -I../src -I..\Libraries\CMSIS\Include -I..\Libraries\Device\STM32F4xx\Include -I..\Libraries\STM32F4xx_StdPeriph_Driver\inc -O0 -ffunction-sections -fdata-sections -g -Wall -o Libraries\STM32F4xx_StdPeriph_Driver\src\stm32f4xx_exti.o ..\Libraries\STM32F4xx_StdPeriph_Driver\src\stm32f4xx_exti.c 
arm-atollic-eabi-gcc -c -mthumb -mcpu=cortex-m4 -mfloat-abi=hard -mfpu=fpv4-sp-d16 -std=gnu11 -DSTM32F4XX -DSTM32F40XX -DUSE_STDPERIPH_DRIVER -I../src -I..\Libraries\CMSIS\Include -I..\Libraries\Device\STM32F4xx\Include -I..\Libraries\STM32F4xx_StdPeriph_Driver\inc -O0 -ffunction-sections -fdata-sections -g -Wall -o Libraries\STM32F4xx_StdPeriph_Driver\src\stm32f4xx_pwr.o ..\Libraries\STM32F4xx_StdPeriph_Driver\src\stm32f4xx_pwr.c 
arm-atollic-eabi-gcc -c -mthumb -mcpu=cortex-m4 -mfloat-abi=hard -mfpu=fpv4-sp-d16 -std=gnu11 -DSTM32F4XX -DSTM32F40XX -DUSE_STDPERIPH_DRIVER -I../src -I..\Libraries\CMSIS\Include -I..\Libraries\Device\STM32F4xx\Include -I..\Libraries\STM32F4xx_StdPeriph_Driver\inc -O0 -ffunction-sections -fdata-sections -g -Wall -o Libraries\STM32F4xx_StdPeriph_Driver\src\stm32f4xx_spi.o ..\Libraries\STM32F4xx_StdPeriph_Driver\src\stm32f4xx_spi.c 
arm-atollic-eabi-gcc -c -mthumb -mcpu=cortex-m4 -mfloat-abi=hard -mfpu=fpv4-sp-d16 -std=gnu11 -DSTM32F4XX -DSTM32F40XX -DUSE_STDPERIPH_DRIVER -I../src -I..\Libraries\CMSIS\Include -I..\Libraries\Device\STM32F4xx\Include -I..\Libraries\STM32F4xx_StdPeriph_Driver\inc -O0 -ffunction-sections -fdata-sections -g -Wall -o Libraries\STM32F4xx_StdPeriph_Driver\src\stm32f4xx_tim.o ..\Libraries\STM32F4xx_StdPeriph_Driver\src\stm32f4xx_tim.c 
arm-atollic-eabi-gcc -c -mthumb -mcpu=cortex-m4 -mfloat-abi=hard -mfpu=fpv4-sp-d16 -std=gnu11 -DSTM32F4XX -DSTM32F40XX -DUSE_STDPERIPH_DRIVER -I../src -I..\Libraries\CMSIS\Include -I..\Libraries\Device\STM32F4xx\Include -I..\Libraries\STM32F4xx_StdPeriph_Driver\inc -O0 -ffunction-sections -fdata-sections -g -Wall -o Libraries\STM32F4xx_StdPeriph_Driver\src\misc.o ..\Libraries\STM32F4xx_StdPeriph_Driver\src\misc.c 
arm-atollic-eabi-gcc -c -mthumb -mcpu=cortex-m4 -mfloat-abi=hard -mfpu=fpv4-sp-d16 -std=gnu11 -DSTM32F4XX -DSTM32F40XX -DUSE_STDPERIPH_DRIVER -I../src -I..\Libraries\CMSIS\Include -I..\Libraries\Device\STM32F4xx\Include -I..\Libraries\STM32F4xx_StdPeriph_Driver\inc -O0 -ffunction-sections -fdata-sections -g -Wall -o Libraries\STM32F4xx_StdPeriph_Driver\src\stm32f4xx_fsmc.o ..\Libraries\STM32F4xx_StdPeriph_Driver\src\stm32f4xx_fsmc.c 
[...]
C:\Program Files (x86)\Atollic\TrueSTUDIO for ARM 6.0.0\ide\jre\bin\java -jar C:\Program Files (x86)\Atollic\TrueSTUDIO for ARM 6.0.0\Tools\arm-atollic-reports.jar sizeinfo list L152_CV4.elf 
Generate build reports...
Print size information
   text	   data	    bss	    dec	    hex	filename
   1060	      8	   1052	   2120	    848	L152_CV4.elf
Print size information done
Generate listing file
Output sent to: L152_CV4.elf.list
Generate listing file done
Generate build reports done
Info: Nothing to build for F401_cv1
Info: Nothing to build for F401_cv4_EXTI_TEST
Info: Nothing to build for L152_CV2
Info: Nothing to build for L152_CV3
17:50:16 **** Incremental Build of configuration Debug for project L152_CV4 ****
Info: Internal Builder is used for build
arm-atollic-eabi-gcc -c -mthumb -mcpu=cortex-m3 -std=gnu11 -DSTM32L1XX_HD -DUSE_STDPERIPH_DRIVER -I../src -I..\Libraries\STM32L1xx_StdPeriph_Driver\inc -I..\Libraries\CMSIS\Include -I..\Libraries\CMSIS\Device\ST\STM32L1xx\Include -O0 -ffunction-sections -fdata-sections -g -Wall -o src\main.o ..\src\main.c 
arm-atollic-eabi-gcc -c -mthumb -mcpu=cortex-m3 -std=gnu11 -DSTM32L1XX_HD -DUSE_STDPERIPH_DRIVER -I../src -I..\Libraries\STM32L1xx_StdPeriph_Driver\inc -I..\Libraries\CMSIS\Include -I..\Libraries\CMSIS\Device\ST\STM32L1xx\Include -O0 -ffunction-sections -fdata-sections -g -Wall -o src\main_functions.o ..\src\main_functions.c 
arm-atollic-eabi-gcc Libraries\STM32L1xx_StdPeriph_Driver\src\misc.o Libraries\STM32L1xx_StdPeriph_Driver\src\stm32l1xx_adc.o Libraries\STM32L1xx_StdPeriph_Driver\src\stm32l1xx_aes.o Libraries\STM32L1xx_StdPeriph_Driver\src\stm32l1xx_aes_util.o Libraries\STM32L1xx_StdPeriph_Driver\src\stm32l1xx_comp.o Libraries\STM32L1xx_StdPeriph_Driver\src\stm32l1xx_crc.o Libraries\STM32L1xx_StdPeriph_Driver\src\stm32l1xx_dac.o Libraries\STM32L1xx_StdPeriph_Driver\src\stm32l1xx_dbgmcu.o Libraries\STM32L1xx_StdPeriph_Driver\src\stm32l1xx_dma.o Libraries\STM32L1xx_StdPeriph_Driver\src\stm32l1xx_exti.o Libraries\STM32L1xx_StdPeriph_Driver\src\stm32l1xx_flash.o Libraries\STM32L1xx_StdPeriph_Driver\src\stm32l1xx_flash_ramfunc.o Libraries\STM32L1xx_StdPeriph_Driver\src\stm32l1xx_fsmc.o Libraries\STM32L1xx_StdPeriph_Driver\src\stm32l1xx_gpio.o Libraries\STM32L1xx_StdPeriph_Driver\src\stm32l1xx_i2c.o Libraries\STM32L1xx_StdPeriph_Driver\src\stm32l1xx_iwdg.o Libraries\STM32L1xx_StdPeriph_Driver\src\stm32l1xx_lcd.o Libraries\STM32L1xx_StdPeriph_Driver\src\stm32l1xx_opamp.o Libraries\STM32L1xx_StdPeriph_Driver\src\stm32l1xx_pwr.o Libraries\STM32L1xx_StdPeriph_Driver\src\stm32l1xx_rcc.o Libraries\STM32L1xx_StdPeriph_Driver\src\stm32l1xx_rtc.o Libraries\STM32L1xx_StdPeriph_Driver\src\stm32l1xx_sdio.o Libraries\STM32L1xx_StdPeriph_Driver\src\stm32l1xx_spi.o Libraries\STM32L1xx_StdPeriph_Driver\src\stm32l1xx_syscfg.o Libraries\STM32L1xx_StdPeriph_Driver\src\stm32l1xx_tim.o Libraries\STM32L1xx_StdPeriph_Driver\src\stm32l1xx_usart.o Libraries\STM32L1xx_StdPeriph_Driver\src\stm32l1xx_wwdg.o src\main.o src\main_functions.o src\startup_stm32l1xx_hd.o src\stm32l1xx_it.o src\system_stm32l1xx.o src\tiny_printf.o -o L152_CV4.elf -mthumb -mcpu=cortex-m3 -T..\stm32_flash.ld -Wl,--start-group -lc -lm -Wl,--end-group -specs=nano.specs -specs=nosys.specs -static -Wl,-cref,-u,Reset_Handler -Wl,-Map=L152_CV4.map -Wl,--gc-sections -Wl,--defsym=malloc_getpagesize_P=0x80 
C:\Program Files (x86)\Atollic\TrueSTUDIO for ARM 6.0.0\ide\jre\bin\java -jar C:\Program Files (x86)\Atollic\TrueSTUDIO for ARM 6.0.0\Tools\arm-atollic-reports.jar sizeinfo list L152_CV4.elf 
Generate build reports...
Print size information
   text	   data	    bss	    dec	    hex	filename
   1060	      8	   1052	   2120	    848	L152_CV4.elf
Print size information done
Generate listing file
Output sent to: L152_CV4.elf.list
Generate listing file done
Generate build reports done
Info: Nothing to build for F401_cv1
Info: Nothing to build for F401_cv4_EXTI_TEST
Info: Nothing to build for L152_CV2
Info: Nothing to build for L152_CV3
17:50:40 **** Incremental Build of configuration Debug for project L152_CV4 ****
Info: Internal Builder is used for build
arm-atollic-eabi-gcc -c -mthumb -mcpu=cortex-m3 -std=gnu11 -DSTM32L1XX_HD -DUSE_STDPERIPH_DRIVER -I../src -I..\Libraries\STM32L1xx_StdPeriph_Driver\inc -I..\Libraries\CMSIS\Include -I..\Libraries\CMSIS\Device\ST\STM32L1xx\Include -O0 -ffunction-sections -fdata-sections -g -Wall -o src\main_functions.o ..\src\main_functions.c 
arm-atollic-eabi-gcc -c -mthumb -mcpu=cortex-m3 -std=gnu11 -DSTM32L1XX_HD -DUSE_STDPERIPH_DRIVER -I../src -I..\Libraries\STM32L1xx_StdPeriph_Driver\inc -I..\Libraries\CMSIS\Include -I..\Libraries\CMSIS\Device\ST\STM32L1xx\Include -O0 -ffunction-sections -fdata-sections -g -Wall -o src\main.o ..\src\main.c 
arm-atollic-eabi-gcc Libraries\STM32L1xx_StdPeriph_Driver\src\misc.o Libraries\STM32L1xx_StdPeriph_Driver\src\stm32l1xx_adc.o Libraries\STM32L1xx_StdPeriph_Driver\src\stm32l1xx_aes.o Libraries\STM32L1xx_StdPeriph_Driver\src\stm32l1xx_aes_util.o Libraries\STM32L1xx_StdPeriph_Driver\src\stm32l1xx_comp.o Libraries\STM32L1xx_StdPeriph_Driver\src\stm32l1xx_crc.o Libraries\STM32L1xx_StdPeriph_Driver\src\stm32l1xx_dac.o Libraries\STM32L1xx_StdPeriph_Driver\src\stm32l1xx_dbgmcu.o Libraries\STM32L1xx_StdPeriph_Driver\src\stm32l1xx_dma.o Libraries\STM32L1xx_StdPeriph_Driver\src\stm32l1xx_exti.o Libraries\STM32L1xx_StdPeriph_Driver\src\stm32l1xx_flash.o Libraries\STM32L1xx_StdPeriph_Driver\src\stm32l1xx_flash_ramfunc.o Libraries\STM32L1xx_StdPeriph_Driver\src\stm32l1xx_fsmc.o Libraries\STM32L1xx_StdPeriph_Driver\src\stm32l1xx_gpio.o Libraries\STM32L1xx_StdPeriph_Driver\src\stm32l1xx_i2c.o Libraries\STM32L1xx_StdPeriph_Driver\src\stm32l1xx_iwdg.o Libraries\STM32L1xx_StdPeriph_Driver\src\stm32l1xx_lcd.o Libraries\STM32L1xx_StdPeriph_Driver\src\stm32l1xx_opamp.o Libraries\STM32L1xx_StdPeriph_Driver\src\stm32l1xx_pwr.o Libraries\STM32L1xx_StdPeriph_Driver\src\stm32l1xx_rcc.o Libraries\STM32L1xx_StdPeriph_Driver\src\stm32l1xx_rtc.o Libraries\STM32L1xx_StdPeriph_Driver\src\stm32l1xx_sdio.o Libraries\STM32L1xx_StdPeriph_Driver\src\stm32l1xx_spi.o Libraries\STM32L1xx_StdPeriph_Driver\src\stm32l1xx_syscfg.o Libraries\STM32L1xx_StdPeriph_Driver\src\stm32l1xx_tim.o Libraries\STM32L1xx_StdPeriph_Driver\src\stm32l1xx_usart.o Libraries\STM32L1xx_StdPeriph_Driver\src\stm32l1xx_wwdg.o src\main.o src\main_functions.o src\startup_stm32l1xx_hd.o src\stm32l1xx_it.o src\system_stm32l1xx.o src\tiny_printf.o -o L152_CV4.elf -mthumb -mcpu=cortex-m3 -T..\stm32_flash.ld -Wl,--start-group -lc -lm -Wl,--end-group -specs=nano.specs -specs=nosys.specs -static -Wl,-cref,-u,Reset_Handler -Wl,-Map=L152_CV4.map -Wl,--gc-sections -Wl,--defsym=malloc_getpagesize_P=0x80 
C:\Program Files (x86)\Atollic\TrueSTUDIO for ARM 6.0.0\ide\jre\bin\java -jar C:\Program Files (x86)\Atollic\TrueSTUDIO for ARM 6.0.0\Tools\arm-atollic-reports.jar sizeinfo list L152_CV4.elf 
Generate build reports...
Print size information
   text	   data	    bss	    dec	    hex	filename
   1060	      8	   1052	   2120	    848	L152_CV4.elf
Print size information done
Generate listing file
Output sent to: L152_CV4.elf.list
Generate listing file done
Generate build reports done
Info: Nothing to build for F401_cv1
Info: Nothing to build for F401_cv4_EXTI_TEST
Info: Nothing to build for L152_CV2
Info: Nothing to build for L152_CV3
17:51:07 **** Incremental Build of configuration Debug for project L152_CV4 ****
Info: Internal Builder is used for build
arm-atollic-eabi-gcc -c -mthumb -mcpu=cortex-m3 -std=gnu11 -DSTM32L1XX_HD -DUSE_STDPERIPH_DRIVER -I../src -I..\Libraries\STM32L1xx_StdPeriph_Driver\inc -I..\Libraries\CMSIS\Include -I..\Libraries\CMSIS\Device\ST\STM32L1xx\Include -O0 -ffunction-sections -fdata-sections -g -Wall -o src\main.o ..\src\main.c 
arm-atollic-eabi-gcc Libraries\STM32L1xx_StdPeriph_Driver\src\misc.o Libraries\STM32L1xx_StdPeriph_Driver\src\stm32l1xx_adc.o Libraries\STM32L1xx_StdPeriph_Driver\src\stm32l1xx_aes.o Libraries\STM32L1xx_StdPeriph_Driver\src\stm32l1xx_aes_util.o Libraries\STM32L1xx_StdPeriph_Driver\src\stm32l1xx_comp.o Libraries\STM32L1xx_StdPeriph_Driver\src\stm32l1xx_crc.o Libraries\STM32L1xx_StdPeriph_Driver\src\stm32l1xx_dac.o Libraries\STM32L1xx_StdPeriph_Driver\src\stm32l1xx_dbgmcu.o Libraries\STM32L1xx_StdPeriph_Driver\src\stm32l1xx_dma.o Libraries\STM32L1xx_StdPeriph_Driver\src\stm32l1xx_exti.o Libraries\STM32L1xx_StdPeriph_Driver\src\stm32l1xx_flash.o Libraries\STM32L1xx_StdPeriph_Driver\src\stm32l1xx_flash_ramfunc.o Libraries\STM32L1xx_StdPeriph_Driver\src\stm32l1xx_fsmc.o Libraries\STM32L1xx_StdPeriph_Driver\src\stm32l1xx_gpio.o Libraries\STM32L1xx_StdPeriph_Driver\src\stm32l1xx_i2c.o Libraries\STM32L1xx_StdPeriph_Driver\src\stm32l1xx_iwdg.o Libraries\STM32L1xx_StdPeriph_Driver\src\stm32l1xx_lcd.o Libraries\STM32L1xx_StdPeriph_Driver\src\stm32l1xx_opamp.o Libraries\STM32L1xx_StdPeriph_Driver\src\stm32l1xx_pwr.o Libraries\STM32L1xx_StdPeriph_Driver\src\stm32l1xx_rcc.o Libraries\STM32L1xx_StdPeriph_Driver\src\stm32l1xx_rtc.o Libraries\STM32L1xx_StdPeriph_Driver\src\stm32l1xx_sdio.o Libraries\STM32L1xx_StdPeriph_Driver\src\stm32l1xx_spi.o Libraries\STM32L1xx_StdPeriph_Driver\src\stm32l1xx_syscfg.o Libraries\STM32L1xx_StdPeriph_Driver\src\stm32l1xx_tim.o Libraries\STM32L1xx_StdPeriph_Driver\src\stm32l1xx_usart.o Libraries\STM32L1xx_StdPeriph_Driver\src\stm32l1xx_wwdg.o src\main.o src\main_functions.o src\startup_stm32l1xx_hd.o src\stm32l1xx_it.o src\system_stm32l1xx.o src\tiny_printf.o -o L152_CV4.elf -mthumb -mcpu=cortex-m3 -T..\stm32_flash.ld -Wl,--start-group -lc -lm -Wl,--end-group -specs=nano.specs -specs=nosys.specs -static -Wl,-cref,-u,Reset_Handler -Wl,-Map=L152_CV4.map -Wl,--gc-sections -Wl,--defsym=malloc_getpagesize_P=0x80 
C:\Program Files (x86)\Atollic\TrueSTUDIO for ARM 6.0.0\ide\jre\bin\java -jar C:\Program Files (x86)\Atollic\TrueSTUDIO for ARM 6.0.0\Tools\arm-atollic-reports.jar sizeinfo list L152_CV4.elf 
Generate build reports...
Print size information
   text	   data	    bss	    dec	    hex	filename
   3524	      8	   1052	   4584	   11e8	L152_CV4.elf
Print size information done
Generate listing file
Output sent to: L152_CV4.elf.list
Generate listing file done
Generate build reports done
Info: Nothing to build for F401_cv1
Info: Nothing to build for F401_cv4_EXTI_TEST
Info: Nothing to build for L152_CV2
Info: Nothing to build for L152_CV3
17:53:25 **** Incremental Build of configuration Debug for project L152_CV4 ****
Info: Internal Builder is used for build
arm-atollic-eabi-gcc -c -mthumb -mcpu=cortex-m3 -std=gnu11 -DSTM32L1XX_HD -DUSE_STDPERIPH_DRIVER -I../src -I..\Libraries\STM32L1xx_StdPeriph_Driver\inc -I..\Libraries\CMSIS\Include -I..\Libraries\CMSIS\Device\ST\STM32L1xx\Include -O0 -ffunction-sections -fdata-sections -g -Wall -o src\stm32l1xx_it.o ..\src\stm32l1xx_it.c 
arm-atollic-eabi-gcc -c -mthumb -mcpu=cortex-m3 -std=gnu11 -DSTM32L1XX_HD -DUSE_STDPERIPH_DRIVER -I../src -I..\Libraries\STM32L1xx_StdPeriph_Driver\inc -I..\Libraries\CMSIS\Include -I..\Libraries\CMSIS\Device\ST\STM32L1xx\Include -O0 -ffunction-sections -fdata-sections -g -Wall -o src\main.o ..\src\main.c 
arm-atollic-eabi-gcc Libraries\STM32L1xx_StdPeriph_Driver\src\misc.o Libraries\STM32L1xx_StdPeriph_Driver\src\stm32l1xx_adc.o Libraries\STM32L1xx_StdPeriph_Driver\src\stm32l1xx_aes.o Libraries\STM32L1xx_StdPeriph_Driver\src\stm32l1xx_aes_util.o Libraries\STM32L1xx_StdPeriph_Driver\src\stm32l1xx_comp.o Libraries\STM32L1xx_StdPeriph_Driver\src\stm32l1xx_crc.o Libraries\STM32L1xx_StdPeriph_Driver\src\stm32l1xx_dac.o Libraries\STM32L1xx_StdPeriph_Driver\src\stm32l1xx_dbgmcu.o Libraries\STM32L1xx_StdPeriph_Driver\src\stm32l1xx_dma.o Libraries\STM32L1xx_StdPeriph_Driver\src\stm32l1xx_exti.o Libraries\STM32L1xx_StdPeriph_Driver\src\stm32l1xx_flash.o Libraries\STM32L1xx_StdPeriph_Driver\src\stm32l1xx_flash_ramfunc.o Libraries\STM32L1xx_StdPeriph_Driver\src\stm32l1xx_fsmc.o Libraries\STM32L1xx_StdPeriph_Driver\src\stm32l1xx_gpio.o Libraries\STM32L1xx_StdPeriph_Driver\src\stm32l1xx_i2c.o Libraries\STM32L1xx_StdPeriph_Driver\src\stm32l1xx_iwdg.o Libraries\STM32L1xx_StdPeriph_Driver\src\stm32l1xx_lcd.o Libraries\STM32L1xx_StdPeriph_Driver\src\stm32l1xx_opamp.o Libraries\STM32L1xx_StdPeriph_Driver\src\stm32l1xx_pwr.o Libraries\STM32L1xx_StdPeriph_Driver\src\stm32l1xx_rcc.o Libraries\STM32L1xx_StdPeriph_Driver\src\stm32l1xx_rtc.o Libraries\STM32L1xx_StdPeriph_Driver\src\stm32l1xx_sdio.o Libraries\STM32L1xx_StdPeriph_Driver\src\stm32l1xx_spi.o Libraries\STM32L1xx_StdPeriph_Driver\src\stm32l1xx_syscfg.o Libraries\STM32L1xx_StdPeriph_Driver\src\stm32l1xx_tim.o Libraries\STM32L1xx_StdPeriph_Driver\src\stm32l1xx_usart.o Libraries\STM32L1xx_StdPeriph_Driver\src\stm32l1xx_wwdg.o src\main.o src\main_functions.o src\startup_stm32l1xx_hd.o src\stm32l1xx_it.o src\system_stm32l1xx.o src\tiny_printf.o -o L152_CV4.elf -mthumb -mcpu=cortex-m3 -T..\stm32_flash.ld -Wl,--start-group -lc -lm -Wl,--end-group -specs=nano.specs -specs=nosys.specs -static -Wl,-cref,-u,Reset_Handler -Wl,-Map=L152_CV4.map -Wl,--gc-sections -Wl,--defsym=malloc_getpagesize_P=0x80 
C:\Program Files (x86)\Atollic\TrueSTUDIO for ARM 6.0.0\ide\jre\bin\java -jar C:\Program Files (x86)\Atollic\TrueSTUDIO for ARM 6.0.0\Tools\arm-atollic-reports.jar sizeinfo list L152_CV4.elf 
Generate build reports...
Print size information
   text	   data	    bss	    dec	    hex	filename
   3964	      8	   1052	   5024	   13a0	L152_CV4.elf
Print size information done
Generate listing file
Output sent to: L152_CV4.elf.list
Generate listing file done
Generate build reports done
Info: Nothing to build for F401_cv1
Info: Nothing to build for F401_cv4_EXTI_TEST
Info: Nothing to build for L152_CV2
Info: Nothing to build for L152_CV3
17:53:44 **** Incremental Build of configuration Debug for project L152_CV4 ****
Info: Internal Builder is used for build
arm-atollic-eabi-gcc -c -mthumb -mcpu=cortex-m3 -std=gnu11 -DSTM32L1XX_HD -DUSE_STDPERIPH_DRIVER -I../src -I..\Libraries\STM32L1xx_StdPeriph_Driver\inc -I..\Libraries\CMSIS\Include -I..\Libraries\CMSIS\Device\ST\STM32L1xx\Include -O0 -ffunction-sections -fdata-sections -g -Wall -o src\stm32l1xx_it.o ..\src\stm32l1xx_it.c 
arm-atollic-eabi-gcc Libraries\STM32L1xx_StdPeriph_Driver\src\misc.o Libraries\STM32L1xx_StdPeriph_Driver\src\stm32l1xx_adc.o Libraries\STM32L1xx_StdPeriph_Driver\src\stm32l1xx_aes.o Libraries\STM32L1xx_StdPeriph_Driver\src\stm32l1xx_aes_util.o Libraries\STM32L1xx_StdPeriph_Driver\src\stm32l1xx_comp.o Libraries\STM32L1xx_StdPeriph_Driver\src\stm32l1xx_crc.o Libraries\STM32L1xx_StdPeriph_Driver\src\stm32l1xx_dac.o Libraries\STM32L1xx_StdPeriph_Driver\src\stm32l1xx_dbgmcu.o Libraries\STM32L1xx_StdPeriph_Driver\src\stm32l1xx_dma.o Libraries\STM32L1xx_StdPeriph_Driver\src\stm32l1xx_exti.o Libraries\STM32L1xx_StdPeriph_Driver\src\stm32l1xx_flash.o Libraries\STM32L1xx_StdPeriph_Driver\src\stm32l1xx_flash_ramfunc.o Libraries\STM32L1xx_StdPeriph_Driver\src\stm32l1xx_fsmc.o Libraries\STM32L1xx_StdPeriph_Driver\src\stm32l1xx_gpio.o Libraries\STM32L1xx_StdPeriph_Driver\src\stm32l1xx_i2c.o Libraries\STM32L1xx_StdPeriph_Driver\src\stm32l1xx_iwdg.o Libraries\STM32L1xx_StdPeriph_Driver\src\stm32l1xx_lcd.o Libraries\STM32L1xx_StdPeriph_Driver\src\stm32l1xx_opamp.o Libraries\STM32L1xx_StdPeriph_Driver\src\stm32l1xx_pwr.o Libraries\STM32L1xx_StdPeriph_Driver\src\stm32l1xx_rcc.o Libraries\STM32L1xx_StdPeriph_Driver\src\stm32l1xx_rtc.o Libraries\STM32L1xx_StdPeriph_Driver\src\stm32l1xx_sdio.o Libraries\STM32L1xx_StdPeriph_Driver\src\stm32l1xx_spi.o Libraries\STM32L1xx_StdPeriph_Driver\src\stm32l1xx_syscfg.o Libraries\STM32L1xx_StdPeriph_Driver\src\stm32l1xx_tim.o Libraries\STM32L1xx_StdPeriph_Driver\src\stm32l1xx_usart.o Libraries\STM32L1xx_StdPeriph_Driver\src\stm32l1xx_wwdg.o src\main.o src\main_functions.o src\startup_stm32l1xx_hd.o src\stm32l1xx_it.o src\system_stm32l1xx.o src\tiny_printf.o -o L152_CV4.elf -mthumb -mcpu=cortex-m3 -T..\stm32_flash.ld -Wl,--start-group -lc -lm -Wl,--end-group -specs=nano.specs -specs=nosys.specs -static -Wl,-cref,-u,Reset_Handler -Wl,-Map=L152_CV4.map -Wl,--gc-sections -Wl,--defsym=malloc_getpagesize_P=0x80 
C:\Program Files (x86)\Atollic\TrueSTUDIO for ARM 6.0.0\ide\jre\bin\java -jar C:\Program Files (x86)\Atollic\TrueSTUDIO for ARM 6.0.0\Tools\arm-atollic-reports.jar sizeinfo list L152_CV4.elf 
Generate build reports...
Print size information
   text	   data	    bss	    dec	    hex	filename
   3964	      8	   1052	   5024	   13a0	L152_CV4.elf
Print size information done
Generate listing file
Output sent to: L152_CV4.elf.list
Generate listing file done
Generate build reports done
Info: Nothing to build for F401_cv1
Info: Nothing to build for F401_cv4_EXTI_TEST
Info: Nothing to build for L152_CV2
Info: Nothing to build for L152_CV3
17:54:15 **** Incremental Build of configuration Debug for project L152_CV4 ****
Info: Internal Builder is used for build
arm-atollic-eabi-gcc -c -mthumb -mcpu=cortex-m3 -std=gnu11 -DSTM32L1XX_HD -DUSE_STDPERIPH_DRIVER -I../src -I..\Libraries\STM32L1xx_StdPeriph_Driver\inc -I..\Libraries\CMSIS\Include -I..\Libraries\CMSIS\Device\ST\STM32L1xx\Include -O0 -ffunction-sections -fdata-sections -g -Wall -o src\main.o ..\src\main.c 
arm-atollic-eabi-gcc Libraries\STM32L1xx_StdPeriph_Driver\src\misc.o Libraries\STM32L1xx_StdPeriph_Driver\src\stm32l1xx_adc.o Libraries\STM32L1xx_StdPeriph_Driver\src\stm32l1xx_aes.o Libraries\STM32L1xx_StdPeriph_Driver\src\stm32l1xx_aes_util.o Libraries\STM32L1xx_StdPeriph_Driver\src\stm32l1xx_comp.o Libraries\STM32L1xx_StdPeriph_Driver\src\stm32l1xx_crc.o Libraries\STM32L1xx_StdPeriph_Driver\src\stm32l1xx_dac.o Libraries\STM32L1xx_StdPeriph_Driver\src\stm32l1xx_dbgmcu.o Libraries\STM32L1xx_StdPeriph_Driver\src\stm32l1xx_dma.o Libraries\STM32L1xx_StdPeriph_Driver\src\stm32l1xx_exti.o Libraries\STM32L1xx_StdPeriph_Driver\src\stm32l1xx_flash.o Libraries\STM32L1xx_StdPeriph_Driver\src\stm32l1xx_flash_ramfunc.o Libraries\STM32L1xx_StdPeriph_Driver\src\stm32l1xx_fsmc.o Libraries\STM32L1xx_StdPeriph_Driver\src\stm32l1xx_gpio.o Libraries\STM32L1xx_StdPeriph_Driver\src\stm32l1xx_i2c.o Libraries\STM32L1xx_StdPeriph_Driver\src\stm32l1xx_iwdg.o Libraries\STM32L1xx_StdPeriph_Driver\src\stm32l1xx_lcd.o Libraries\STM32L1xx_StdPeriph_Driver\src\stm32l1xx_opamp.o Libraries\STM32L1xx_StdPeriph_Driver\src\stm32l1xx_pwr.o Libraries\STM32L1xx_StdPeriph_Driver\src\stm32l1xx_rcc.o Libraries\STM32L1xx_StdPeriph_Driver\src\stm32l1xx_rtc.o Libraries\STM32L1xx_StdPeriph_Driver\src\stm32l1xx_sdio.o Libraries\STM32L1xx_StdPeriph_Driver\src\stm32l1xx_spi.o Libraries\STM32L1xx_StdPeriph_Driver\src\stm32l1xx_syscfg.o Libraries\STM32L1xx_StdPeriph_Driver\src\stm32l1xx_tim.o Libraries\STM32L1xx_StdPeriph_Driver\src\stm32l1xx_usart.o Libraries\STM32L1xx_StdPeriph_Driver\src\stm32l1xx_wwdg.o src\main.o src\main_functions.o src\startup_stm32l1xx_hd.o src\stm32l1xx_it.o src\system_stm32l1xx.o src\tiny_printf.o -o L152_CV4.elf -mthumb -mcpu=cortex-m3 -T..\stm32_flash.ld -Wl,--start-group -lc -lm -Wl,--end-group -specs=nano.specs -specs=nosys.specs -static -Wl,-cref,-u,Reset_Handler -Wl,-Map=L152_CV4.map -Wl,--gc-sections -Wl,--defsym=malloc_getpagesize_P=0x80 
C:\Program Files (x86)\Atollic\TrueSTUDIO for ARM 6.0.0\ide\jre\bin\java -jar C:\Program Files (x86)\Atollic\TrueSTUDIO for ARM 6.0.0\Tools\arm-atollic-reports.jar sizeinfo list L152_CV4.elf 
Generate build reports...
Print size information
   text	   data	    bss	    dec	    hex	filename
   3964	      8	   1052	   5024	   13a0	L152_CV4.elf
Print size information done
Generate listing file
Output sent to: L152_CV4.elf.list
Generate listing file done
Generate build reports done
